Archive member included to satisfy reference by file (symbol)

c:/nxp/s32ds.3.5/s32ds/build_tools/gcc_v10.2/gcc-10.2-arm32-eabi/bin/../lib/gcc/arm-none-eabi/10.2.0/../../../../arm-none-eabi/lib/thumb/v7e-m+fp/hard\libc_nano.a(lib_a-memmove.o)
                              ./RTD/src/Siul2_Port_Ip.o (memmove)
c:/nxp/s32ds.3.5/s32ds/build_tools/gcc_v10.2/gcc-10.2-arm32-eabi/bin/../lib/gcc/arm-none-eabi/10.2.0/../../../../arm-none-eabi/lib/thumb/v7e-m+fp/hard\libc_nano.a(lib_a-memset.o)
                              ./Project_Settings/Startup_Code/startup.o (memset)

Discarded input sections

 .group         0x00000000        0xc ./Project_Settings/Startup_Code/exceptions.o
 .group         0x00000000        0xc ./Project_Settings/Startup_Code/exceptions.o
 .group         0x00000000        0xc ./Project_Settings/Startup_Code/exceptions.o
 .group         0x00000000        0xc ./Project_Settings/Startup_Code/exceptions.o
 .group         0x00000000        0xc ./Project_Settings/Startup_Code/exceptions.o
 .group         0x00000000        0xc ./Project_Settings/Startup_Code/exceptions.o
 .group         0x00000000        0xc ./Project_Settings/Startup_Code/exceptions.o
 .group         0x00000000        0xc ./Project_Settings/Startup_Code/exceptions.o
 .group         0x00000000        0xc ./Project_Settings/Startup_Code/exceptions.o
 .group         0x00000000        0xc ./Project_Settings/Startup_Code/exceptions.o
 .group         0x00000000        0xc ./Project_Settings/Startup_Code/exceptions.o
 .group         0x00000000        0xc ./Project_Settings/Startup_Code/exceptions.o
 .group         0x00000000        0xc ./Project_Settings/Startup_Code/exceptions.o
 .group         0x00000000        0xc ./Project_Settings/Startup_Code/exceptions.o
 .group         0x00000000        0xc ./Project_Settings/Startup_Code/exceptions.o
 .group         0x00000000        0xc ./Project_Settings/Startup_Code/exceptions.o
 .group         0x00000000        0xc ./Project_Settings/Startup_Code/exceptions.o
 .group         0x00000000        0xc ./Project_Settings/Startup_Code/exceptions.o
 .group         0x00000000        0xc ./Project_Settings/Startup_Code/exceptions.o
 .group         0x00000000        0xc ./Project_Settings/Startup_Code/exceptions.o
 .group         0x00000000        0xc ./Project_Settings/Startup_Code/exceptions.o
 .group         0x00000000        0xc ./Project_Settings/Startup_Code/exceptions.o
 .group         0x00000000        0xc ./Project_Settings/Startup_Code/exceptions.o
 .group         0x00000000        0xc ./Project_Settings/Startup_Code/exceptions.o
 .group         0x00000000        0xc ./Project_Settings/Startup_Code/exceptions.o
 .group         0x00000000        0xc ./Project_Settings/Startup_Code/exceptions.o
 .group         0x00000000        0xc ./Project_Settings/Startup_Code/nvic.o
 .group         0x00000000        0xc ./Project_Settings/Startup_Code/nvic.o
 .group         0x00000000        0xc ./Project_Settings/Startup_Code/nvic.o
 .group         0x00000000        0xc ./Project_Settings/Startup_Code/nvic.o
 .group         0x00000000        0xc ./Project_Settings/Startup_Code/nvic.o
 .group         0x00000000        0xc ./Project_Settings/Startup_Code/nvic.o
 .group         0x00000000        0xc ./Project_Settings/Startup_Code/nvic.o
 .group         0x00000000        0xc ./Project_Settings/Startup_Code/nvic.o
 .group         0x00000000        0xc ./Project_Settings/Startup_Code/nvic.o
 .group         0x00000000        0xc ./Project_Settings/Startup_Code/nvic.o
 .group         0x00000000        0xc ./Project_Settings/Startup_Code/nvic.o
 .group         0x00000000        0xc ./Project_Settings/Startup_Code/nvic.o
 .group         0x00000000        0xc ./Project_Settings/Startup_Code/nvic.o
 .group         0x00000000        0xc ./Project_Settings/Startup_Code/nvic.o
 .group         0x00000000        0xc ./Project_Settings/Startup_Code/nvic.o
 .group         0x00000000        0xc ./Project_Settings/Startup_Code/nvic.o
 .group         0x00000000        0xc ./Project_Settings/Startup_Code/nvic.o
 .group         0x00000000        0xc ./Project_Settings/Startup_Code/nvic.o
 .group         0x00000000        0xc ./Project_Settings/Startup_Code/nvic.o
 .group         0x00000000        0xc ./Project_Settings/Startup_Code/nvic.o
 .group         0x00000000        0xc ./Project_Settings/Startup_Code/nvic.o
 .group         0x00000000        0xc ./Project_Settings/Startup_Code/nvic.o
 .group         0x00000000        0xc ./Project_Settings/Startup_Code/nvic.o
 .group         0x00000000        0xc ./Project_Settings/Startup_Code/nvic.o
 .group         0x00000000        0xc ./Project_Settings/Startup_Code/nvic.o
 .group         0x00000000        0xc ./Project_Settings/Startup_Code/nvic.o
 .group         0x00000000        0xc ./Project_Settings/Startup_Code/nvic.o
 .group         0x00000000        0xc ./Project_Settings/Startup_Code/nvic.o
 .group         0x00000000        0xc ./Project_Settings/Startup_Code/nvic.o
[...]
Memory Configuration

Name             Origin             Length             Attributes
int_itcm         0x00000000         0x00008000
int_dtcm         0x20000000         0x0000f000
int_stack_dtcm   0x2000f000         0x00001000
int_sram         0x20400000         0x00010000
int_sram_no_cacheable 0x20410000         0x00005f00
int_sram_results 0x20415f00         0x00000100
int_sram_shareable 0x20416000         0x00002000
ram_rsvd2        0x20418000         0x00000000
*default*        0x00000000         0xffffffff

Linker script and memory map

LOAD ./Project_Settings/Startup_Code/Vector_Table.o
LOAD ./Project_Settings/Startup_Code/exceptions.o
LOAD ./Project_Settings/Startup_Code/nvic.o
LOAD ./Project_Settings/Startup_Code/startup.o
LOAD ./Project_Settings/Startup_Code/startup_cm7.o
LOAD ./Project_Settings/Startup_Code/system.o
LOAD ./RTD/src/Clock_Ip.o
LOAD ./RTD/src/Clock_Ip_Data.o
LOAD ./RTD/src/Clock_Ip_Divider.o
LOAD ./RTD/src/Clock_Ip_DividerTrigger.o
LOAD ./RTD/src/Clock_Ip_ExtOsc.o
LOAD ./RTD/src/Clock_Ip_FracDiv.o
LOAD ./RTD/src/Clock_Ip_Frequency.o
LOAD ./RTD/src/Clock_Ip_Gate.o
LOAD ./RTD/src/Clock_Ip_IntOsc.o
LOAD ./RTD/src/Clock_Ip_Irq.o
LOAD ./RTD/src/Clock_Ip_Monitor.o
LOAD ./RTD/src/Clock_Ip_Pll.o
LOAD ./RTD/src/Clock_Ip_ProgFreqSwitch.o
LOAD ./RTD/src/Clock_Ip_Selector.o
LOAD ./RTD/src/Clock_Ip_Specific.o
LOAD ./RTD/src/Det.o
LOAD ./RTD/src/Det_stub.o
LOAD ./RTD/src/Igf_Port_Ip.o
LOAD ./RTD/src/IntCtrl_Ip.o
LOAD ./RTD/src/OsIf_Interrupts.o
LOAD ./RTD/src/OsIf_Timer.o
LOAD ./RTD/src/OsIf_Timer_System.o
LOAD ./RTD/src/OsIf_Timer_System_Internal_Systick.o
LOAD ./RTD/src/Pit_Ip.o
LOAD ./RTD/src/SchM_Dio.o
LOAD ./RTD/src/SchM_Gpt.o
LOAD ./RTD/src/SchM_Mcu.o
LOAD ./RTD/src/SchM_Port.o
LOAD ./RTD/src/Siul2_Dio_Ip.o
LOAD ./RTD/src/Siul2_Port_Ip.o
LOAD ./RTD/src/Tspc_Port_Ip.o
LOAD ./board/Siul2_Port_Ip_Cfg.o
LOAD ./board/Tspc_Port_Ip_Cfg.o
LOAD ./generate/src/Clock_Ip_Cfg.o
LOAD ./generate/src/Igf_Port_Ip_Cfg.o
LOAD ./generate/src/IntCtrl_Ip_Cfg.o
LOAD ./generate/src/OsIf_Cfg.o
LOAD ./generate/src/Pit_Ip_PBcfg.o
LOAD ./src/main.o
LOAD c:/nxp/s32ds.3.5/s32ds/build_tools/gcc_v10.2/gcc-10.2-arm32-eabi/bin/../lib/gcc/arm-none-eabi/10.2.0/../../../../arm-none-eabi/lib/thumb/v7e-m+fp/hard\libc_nano.a
LOAD c:/nxp/s32ds.3.5/s32ds/build_tools/gcc_v10.2/gcc-10.2-arm32-eabi/bin/../lib/gcc/arm-none-eabi/10.2.0/../../../../arm-none-eabi/lib/thumb/v7e-m+fp/hard\libm.a
LOAD c:/nxp/s32ds.3.5/s32ds/build_tools/gcc_v10.2/gcc-10.2-arm32-eabi/bin/../lib/gcc/arm-none-eabi/10.2.0/thumb/v7e-m+fp/hard\libgcc.a
START GROUP
LOAD c:/nxp/s32ds.3.5/s32ds/build_tools/gcc_v10.2/gcc-10.2-arm32-eabi/bin/../lib/gcc/arm-none-eabi/10.2.0/thumb/v7e-m+fp/hard\libgcc.a
LOAD c:/nxp/s32ds.3.5/s32ds/build_tools/gcc_v10.2/gcc-10.2-arm32-eabi/bin/../lib/gcc/arm-none-eabi/10.2.0/../../../../arm-none-eabi/lib/thumb/v7e-m+fp/hard\libg_nano.a
LOAD c:/nxp/s32ds.3.5/s32ds/build_tools/gcc_v10.2/gcc-10.2-arm32-eabi/bin/../lib/gcc/arm-none-eabi/10.2.0/../../../../arm-none-eabi/lib/thumb/v7e-m+fp/hard\libc_nano.a
END GROUP
START GROUP
LOAD c:/nxp/s32ds.3.5/s32ds/build_tools/gcc_v10.2/gcc-10.2-arm32-eabi/bin/../lib/gcc/arm-none-eabi/10.2.0/thumb/v7e-m+fp/hard\libgcc.a
LOAD c:/nxp/s32ds.3.5/s32ds/build_tools/gcc_v10.2/gcc-10.2-arm32-eabi/bin/../lib/gcc/arm-none-eabi/10.2.0/../../../../arm-none-eabi/lib/thumb/v7e-m+fp/hard\libc_nano.a
LOAD c:/nxp/s32ds.3.5/s32ds/build_tools/gcc_v10.2/gcc-10.2-arm32-eabi/bin/../lib/gcc/arm-none-eabi/10.2.0/../../../../arm-none-eabi/lib/thumb/v7e-m+fp/hard\libnosys.a
END GROUP
START GROUP
LOAD c:/nxp/s32ds.3.5/s32ds/build_tools/gcc_v10.2/gcc-10.2-arm32-eabi/bin/../lib/gcc/arm-none-eabi/10.2.0/thumb/v7e-m+fp/hard\libgcc.a
LOAD c:/nxp/s32ds.3.5/s32ds/build_tools/gcc_v10.2/gcc-10.2-arm32-eabi/bin/../lib/gcc/arm-none-eabi/10.2.0/../../../../arm-none-eabi/lib/thumb/v7e-m+fp/hard\libc_nano.a
LOAD c:/nxp/s32ds.3.5/s32ds/build_tools/gcc_v10.2/gcc-10.2-arm32-eabi/bin/../lib/gcc/arm-none-eabi/10.2.0/../../../../arm-none-eabi/lib/thumb/v7e-m+fp/hard\libnosys.a
END GROUP
                0x00002000                HEAP_SIZE = DEFINED (__heap_size__)?__heap_size__:0x2000

.sram           0x20400000     0x6ba0
                0x20400000                . = ALIGN (0x4)
 *(.core_loop)
 .core_loop     0x20400000        0xc ./Project_Settings/Startup_Code/startup_cm7.o
                0x20400000                _core_loop
                0x2040000c                . = ALIGN (0x4)
 *(.startup)
 *fill*         0x2040000c        0x4 
 .startup       0x20400010      0x1dc ./Project_Settings/Startup_Code/startup_cm7.o
                0x20400010                Reset_Handler
                0x20400010                _start
                0x2040017c                MCAL_LTB_TRACE_OFF
                0x2040017e                _end_of_eunit_test
                0x204001ec                . = ALIGN (0x4)
 *(.text.startup)
 .text.startup  0x204001ec       0xa0 ./src/main.o
                0x204001ec                main
                0x2040028c                . = ALIGN (0x4)
 *(.text)
 .text          0x2040028c        0x0 ./Project_Settings/Startup_Code/Vector_Table.o
 .text          0x2040028c        0x0 ./Project_Settings/Startup_Code/exceptions.o
 .text          0x2040028c        0x0 ./Project_Settings/Startup_Code/nvic.o
 .text          0x2040028c        0x0 ./Project_Settings/Startup_Code/startup.o
 .text          0x2040028c        0x0 ./Project_Settings/Startup_Code/startup_cm7.o
 .text          0x2040028c       0x10 ./Project_Settings/Startup_Code/system.o
                0x2040028c                Sys_GetCoreID
 .text          0x2040029c        0x0 ./RTD/src/Clock_Ip.o
 .text          0x2040029c        0x0 ./RTD/src/Clock_Ip_Data.o
 .text          0x2040029c        0x0 ./RTD/src/Clock_Ip_Divider.o
 .text          0x2040029c        0x0 ./RTD/src/Clock_Ip_DividerTrigger.o
 .text          0x2040029c        0x0 ./RTD/src/Clock_Ip_ExtOsc.o
 .text          0x2040029c        0x0 ./RTD/src/Clock_Ip_FracDiv.o
 .text          0x2040029c        0x0 ./RTD/src/Clock_Ip_Frequency.o
 .text          0x2040029c        0x0 ./RTD/src/Clock_Ip_Gate.o
 .text          0x2040029c        0x0 ./RTD/src/Clock_Ip_IntOsc.o
 .text          0x2040029c        0x0 ./RTD/src/Clock_Ip_Irq.o
 .text          0x2040029c        0x0 ./RTD/src/Clock_Ip_Monitor.o
 .text          0x2040029c        0x0 ./RTD/src/Clock_Ip_Pll.o
 .text          0x2040029c        0x0 ./RTD/src/Clock_Ip_ProgFreqSwitch.o
 .text          0x2040029c        0x0 ./RTD/src/Clock_Ip_Selector.o
 .text          0x2040029c        0x0 ./RTD/src/Clock_Ip_Specific.o
 .text          0x2040029c        0x0 ./RTD/src/Det.o
 .text          0x2040029c        0x0 ./RTD/src/Det_stub.o
 .text          0x2040029c        0x0 ./RTD/src/Igf_Port_Ip.o
 .text          0x2040029c       0x14 ./RTD/src/IntCtrl_Ip.o
 .text          0x204002b0        0x0 ./RTD/src/OsIf_Interrupts.o
 .text          0x204002b0        0x0 ./RTD/src/OsIf_Timer.o
 .text          0x204002b0        0x0 ./RTD/src/OsIf_Timer_System.o
 .text          0x204002b0        0x0 ./RTD/src/OsIf_Timer_System_Internal_Systick.o
 .text          0x204002b0        0x0 ./RTD/src/Pit_Ip.o
 .text          0x204002b0        0x6 ./RTD/src/SchM_Dio.o
                0x204002b0                Dio_schm_read_msr
 .text          0x204002b6        0x6 ./RTD/src/SchM_Gpt.o
                0x204002b6                Gpt_schm_read_msr
 .text          0x204002bc        0x6 ./RTD/src/SchM_Mcu.o
                0x204002bc                Mcu_schm_read_msr
 .text          0x204002c2        0x6 ./RTD/src/SchM_Port.o
                0x204002c2                Port_schm_read_msr
 .text          0x204002c8       0x14 ./RTD/src/Siul2_Dio_Ip.o
 .text          0x204002dc       0x14 ./RTD/src/Siul2_Port_Ip.o
 .text          0x204002f0        0x0 ./RTD/src/Tspc_Port_Ip.o
 .text          0x204002f0        0x0 ./board/Siul2_Port_Ip_Cfg.o
 .text          0x204002f0        0x0 ./board/Tspc_Port_Ip_Cfg.o
 .text          0x204002f0        0x0 ./generate/src/Clock_Ip_Cfg.o
 .text          0x204002f0        0x0 ./generate/src/Igf_Port_Ip_Cfg.o
 .text          0x204002f0        0x0 ./generate/src/IntCtrl_Ip_Cfg.o
 .text          0x204002f0        0x0 ./generate/src/OsIf_Cfg.o
 .text          0x204002f0        0x0 ./generate/src/Pit_Ip_PBcfg.o
 .text          0x204002f0       0x10 ./src/main.o
                0x204002f0                Pit0_Ch0_Callback
 .text          0x20400300        0x0 c:/nxp/s32ds.3.5/s32ds/build_tools/gcc_v10.2/gcc-10.2-arm32-eabi/bin/../lib/gcc/arm-none-eabi/10.2.0/../../../../arm-none-eabi/lib/thumb/v7e-m+fp/hard\libc_nano.a(lib_a-memmove.o)
 .text          0x20400300        0x0 c:/nxp/s32ds.3.5/s32ds/build_tools/gcc_v10.2/gcc-10.2-arm32-eabi/bin/../lib/gcc/arm-none-eabi/10.2.0/../../../../arm-none-eabi/lib/thumb/v7e-m+fp/hard\libc_nano.a(lib_a-memset.o)
 *(.text*)
 .text.memmove  0x20400300       0x34 c:/nxp/s32ds.3.5/s32ds/build_tools/gcc_v10.2/gcc-10.2-arm32-eabi/bin/../lib/gcc/arm-none-eabi/10.2.0/../../../../arm-none-eabi/lib/thumb/v7e-m+fp/hard\libc_nano.a(lib_a-memmove.o)
                0x20400300                memmove
 .text.memset   0x20400334       0x10 c:/nxp/s32ds.3.5/s32ds/build_tools/gcc_v10.2/gcc-10.2-arm32-eabi/bin/../lib/gcc/arm-none-eabi/10.2.0/../../../../arm-none-eabi/lib/thumb/v7e-m+fp/hard\libc_nano.a(lib_a-memset.o)
                0x20400334                memset
                0x20400344                . = ALIGN (0x4)
 *(.mcal_text)
 .mcal_text     0x20400344       0x14 ./Project_Settings/Startup_Code/exceptions.o
                0x20400344                NMI_Handler
                0x20400346                HardFault_Handler
                0x20400348                MemManage_Handler
                0x2040034a                BusFault_Handler
                0x2040034c                UsageFault_Handler
                0x2040034e                SVC_Handler
                0x20400350                DebugMon_Handler
                0x20400352                PendSV_Handler
                0x20400354                SysTick_Handler
                0x20400356                undefined_handler
 .mcal_text     0x20400358       0x52 ./Project_Settings/Startup_Code/nvic.o
                0x20400358                NVIC_SetPriorityGrouping
                0x2040036c                NVIC_EnableIRQ
                0x20400384                NVIC_DisableIRQ
                0x2040039c                NVIC_SetPriority
 *fill*         0x204003aa        0x2 
 .mcal_text     0x204003ac       0xe8 ./Project_Settings/Startup_Code/startup.o
                0x204003ac                init_data_bss
                0x20400438                init_data_bss_core2
 .mcal_text     0x20400494      0x2ec ./Project_Settings/Startup_Code/system.o
                0x20400494                startup_go_to_user_mode
                0x20400496                default_interrupt_routine
                0x20400498                SystemInit
 .mcal_text     0x20400780      0x88c ./RTD/src/Clock_Ip.o
                0x20400782                Clock_Ip_InitClock
                0x20400d30                Clock_Ip_GetPllStatus
                0x20400dd4                Clock_Ip_DistributePll
                0x20400ec0                Clock_Ip_Init
                0x20400ee4                Clock_Ip_DisableClockMonitor
                0x20400f08                Clock_Ip_InstallNotificationsCallback
                0x20400f14                Clock_Ip_DisableModuleClock
                0x20400f3c                Clock_Ip_EnableModuleClock
                0x20400f64                Clock_Ip_DisableFircInStandby
                0x20400f7c                Clock_Ip_EnableFircInStandby
                0x20400f94                Clock_Ip_DisableSircInStandby
                0x20400fac                Clock_Ip_EnableSircInStandby
                0x20400fc4                Clock_Ip_ReportClockErrors
                0x20400fd0                Clock_Ip_StartTimeout
                0x20400ff0                Clock_Ip_TimeoutExpired
 .mcal_text     0x2040100c      0x120 ./RTD/src/Clock_Ip_Divider.o
 .mcal_text     0x2040112c       0x9c ./RTD/src/Clock_Ip_DividerTrigger.o
 .mcal_text     0x204011c8      0x1c4 ./RTD/src/Clock_Ip_ExtOsc.o
 .mcal_text     0x2040138c        0x6 ./RTD/src/Clock_Ip_FracDiv.o
 .mcal_text     0x20401392        0x2 ./RTD/src/Clock_Ip_Frequency.o
                0x20401392                Clock_Ip_SetExternalSignalFrequency
 .mcal_text     0x20401394      0x128 ./RTD/src/Clock_Ip_Gate.o
 .mcal_text     0x204014bc      0x104 ./RTD/src/Clock_Ip_IntOsc.o
 .mcal_text     0x204015c0        0x4 ./RTD/src/Clock_Ip_Irq.o
                0x204015c0                Mcu_Cmu_ClockFail_IRQHandler
 .mcal_text     0x204015c4      0x204 ./RTD/src/Clock_Ip_Monitor.o
                0x20401770                Clock_Ip_CMU_GetInterruptStatus
                0x20401784                Clock_Ip_CMU_ClockFailInt
 .mcal_text     0x204017c8      0x17c ./RTD/src/Clock_Ip_Pll.o
 .mcal_text     0x20401944      0x154 ./RTD/src/Clock_Ip_ProgFreqSwitch.o
 .mcal_text     0x20401a98      0x3dc ./RTD/src/Clock_Ip_Selector.o
                0x20401e48                Clock_Ip_SetRtcRtccClksel_TrustedCall
 .mcal_text     0x20401e74      0x2c8 ./RTD/src/Clock_Ip_Specific.o
                0x20401e74                Clock_Ip_McMeEnterKey
                0x20401e88                Clock_Ip_PowerClockIpModules
                0x20402088                DisableFircInStandbyMode
                0x20402098                EnableFircInStandbyMode
                0x204020b4                DisableSircInStandbyMode
                0x204020c4                EnableSircInStandbyMode
                0x204020e0                Clock_Ip_Command
                0x20402130                Clock_Ip_FLASH_SetFlashIWS
                0x20402134                Clock_Ip_SetFlashWaitStates
                0x20402138                Clock_Ip_SetRamWaitStates
 .mcal_text     0x2040213c       0xa4 ./RTD/src/Det.o
                0x2040213c                Det_Init
                0x2040213e                Det_ReportError
                0x20402174                Det_ReportRuntimeError
                0x204021a8                Det_ReportTransientFault
                0x204021dc                Det_Start
 .mcal_text     0x204021e0      0x21c ./RTD/src/Det_stub.o
                0x204021e0                Det_TestLastReportError
                0x20402248                Det_TestLastReportRuntimeError
                0x204022b0                Det_TestLastReportTransientFault
                0x20402318                Det_TestNoError
                0x20402364                Det_TestNoRuntimeError
                0x204023b0                Det_TestNoTransientFault
 .mcal_text     0x204023fc      0x278 ./RTD/src/IntCtrl_Ip.o
                0x204023fc                IntCtrl_Ip_InstallHandlerPrivileged
                0x20402450                IntCtrl_Ip_EnableIrqPrivileged
                0x20402480                IntCtrl_Ip_DisableIrqPrivileged
                0x204024b0                IntCtrl_Ip_SetPriorityPrivileged
                0x204024e8                IntCtrl_Ip_GetPriorityPrivileged
                0x20402510                IntCtrl_Ip_ClearPendingPrivileged
                0x20402540                IntCtrl_Ip_SetPendingPrivileged
                0x20402570                IntCtrl_Ip_GetPendingPrivileged
                0x204025a0                IntCtrl_Ip_GetActivePrivileged
                0x204025d0                IntCtrl_Ip_Init
                0x2040263c                IntCtrl_Ip_InstallHandler
                0x20402640                IntCtrl_Ip_EnableIrq
                0x20402644                IntCtrl_Ip_DisableIrq
                0x20402648                IntCtrl_Ip_SetPriority
                0x2040264c                IntCtrl_Ip_GetPriority
                0x20402650                IntCtrl_Ip_ClearPending
                0x20402654                IntCtrl_Ip_SetPending
                0x20402658                IntCtrl_Ip_GetPending
                0x20402666                IntCtrl_Ip_GetActive
 .mcal_text     0x20402674       0x1e ./RTD/src/OsIf_Timer.o
                0x20402674                OsIf_Init
                0x2040267c                OsIf_GetCounter
                0x20402680                OsIf_GetElapsed
                0x20402688                OsIf_SetTimerFrequency
                0x2040268a                OsIf_MicrosToTicks
 .mcal_text     0x20402692       0x42 ./RTD/src/OsIf_Timer_System_Internal_Systick.o
                0x20402692                OsIf_Timer_System_Internal_Init
                0x204026a8                OsIf_Timer_System_Internal_GetCounter
                0x204026b4                OsIf_Timer_System_Internal_GetElapsed
 .mcal_text     0x204026d4      0x30c ./RTD/src/Pit_Ip.o
                0x204026f0                Pit_Ip_GetLoadValue
                0x20402704                Pit_Ip_Init
                0x20402730                Pit_Ip_InitChannel
                0x204027a0                Pit_Ip_Deinit
                0x204027fc                Pit_Ip_StartChannel
                0x2040283c                Pit_Ip_StopChannel
                0x20402870                Pit_Ip_GetCurrentTimer
                0x20402888                Pit_Ip_EnableChannelInterrupt
                0x204028b8                Pit_Ip_DisableChannelInterrupt
                0x204028ec                Pit_Ip_SetLifetimeTimer
                0x20402958                Pit_Ip_GetLifetimeTimer
                0x2040296c                PIT_0_ISR
 .mcal_text     0x204029e0       0xc8 ./RTD/src/SchM_Dio.o
                0x204029e0                SchM_Enter_Dio_DIO_EXCLUSIVE_AREA_00
                0x20402a14                SchM_Exit_Dio_DIO_EXCLUSIVE_AREA_00
                0x20402a44                SchM_Enter_Dio_DIO_EXCLUSIVE_AREA_01
                0x20402a78                SchM_Exit_Dio_DIO_EXCLUSIVE_AREA_01
 .mcal_text     0x20402aa8     0x157c ./RTD/src/SchM_Gpt.o
                0x20402aa8                SchM_Enter_Gpt_GPT_EXCLUSIVE_AREA_00
                0x20402adc                SchM_Exit_Gpt_GPT_EXCLUSIVE_AREA_00
                0x20402b0c                SchM_Enter_Gpt_GPT_EXCLUSIVE_AREA_01
                0x20402b40                SchM_Exit_Gpt_GPT_EXCLUSIVE_AREA_01
                0x20402b70                SchM_Enter_Gpt_GPT_EXCLUSIVE_AREA_02
                0x20402ba4                SchM_Exit_Gpt_GPT_EXCLUSIVE_AREA_02
                0x20402bd4                SchM_Enter_Gpt_GPT_EXCLUSIVE_AREA_03
                0x20402c08                SchM_Exit_Gpt_GPT_EXCLUSIVE_AREA_03
                0x20402c38                SchM_Enter_Gpt_GPT_EXCLUSIVE_AREA_04
                0x20402c6c                SchM_Exit_Gpt_GPT_EXCLUSIVE_AREA_04
                0x20402c9c                SchM_Enter_Gpt_GPT_EXCLUSIVE_AREA_05
                0x20402cd0                SchM_Exit_Gpt_GPT_EXCLUSIVE_AREA_05
                0x20402d00                SchM_Enter_Gpt_GPT_EXCLUSIVE_AREA_06
                0x20402d34                SchM_Exit_Gpt_GPT_EXCLUSIVE_AREA_06
                0x20402d64                SchM_Enter_Gpt_GPT_EXCLUSIVE_AREA_07
                0x20402d98                SchM_Exit_Gpt_GPT_EXCLUSIVE_AREA_07
                0x20402dc8                SchM_Enter_Gpt_GPT_EXCLUSIVE_AREA_10
                0x20402dfc                SchM_Exit_Gpt_GPT_EXCLUSIVE_AREA_10
                0x20402e2c                SchM_Enter_Gpt_GPT_EXCLUSIVE_AREA_11
                0x20402e60                SchM_Exit_Gpt_GPT_EXCLUSIVE_AREA_11
                0x20402e90                SchM_Enter_Gpt_GPT_EXCLUSIVE_AREA_12
                0x20402ec4                SchM_Exit_Gpt_GPT_EXCLUSIVE_AREA_12
                0x20402ef4                SchM_Enter_Gpt_GPT_EXCLUSIVE_AREA_17
                0x20402f28                SchM_Exit_Gpt_GPT_EXCLUSIVE_AREA_17
                0x20402f58                SchM_Enter_Gpt_GPT_EXCLUSIVE_AREA_21
                0x20402f8c                SchM_Exit_Gpt_GPT_EXCLUSIVE_AREA_21
                0x20402fbc                SchM_Enter_Gpt_GPT_EXCLUSIVE_AREA_22
                0x20402ff0                SchM_Exit_Gpt_GPT_EXCLUSIVE_AREA_22
                0x20403020                SchM_Enter_Gpt_GPT_EXCLUSIVE_AREA_23
                0x20403054                SchM_Exit_Gpt_GPT_EXCLUSIVE_AREA_23
                0x20403084                SchM_Enter_Gpt_GPT_EXCLUSIVE_AREA_24
                0x204030b8                SchM_Exit_Gpt_GPT_EXCLUSIVE_AREA_24
                0x204030e8                SchM_Enter_Gpt_GPT_EXCLUSIVE_AREA_25
                0x2040311c                SchM_Exit_Gpt_GPT_EXCLUSIVE_AREA_25
                0x2040314c                SchM_Enter_Gpt_GPT_EXCLUSIVE_AREA_26
                0x20403180                SchM_Exit_Gpt_GPT_EXCLUSIVE_AREA_26
                0x204031b0                SchM_Enter_Gpt_GPT_EXCLUSIVE_AREA_27
                0x204031e4                SchM_Exit_Gpt_GPT_EXCLUSIVE_AREA_27
                0x20403214                SchM_Enter_Gpt_GPT_EXCLUSIVE_AREA_28
                0x20403248                SchM_Exit_Gpt_GPT_EXCLUSIVE_AREA_28
                0x20403278                SchM_Enter_Gpt_GPT_EXCLUSIVE_AREA_29
                0x204032ac                SchM_Exit_Gpt_GPT_EXCLUSIVE_AREA_29
                0x204032dc                SchM_Enter_Gpt_GPT_EXCLUSIVE_AREA_30
                0x20403310                SchM_Exit_Gpt_GPT_EXCLUSIVE_AREA_30
                0x20403340                SchM_Enter_Gpt_GPT_EXCLUSIVE_AREA_31
                0x20403374                SchM_Exit_Gpt_GPT_EXCLUSIVE_AREA_31
                0x204033a4                SchM_Enter_Gpt_GPT_EXCLUSIVE_AREA_35
                0x204033d8                SchM_Exit_Gpt_GPT_EXCLUSIVE_AREA_35
                0x20403408                SchM_Enter_Gpt_GPT_EXCLUSIVE_AREA_36
                0x2040343c                SchM_Exit_Gpt_GPT_EXCLUSIVE_AREA_36
                0x2040346c                SchM_Enter_Gpt_GPT_EXCLUSIVE_AREA_38
                0x204034a0                SchM_Exit_Gpt_GPT_EXCLUSIVE_AREA_38
                0x204034d0                SchM_Enter_Gpt_GPT_EXCLUSIVE_AREA_39
                0x20403504                SchM_Exit_Gpt_GPT_EXCLUSIVE_AREA_39
                0x20403534                SchM_Enter_Gpt_GPT_EXCLUSIVE_AREA_40
                0x20403568                SchM_Exit_Gpt_GPT_EXCLUSIVE_AREA_40
                0x20403598                SchM_Enter_Gpt_GPT_EXCLUSIVE_AREA_41
                0x204035cc                SchM_Exit_Gpt_GPT_EXCLUSIVE_AREA_41
                0x204035fc                SchM_Enter_Gpt_GPT_EXCLUSIVE_AREA_42
                0x20403630                SchM_Exit_Gpt_GPT_EXCLUSIVE_AREA_42
                0x20403660                SchM_Enter_Gpt_GPT_EXCLUSIVE_AREA_43
                0x20403694                SchM_Exit_Gpt_GPT_EXCLUSIVE_AREA_43
                0x204036c4                SchM_Enter_Gpt_GPT_EXCLUSIVE_AREA_44
                0x204036f8                SchM_Exit_Gpt_GPT_EXCLUSIVE_AREA_44
                0x20403728                SchM_Enter_Gpt_GPT_EXCLUSIVE_AREA_45
                0x2040375c                SchM_Exit_Gpt_GPT_EXCLUSIVE_AREA_45
                0x2040378c                SchM_Enter_Gpt_GPT_EXCLUSIVE_AREA_46
                0x204037c0                SchM_Exit_Gpt_GPT_EXCLUSIVE_AREA_46
                0x204037f0                SchM_Enter_Gpt_GPT_EXCLUSIVE_AREA_50
                0x20403824                SchM_Exit_Gpt_GPT_EXCLUSIVE_AREA_50
                0x20403854                SchM_Enter_Gpt_GPT_EXCLUSIVE_AREA_51
                0x20403888                SchM_Exit_Gpt_GPT_EXCLUSIVE_AREA_51
                0x204038b8                SchM_Enter_Gpt_GPT_EXCLUSIVE_AREA_52
                0x204038ec                SchM_Exit_Gpt_GPT_EXCLUSIVE_AREA_52
                0x2040391c                SchM_Enter_Gpt_GPT_EXCLUSIVE_AREA_53
                0x20403950                SchM_Exit_Gpt_GPT_EXCLUSIVE_AREA_53
                0x20403980                SchM_Enter_Gpt_GPT_EXCLUSIVE_AREA_54
                0x204039b4                SchM_Exit_Gpt_GPT_EXCLUSIVE_AREA_54
                0x204039e4                SchM_Enter_Gpt_GPT_EXCLUSIVE_AREA_55
                0x20403a18                SchM_Exit_Gpt_GPT_EXCLUSIVE_AREA_55
                0x20403a48                SchM_Enter_Gpt_GPT_EXCLUSIVE_AREA_56
                0x20403a7c                SchM_Exit_Gpt_GPT_EXCLUSIVE_AREA_56
                0x20403aac                SchM_Enter_Gpt_GPT_EXCLUSIVE_AREA_60
                0x20403ae0                SchM_Exit_Gpt_GPT_EXCLUSIVE_AREA_60
                0x20403b10                SchM_Enter_Gpt_GPT_EXCLUSIVE_AREA_61
                0x20403b44                SchM_Exit_Gpt_GPT_EXCLUSIVE_AREA_61
                0x20403b74                SchM_Enter_Gpt_GPT_EXCLUSIVE_AREA_62
                0x20403ba8                SchM_Exit_Gpt_GPT_EXCLUSIVE_AREA_62
                0x20403bd8                SchM_Enter_Gpt_GPT_EXCLUSIVE_AREA_63
                0x20403c0c                SchM_Exit_Gpt_GPT_EXCLUSIVE_AREA_63
                0x20403c3c                SchM_Enter_Gpt_GPT_EXCLUSIVE_AREA_64
                0x20403c70                SchM_Exit_Gpt_GPT_EXCLUSIVE_AREA_64
                0x20403ca0                SchM_Enter_Gpt_GPT_EXCLUSIVE_AREA_65
                0x20403cd4                SchM_Exit_Gpt_GPT_EXCLUSIVE_AREA_65
                0x20403d04                SchM_Enter_Gpt_GPT_EXCLUSIVE_AREA_66
                0x20403d38                SchM_Exit_Gpt_GPT_EXCLUSIVE_AREA_66
                0x20403d68                SchM_Enter_Gpt_GPT_EXCLUSIVE_AREA_67
                0x20403d9c                SchM_Exit_Gpt_GPT_EXCLUSIVE_AREA_67
                0x20403dcc                SchM_Enter_Gpt_GPT_EXCLUSIVE_AREA_68
                0x20403e00                SchM_Exit_Gpt_GPT_EXCLUSIVE_AREA_68
                0x20403e30                SchM_Enter_Gpt_GPT_EXCLUSIVE_AREA_69
                0x20403e64                SchM_Exit_Gpt_GPT_EXCLUSIVE_AREA_69
                0x20403e94                SchM_Enter_Gpt_GPT_EXCLUSIVE_AREA_70
                0x20403ec8                SchM_Exit_Gpt_GPT_EXCLUSIVE_AREA_70
                0x20403ef8                SchM_Enter_Gpt_GPT_EXCLUSIVE_AREA_71
                0x20403f2c                SchM_Exit_Gpt_GPT_EXCLUSIVE_AREA_71
                0x20403f5c                SchM_Enter_Gpt_GPT_EXCLUSIVE_AREA_72
                0x20403f90                SchM_Exit_Gpt_GPT_EXCLUSIVE_AREA_72
                0x20403fc0                SchM_Enter_Gpt_GPT_EXCLUSIVE_AREA_73
                0x20403ff4                SchM_Exit_Gpt_GPT_EXCLUSIVE_AREA_73
 .mcal_text     0x20404024      0x12c ./RTD/src/SchM_Mcu.o
                0x20404024                SchM_Enter_Mcu_MCU_EXCLUSIVE_AREA_00
                0x20404058                SchM_Exit_Mcu_MCU_EXCLUSIVE_AREA_00
                0x20404088                SchM_Enter_Mcu_MCU_EXCLUSIVE_AREA_01
                0x204040bc                SchM_Exit_Mcu_MCU_EXCLUSIVE_AREA_01
                0x204040ec                SchM_Enter_Mcu_MCU_EXCLUSIVE_AREA_02
                0x20404120                SchM_Exit_Mcu_MCU_EXCLUSIVE_AREA_02
 .mcal_text     0x20404150      0xaf0 ./RTD/src/SchM_Port.o
                0x20404150                SchM_Enter_Port_PORT_EXCLUSIVE_AREA_00
                0x20404184                SchM_Exit_Port_PORT_EXCLUSIVE_AREA_00
                0x204041b4                SchM_Enter_Port_PORT_EXCLUSIVE_AREA_01
                0x204041e8                SchM_Exit_Port_PORT_EXCLUSIVE_AREA_01
                0x20404218                SchM_Enter_Port_PORT_EXCLUSIVE_AREA_02
                0x2040424c                SchM_Exit_Port_PORT_EXCLUSIVE_AREA_02
                0x2040427c                SchM_Enter_Port_PORT_EXCLUSIVE_AREA_03
                0x204042b0                SchM_Exit_Port_PORT_EXCLUSIVE_AREA_03
                0x204042e0                SchM_Enter_Port_PORT_EXCLUSIVE_AREA_04
                0x20404314                SchM_Exit_Port_PORT_EXCLUSIVE_AREA_04
                0x20404344                SchM_Enter_Port_PORT_EXCLUSIVE_AREA_05
                0x20404378                SchM_Exit_Port_PORT_EXCLUSIVE_AREA_05
                0x204043a8                SchM_Enter_Port_PORT_EXCLUSIVE_AREA_06
                0x204043dc                SchM_Exit_Port_PORT_EXCLUSIVE_AREA_06
                0x2040440c                SchM_Enter_Port_PORT_EXCLUSIVE_AREA_07
                0x20404440                SchM_Exit_Port_PORT_EXCLUSIVE_AREA_07
                0x20404470                SchM_Enter_Port_PORT_EXCLUSIVE_AREA_08
                0x204044a4                SchM_Exit_Port_PORT_EXCLUSIVE_AREA_08
                0x204044d4                SchM_Enter_Port_PORT_EXCLUSIVE_AREA_09
                0x20404508                SchM_Exit_Port_PORT_EXCLUSIVE_AREA_09
                0x20404538                SchM_Enter_Port_PORT_EXCLUSIVE_AREA_10
                0x2040456c                SchM_Exit_Port_PORT_EXCLUSIVE_AREA_10
                0x2040459c                SchM_Enter_Port_PORT_EXCLUSIVE_AREA_11
                0x204045d0                SchM_Exit_Port_PORT_EXCLUSIVE_AREA_11
                0x20404600                SchM_Enter_Port_PORT_EXCLUSIVE_AREA_12
                0x20404634                SchM_Exit_Port_PORT_EXCLUSIVE_AREA_12
                0x20404664                SchM_Enter_Port_PORT_EXCLUSIVE_AREA_13
                0x20404698                SchM_Exit_Port_PORT_EXCLUSIVE_AREA_13
                0x204046c8                SchM_Enter_Port_PORT_EXCLUSIVE_AREA_14
                0x204046fc                SchM_Exit_Port_PORT_EXCLUSIVE_AREA_14
                0x2040472c                SchM_Enter_Port_PORT_EXCLUSIVE_AREA_15
                0x20404760                SchM_Exit_Port_PORT_EXCLUSIVE_AREA_15
                0x20404790                SchM_Enter_Port_PORT_EXCLUSIVE_AREA_16
                0x204047c4                SchM_Exit_Port_PORT_EXCLUSIVE_AREA_16
                0x204047f4                SchM_Enter_Port_PORT_EXCLUSIVE_AREA_17
                0x20404828                SchM_Exit_Port_PORT_EXCLUSIVE_AREA_17
                0x20404858                SchM_Enter_Port_PORT_EXCLUSIVE_AREA_18
                0x2040488c                SchM_Exit_Port_PORT_EXCLUSIVE_AREA_18
                0x204048bc                SchM_Enter_Port_PORT_EXCLUSIVE_AREA_19
                0x204048f0                SchM_Exit_Port_PORT_EXCLUSIVE_AREA_19
                0x20404920                SchM_Enter_Port_PORT_EXCLUSIVE_AREA_20
                0x20404954                SchM_Exit_Port_PORT_EXCLUSIVE_AREA_20
                0x20404984                SchM_Enter_Port_PORT_EXCLUSIVE_AREA_21
                0x204049b8                SchM_Exit_Port_PORT_EXCLUSIVE_AREA_21
                0x204049e8                SchM_Enter_Port_PORT_EXCLUSIVE_AREA_22
                0x20404a1c                SchM_Exit_Port_PORT_EXCLUSIVE_AREA_22
                0x20404a4c                SchM_Enter_Port_PORT_EXCLUSIVE_AREA_23
                0x20404a80                SchM_Exit_Port_PORT_EXCLUSIVE_AREA_23
                0x20404ab0                SchM_Enter_Port_PORT_EXCLUSIVE_AREA_24
                0x20404ae4                SchM_Exit_Port_PORT_EXCLUSIVE_AREA_24
                0x20404b14                SchM_Enter_Port_PORT_EXCLUSIVE_AREA_25
                0x20404b48                SchM_Exit_Port_PORT_EXCLUSIVE_AREA_25
                0x20404b78                SchM_Enter_Port_PORT_EXCLUSIVE_AREA_26
                0x20404bac                SchM_Exit_Port_PORT_EXCLUSIVE_AREA_26
                0x20404bdc                SchM_Enter_Port_PORT_EXCLUSIVE_AREA_27
                0x20404c10                SchM_Exit_Port_PORT_EXCLUSIVE_AREA_27
 .mcal_text     0x20404c40      0x190 ./RTD/src/Siul2_Dio_Ip.o
                0x20404c76                Siul2_Dio_Ip_WritePin
                0x20404cca                Siul2_Dio_Ip_WritePins
                0x20404ce2                Siul2_Dio_Ip_GetPinsOutput
                0x20404cfa                Siul2_Dio_Ip_SetPins
                0x20404d18                Siul2_Dio_Ip_ClearPins
                0x20404d38                Siul2_Dio_Ip_TogglePins
                0x20404d56                Siul2_Dio_Ip_ReadPins
                0x20404d70                Siul2_Dio_Ip_ReadPin
                0x20404da2                Siul2_Dio_Ip_MaskedWritePins
 .mcal_text     0x20404dd0      0x458 ./RTD/src/Siul2_Port_Ip.o
                0x20404f24                Siul2_Port_Ip_Init
                0x20404f54                Siul2_Port_Ip_SetPullSel
                0x20404fb0                Siul2_Port_Ip_SetOutputBuffer
                0x20405016                Siul2_Port_Ip_SetInputBuffer
                0x20405086                Siul2_Port_Ip_SetPinDirection
                0x204050fe                Siul2_Port_Ip_RevertPinConfiguration
                0x20405160                Siul2_Port_Ip_GetPinConfiguration
 .mcal_text     0x20405228       0xd0 ./RTD/src/Tspc_Port_Ip.o
                0x20405228                Tspc_Port_Ip_EnableObeGroup
                0x20405258                Tspc_Port_Ip_ConfigureObeGroup
                0x204052f8                . = ALIGN (0x4)
 *(.init)
                0x204052f8                . = ALIGN (0x4)
 *(.fini)
                0x204052f8                . = ALIGN (0x4)
 *(.rodata)
 .rodata        0x204052f8        0x3 ./RTD/src/Clock_Ip_IntOsc.o
 *fill*         0x204052fb        0x1 
 .rodata        0x204052fc        0x4 ./RTD/src/Siul2_Port_Ip.o
                0x204052fc                Port_au32Siul2BaseAddr
 *(.rodata*)
                0x20405300                . = ALIGN (0x4)
 *(.mcal_const_cfg)
 .mcal_const_cfg
                0x20405300      0x234 ./board/Siul2_Port_Ip_Cfg.o
                0x20405300                g_pin_mux_InitConfigArr0
 .mcal_const_cfg
                0x20405534      0x40c ./generate/src/Clock_Ip_Cfg.o
                0x20405534                Clock_Ip_aClockConfig
 .mcal_const_cfg
                0x20405940       0x12 ./generate/src/Pit_Ip_PBcfg.o
                0x20405940                PIT_0_ChannelConfig_PB
                0x20405950                PIT_0_InitConfig_PB
                0x20405954                . = ALIGN (0x4)
 *fill*         0x20405952        0x2 
 *(.mcal_const)
 .mcal_const    0x20405954      0xe94 ./RTD/src/Clock_Ip_Data.o
                0x20405954                Clock_Ip_axGateInfo
                0x2040602c                Clock_Ip_axFeatureExtensions
                0x2040624c                Clock_Ip_aeHwDfsName
                0x20406250                Clock_Ip_aeHwPllName
                0x20406254                Clock_Ip_aeSourceTypeClockName
                0x2040629c                Clock_Ip_apxMcMeTriggerPartitions
                0x204062ac                Clock_Ip_apxMcMeGetPartitions
                0x204062bc                Clock_Ip_apxMcMeSetPartitions
                0x204062cc                Clock_Ip_axCmuInfo
                0x2040633c                Clock_Ip_aeCmuNames
                0x20406358                Clock_Ip_apxCmu
                0x20406374                Clock_Ip_apxPll
                0x20406384                Clock_Ip_apxXosc
                0x2040638c                Clock_Ip_apxCgmPcfs
                0x20406390                Clock_Ip_apxCgm
                0x204063e0                Clock_Ip_au16SelectorEntryRtcHardwareValue
                0x20406404                Clock_Ip_au16SelectorEntryHardwareValue
                0x20406428                Clock_Ip_au8SoftwareMuxResetValue
                0x2040647f                Clock_Ip_au8ClockFeatures
                0x2040678e                Clock_Ip_au8CmuCallbackIndex
                0x20406797                Clock_Ip_au8PcfsCallbackIndex
                0x204067a0                Clock_Ip_au8SelectorCallbackIndex
                0x204067a9                Clock_Ip_au8PllCallbackIndex
                0x204067b2                Clock_Ip_au8FractionalDividerCallbackIndex
                0x204067bb                Clock_Ip_au8GateCallbackIndex
                0x204067c4                Clock_Ip_au8IrcoscCallbackIndex
                0x204067cd                Clock_Ip_au8XoscCallbackIndex
                0x204067d6                Clock_Ip_au8DividerTriggerCallbackIndex
                0x204067df                Clock_Ip_au8DividerCallbackIndex
 .mcal_const    0x204067e8       0x10 ./RTD/src/Clock_Ip_Divider.o
                0x204067e8                Clock_Ip_axDividerCallbacks
 .mcal_const    0x204067f8       0x10 ./RTD/src/Clock_Ip_DividerTrigger.o
                0x204067f8                Clock_Ip_axDividerTriggerCallbacks
 .mcal_const    0x20406808       0x3c ./RTD/src/Clock_Ip_ExtOsc.o
                0x20406808                Clock_Ip_axExtOscCallbacks
 .mcal_const    0x20406844        0xc ./RTD/src/Clock_Ip_FracDiv.o
                0x20406844                Clock_Ip_axFracDivCallbacks
 .mcal_const    0x20406850       0x10 ./RTD/src/Clock_Ip_Gate.o
                0x20406850                Clock_Ip_axGateCallbacks
 .mcal_const    0x20406860       0x30 ./RTD/src/Clock_Ip_IntOsc.o
                0x20406860                Clock_Ip_axIntOscCallbacks
 .mcal_const    0x20406890       0x20 ./RTD/src/Clock_Ip_Monitor.o
                0x20406890                Clock_Ip_axCmuCallbacks
 .mcal_const    0x204068b0       0x28 ./RTD/src/Clock_Ip_Pll.o
                0x204068b0                Clock_Ip_axPllCallbacks
 .mcal_const    0x204068d8        0x8 ./RTD/src/Clock_Ip_ProgFreqSwitch.o
                0x204068d8                Clock_Ip_axPcfsCallbacks
 .mcal_const    0x204068e0       0x28 ./RTD/src/Clock_Ip_Selector.o
                0x204068e0                Clock_Ip_axSelectorCallbacks
 .mcal_const    0x20406908        0x8 ./RTD/src/Pit_Ip.o
                0x20406908                pitBase
                0x20406910                . = ALIGN (0x4)
                0x20406910                __init_table = .
 *(.init_table)
 .init_table    0x20406910       0x4c ./Project_Settings/Startup_Code/startup_cm7.o
                0x2040695c                . = ALIGN (0x4)
                0x2040695c                __zero_table = .
 *(.zero_table)
 .zero_table    0x2040695c       0x1c ./Project_Settings/Startup_Code/startup_cm7.o
                0x20406978                . = ALIGN (0x4)
 *(.acmcu_code_rom)
                0x20406978                . = ALIGN (0x4)
 *(.ramcode)
 .ramcode       0x20406978       0x90 ./RTD/src/Clock_Ip_Specific.o
                0x20406a08                . = ALIGN (0x4)
 *(.data)
 .data          0x20406a08        0x0 ./Project_Settings/Startup_Code/Vector_Table.o
 .data          0x20406a08        0x0 ./Project_Settings/Startup_Code/exceptions.o
 .data          0x20406a08        0x0 ./Project_Settings/Startup_Code/nvic.o
 .data          0x20406a08        0x0 ./Project_Settings/Startup_Code/startup.o
 .data          0x20406a08        0x0 ./Project_Settings/Startup_Code/startup_cm7.o
 .data          0x20406a08        0x0 ./Project_Settings/Startup_Code/system.o
 .data          0x20406a08        0x4 ./RTD/src/Clock_Ip.o
 .data          0x20406a0c        0x0 ./RTD/src/Clock_Ip_Data.o
 .data          0x20406a0c        0x0 ./RTD/src/Clock_Ip_Divider.o
 .data          0x20406a0c        0x0 ./RTD/src/Clock_Ip_DividerTrigger.o
 .data          0x20406a0c        0x0 ./RTD/src/Clock_Ip_ExtOsc.o
 .data          0x20406a0c        0x0 ./RTD/src/Clock_Ip_FracDiv.o
 .data          0x20406a0c        0x0 ./RTD/src/Clock_Ip_Frequency.o
 .data          0x20406a0c        0x0 ./RTD/src/Clock_Ip_Gate.o
 .data          0x20406a0c        0x0 ./RTD/src/Clock_Ip_IntOsc.o
 .data          0x20406a0c        0x0 ./RTD/src/Clock_Ip_Irq.o
 .data          0x20406a0c        0x0 ./RTD/src/Clock_Ip_Monitor.o
 .data          0x20406a0c        0x0 ./RTD/src/Clock_Ip_Pll.o
 .data          0x20406a0c        0x0 ./RTD/src/Clock_Ip_ProgFreqSwitch.o
 .data          0x20406a0c        0x0 ./RTD/src/Clock_Ip_Selector.o
 .data          0x20406a0c        0x0 ./RTD/src/Clock_Ip_Specific.o
 .data          0x20406a0c        0x0 ./RTD/src/Det.o
 .data          0x20406a0c        0x0 ./RTD/src/Det_stub.o
 .data          0x20406a0c        0x0 ./RTD/src/Igf_Port_Ip.o
 .data          0x20406a0c        0x0 ./RTD/src/IntCtrl_Ip.o
 .data          0x20406a0c        0x0 ./RTD/src/OsIf_Interrupts.o
 .data          0x20406a0c        0x0 ./RTD/src/OsIf_Timer.o
 .data          0x20406a0c        0x0 ./RTD/src/OsIf_Timer_System.o
 .data          0x20406a0c        0x0 ./RTD/src/OsIf_Timer_System_Internal_Systick.o
 .data          0x20406a0c        0x0 ./RTD/src/Pit_Ip.o
 .data          0x20406a0c        0x0 ./RTD/src/SchM_Dio.o
 .data          0x20406a0c        0x0 ./RTD/src/SchM_Gpt.o
 .data          0x20406a0c        0x0 ./RTD/src/SchM_Mcu.o
 .data          0x20406a0c        0x0 ./RTD/src/SchM_Port.o
 .data          0x20406a0c        0x0 ./RTD/src/Siul2_Dio_Ip.o
 .data          0x20406a0c        0x0 ./RTD/src/Siul2_Port_Ip.o
 .data          0x20406a0c        0x0 ./RTD/src/Tspc_Port_Ip.o
 .data          0x20406a0c        0x0 ./board/Siul2_Port_Ip_Cfg.o
 .data          0x20406a0c        0x0 ./board/Tspc_Port_Ip_Cfg.o
 .data          0x20406a0c        0x0 ./generate/src/Clock_Ip_Cfg.o
 .data          0x20406a0c        0x0 ./generate/src/Igf_Port_Ip_Cfg.o
 .data          0x20406a0c        0x0 ./generate/src/IntCtrl_Ip_Cfg.o
 .data          0x20406a0c        0x0 ./generate/src/OsIf_Cfg.o
 .data          0x20406a0c        0x0 ./generate/src/Pit_Ip_PBcfg.o
 .data          0x20406a0c        0x0 ./src/main.o
 .data          0x20406a0c        0x0 c:/nxp/s32ds.3.5/s32ds/build_tools/gcc_v10.2/gcc-10.2-arm32-eabi/bin/../lib/gcc/arm-none-eabi/10.2.0/../../../../arm-none-eabi/lib/thumb/v7e-m+fp/hard\libc_nano.a(lib_a-memmove.o)
 .data          0x20406a0c        0x0 c:/nxp/s32ds.3.5/s32ds/build_tools/gcc_v10.2/gcc-10.2-arm32-eabi/bin/../lib/gcc/arm-none-eabi/10.2.0/../../../../arm-none-eabi/lib/thumb/v7e-m+fp/hard\libc_nano.a(lib_a-memset.o)
 *(.data*)
                0x20406a0c                . = ALIGN (0x4)
 *(.mcal_data)
 .mcal_data     0x20406a0c        0x4 ./RTD/src/Siul2_Dio_Ip.o
                0x20406a0c                Siul2_Dio_Ip_au32BaseAdresses
                0x20406a10                . = ALIGN (0x10)
                0x20406a10                __sram_bss_start = .
 *(.bss)
 .bss           0x20406a10        0x0 ./Project_Settings/Startup_Code/Vector_Table.o
 .bss           0x20406a10        0x0 ./Project_Settings/Startup_Code/exceptions.o
 .bss           0x20406a10        0x0 ./Project_Settings/Startup_Code/nvic.o
 .bss           0x20406a10        0x0 ./Project_Settings/Startup_Code/startup.o
 .bss           0x20406a10        0x0 ./Project_Settings/Startup_Code/startup_cm7.o
 .bss           0x20406a10       0x78 ./Project_Settings/Startup_Code/system.o
                0x20406a10                rbar
                0x20406a4c                rasr
 .bss           0x20406a88        0x0 ./RTD/src/Clock_Ip.o
 .bss           0x20406a88        0x0 ./RTD/src/Clock_Ip_Data.o
 .bss           0x20406a88        0x0 ./RTD/src/Clock_Ip_Divider.o
 .bss           0x20406a88        0x0 ./RTD/src/Clock_Ip_DividerTrigger.o
 .bss           0x20406a88        0x0 ./RTD/src/Clock_Ip_ExtOsc.o
 .bss           0x20406a88        0x0 ./RTD/src/Clock_Ip_FracDiv.o
 .bss           0x20406a88        0x0 ./RTD/src/Clock_Ip_Frequency.o
 .bss           0x20406a88        0x0 ./RTD/src/Clock_Ip_Gate.o
 .bss           0x20406a88        0x0 ./RTD/src/Clock_Ip_IntOsc.o
 .bss           0x20406a88        0x0 ./RTD/src/Clock_Ip_Irq.o
 .bss           0x20406a88        0x0 ./RTD/src/Clock_Ip_Monitor.o
 .bss           0x20406a88        0x0 ./RTD/src/Clock_Ip_Pll.o
 .bss           0x20406a88        0x0 ./RTD/src/Clock_Ip_ProgFreqSwitch.o
 .bss           0x20406a88        0x0 ./RTD/src/Clock_Ip_Selector.o
 .bss           0x20406a88        0x0 ./RTD/src/Clock_Ip_Specific.o
 .bss           0x20406a88        0x0 ./RTD/src/Det.o
 .bss           0x20406a88        0x0 ./RTD/src/Det_stub.o
 .bss           0x20406a88        0x0 ./RTD/src/Igf_Port_Ip.o
 .bss           0x20406a88        0x0 ./RTD/src/IntCtrl_Ip.o
 .bss           0x20406a88        0x0 ./RTD/src/OsIf_Interrupts.o
 .bss           0x20406a88        0x0 ./RTD/src/OsIf_Timer.o
 .bss           0x20406a88        0x0 ./RTD/src/OsIf_Timer_System.o
 .bss           0x20406a88        0x0 ./RTD/src/OsIf_Timer_System_Internal_Systick.o
 .bss           0x20406a88        0x0 ./RTD/src/Pit_Ip.o
 .bss           0x20406a88        0x0 ./RTD/src/SchM_Dio.o
 .bss           0x20406a88        0x0 ./RTD/src/SchM_Gpt.o
 .bss           0x20406a88        0x0 ./RTD/src/SchM_Mcu.o
 .bss           0x20406a88        0x0 ./RTD/src/SchM_Port.o
 .bss           0x20406a88        0x0 ./RTD/src/Siul2_Dio_Ip.o
 .bss           0x20406a88        0x0 ./RTD/src/Siul2_Port_Ip.o
 .bss           0x20406a88        0x0 ./RTD/src/Tspc_Port_Ip.o
 .bss           0x20406a88        0x0 ./board/Siul2_Port_Ip_Cfg.o
 .bss           0x20406a88        0x0 ./board/Tspc_Port_Ip_Cfg.o
 .bss           0x20406a88        0x0 ./generate/src/Clock_Ip_Cfg.o
 .bss           0x20406a88        0x0 ./generate/src/Igf_Port_Ip_Cfg.o
 .bss           0x20406a88        0x0 ./generate/src/IntCtrl_Ip_Cfg.o
 .bss           0x20406a88        0x0 ./generate/src/OsIf_Cfg.o
 .bss           0x20406a88        0x0 ./generate/src/Pit_Ip_PBcfg.o
 .bss           0x20406a88        0x0 ./src/main.o
 .bss           0x20406a88        0x0 c:/nxp/s32ds.3.5/s32ds/build_tools/gcc_v10.2/gcc-10.2-arm32-eabi/bin/../lib/gcc/arm-none-eabi/10.2.0/../../../../arm-none-eabi/lib/thumb/v7e-m+fp/hard\libc_nano.a(lib_a-memmove.o)
 .bss           0x20406a88        0x0 c:/nxp/s32ds.3.5/s32ds/build_tools/gcc_v10.2/gcc-10.2-arm32-eabi/bin/../lib/gcc/arm-none-eabi/10.2.0/../../../../arm-none-eabi/lib/thumb/v7e-m+fp/hard\libc_nano.a(lib_a-memset.o)
 *(.bss*)
                0x20406a90                . = ALIGN (0x10)
 *fill*         0x20406a88        0x8 
 *(.mcal_bss)
 .mcal_bss      0x20406a90        0x4 ./Project_Settings/Startup_Code/system.o
                0x20406a90                RESET_CATCH_CORE
 .mcal_bss      0x20406a94       0x61 ./RTD/src/Clock_Ip.o
                0x20406a98                Clock_Ip_FreqIds
                0x20406af0                Clock_Ip_pxConfig
 *fill*         0x20406af5        0x3 
 .mcal_bss      0x20406af8       0x10 ./RTD/src/Clock_Ip_Monitor.o
 .mcal_bss      0x20406b08        0x4 ./RTD/src/Clock_Ip_ProgFreqSwitch.o
 .mcal_bss      0x20406b0c        0xc ./RTD/src/Clock_Ip_Specific.o
 .mcal_bss      0x20406b18       0x80 ./RTD/src/Pit_Ip.o
 .mcal_bss      0x20406b98        0x8 ./RTD/src/Siul2_Port_Ip.o
                0x20406ba0                . = ALIGN (0x4)
                0x20406ba0                __sram_bss_end = .

.heap           0x20406ba0     0x2000
                0x00000000                . = (. + ALIGN (0x4))
                0x20406ba0                _end = .
                0x20406ba0                end = .
                0x20406ba0                _heap_start = .
                0x00002000                . = (. + HEAP_SIZE)
 *fill*         0x20406ba0     0x2000 
                0x20408ba0                _heap_end = .

.acfls_code_rom
                0x20408ba0       0x40
                0x20408ba0                acfls_code_rom_start = .
                0x20408ba0                . = ALIGN (0x4)
 *(.acfls_code_rom)
 .acfls_code_rom
                0x20408ba0       0x40 ./RTD/src/Clock_Ip_Specific.o
                0x20408ba0                Clock_Ip_PRAMCSetRamIWS
                0x20408be0                acfls_code_rom_end = .

.glue_7         0x20408be0        0x0
 .glue_7        0x20408be0        0x0 linker stubs

.glue_7t        0x20408be0        0x0
 .glue_7t       0x20408be0        0x0 linker stubs

.vfp11_veneer   0x20408be0        0x0
 .vfp11_veneer  0x20408be0        0x0 linker stubs

.v4_bx          0x20408be0        0x0
 .v4_bx         0x20408be0        0x0 linker stubs

.iplt           0x20408be0        0x0
 .iplt          0x20408be0        0x0 ./Project_Settings/Startup_Code/Vector_Table.o

.igot.plt       0x20408be0        0x0
 .igot.plt      0x20408be0        0x0 ./Project_Settings/Startup_Code/Vector_Table.o

.rel.dyn        0x20408be0        0x0
 .rel.iplt      0x20408be0        0x0 ./Project_Settings/Startup_Code/Vector_Table.o

.acfls_code_ram
                0x20408be0       0x40
                0x20408c20                . = (. + (acfls_code_rom_end - acfls_code_rom_start))
 *fill*         0x20408be0       0x40 
                0x20408c20                . = ALIGN (0x4)
                0x20408c20                __init_dtcm_data_start = .

.non_cacheable  0x20410000      0xf50
                0x20410000                . = ALIGN (0x800)
                0x20410000                __interrupts_init_start = .
 *(.intc_vector)
 .intc_vector   0x20410000      0x408 ./Project_Settings/Startup_Code/Vector_Table.o
                0x20410000                VTABLE
                0x20410408                . = ALIGN (0x4)
                0x20410408                __interrupts_init_end = .
                0x20410410                . = ALIGN (0x10)
 *fill*         0x20410408        0x8 
                0x20410410                __non_cacheable_bss_start = .
 *(.mcal_bss_no_cacheable)
 .mcal_bss_no_cacheable
                0x20410410       0x3c ./RTD/src/Det.o
                0x20410410                Det_TransientModuleId
                0x20410418                Det_ApiId
                0x2041041c                Det_TransientInstanceId
                0x20410420                Det_ErrorId
                0x20410424                Det_TransientApiId
                0x20410428                Det_RuntimeModuleId
                0x20410430                Det_TransientFaultId
                0x20410434                Det_RuntimeInstanceId
                0x20410438                Det_RuntimeApiId
                0x2041043c                Det_ModuleId
                0x20410444                Det_RuntimeErrorId
                0x20410448                Det_InstanceId
 .mcal_bss_no_cacheable
                0x2041044c       0x40 ./RTD/src/SchM_Dio.o
 .mcal_bss_no_cacheable
                0x2041048c      0x6e0 ./RTD/src/SchM_Gpt.o
 .mcal_bss_no_cacheable
                0x20410b6c       0x60 ./RTD/src/SchM_Mcu.o
 .mcal_bss_no_cacheable
                0x20410bcc      0x380 ./RTD/src/SchM_Port.o
                0x20410f4c                . = ALIGN (0x4)
                0x20410f4c                __non_cacheable_bss_end = .
                0x20410f4c                . = ALIGN (0x4)
 *(.mcal_data_no_cacheable)
                0x20410f4c                . = ALIGN (0x4)
 *(.mcal_const_no_cacheable)
                0x20410f4c                HSE_LOOP_ADDR = .
                0x20410f4c        0x4 LONG 0x0

.int_vector     0x20000000      0x408
                0x20000000                . = ALIGN (0x800)
                0x20000000                __interrupts_ram_start = .
                0x20000408                . = (. + (__interrupts_init_end - __interrupts_init_start))
 *fill*         0x20000000      0x408 
                0x20000408                . = ALIGN (0x4)
                0x20000408                __interrupts_ram_end = .

.data_tcm_data  0x20000408        0x0 load address 0x20408c20
                0x20000408                . = ALIGN (0x4)
                0x20000408                __dtcm_data_start__ = .
 *(.dtcm_data*)
                0x20000408                . = ALIGN (0x4)
                0x20000408                __dtcm_data_end__ = .
                0x20408c20                __init_dtcm_data_end = (__init_dtcm_data_start + (__dtcm_data_end__ - __dtcm_data_start__))

.bss_tcm_data   0x20000408        0x0
                0x20000408                . = ALIGN (0x4)
                0x20000408                __dtcm_bss_start__ = .
 *(.dtcm_bss*)
                0x20000408                . = ALIGN (0x4)
                0x20000408                __dtcm_bss_end__ = .
                0x20408c20                __init_itcm_code_start = __init_dtcm_data_end

.itcm_text      0x00000000        0x0 load address 0x20408c20
                0x00000000                . = ALIGN (0x4)
                0x00000000                __itcm_start__ = .
 *(.itcm_text*)
                0x00000000                . = ALIGN (0x4)
                0x00000000                __itcm_end__ = .
                0x20408c20                __init_itcm_code_end = (__init_itcm_code_start + (__itcm_end__ - __itcm_start__))

.int_results    0x20415f00      0x100
                0x20415f00                . = ALIGN (0x4)
 *(.int_results)
                0x20416000                . = (. + 0x100)
 *fill*         0x20415f00      0x100 

.shareable_ram  0x20416000        0x0
                0x20416000                . = ALIGN (0x10)
                0x20416000                __shareable_bss_start = .
 *(.mcal_shared_bss)
                0x20416000                . = ALIGN (0x4)
                0x20416000                __shareable_bss_end = .
                0x20416000                . = ALIGN (0x10)
 *(.mcal_shared_data)
                0x2000f000                __Stack_dtcm_end = ORIGIN (int_stack_dtcm)
                0x20010000                __Stack_dtcm_start = (ORIGIN (int_stack_dtcm) + LENGTH (int_stack_dtcm))
                0x20400000                __INT_SRAM_START = ORIGIN (int_sram)
                0x20418000                __INT_SRAM_END = ORIGIN (ram_rsvd2)
                0x00000000                __INT_ITCM_START = ORIGIN (int_itcm)
                0x00008000                __INT_ITCM_END = (ORIGIN (int_itcm) + LENGTH (int_itcm))
                0x20000000                __INT_DTCM_START = ORIGIN (int_dtcm)
                0x20010000                __INT_DTCM_END = ((ORIGIN (int_dtcm) + LENGTH (int_dtcm)) + LENGTH (int_stack_dtcm))
                0x20416000                __RAM_SHAREABLE_START = ORIGIN (int_sram_shareable)
                0x20418000                __RAM_SHAREABLE_END = (ORIGIN (int_sram_shareable) + LENGTH (int_sram_shareable))
                0x0000000b                __RAM_SHAREABLE_SIZE = 0xb
                0x00000000                __ROM_SHAREABLE_START = 0x0
                0x00000000                __ROM_SHAREABLE_END = 0x0
                0x20410000                __RAM_NO_CACHEABLE_START = ORIGIN (int_sram_no_cacheable)
                0x20415eff                __RAM_NO_CACHEABLE_END = ((ORIGIN (int_sram_no_cacheable) + LENGTH (int_sram_no_cacheable)) - 0x1)
                0x0000000f                __RAM_NO_CACHEABLE_SIZE = 0xf
                0x00000000                __ROM_NO_CACHEABLE_START = 0x0
                0x00000000                __ROM_NO_CACHEABLE_END = 0x0
                0x20400000                __RAM_CACHEABLE_START = ORIGIN (int_sram)
                0x2040ffff                __RAM_CACHEABLE_END = ((ORIGIN (int_sram) + LENGTH (int_sram)) - 0x1)
                0x00000010                __RAM_CACHEABLE_SIZE = 0x10
                0x00000000                __ROM_CACHEABLE_START = 0x0
                0x00000000                __ROM_CACHEABLE_END = 0x0
                0x00400000                __ROM_CODE_START = 0x400000
                0x10000000                __ROM_DATA_START = 0x10000000
                0x20406a10                __BSS_SRAM_START = __sram_bss_start
                0x20406ba0                __BSS_SRAM_END = __sram_bss_end
                0x00000190                __BSS_SRAM_SIZE = (__sram_bss_end - __sram_bss_start)
                0x20410410                __BSS_SRAM_NC_START = __non_cacheable_bss_start
                0x00000b3c                __BSS_SRAM_NC_SIZE = (__non_cacheable_bss_end - __non_cacheable_bss_start)
                0x20410f4c                __BSS_SRAM_NC_END = __non_cacheable_bss_end
                0x20416000                __BSS_SRAM_SH_START = __shareable_bss_start
                0x00000000                __BSS_SRAM_SH_SIZE = (__shareable_bss_end - __shareable_bss_start)
                0x20416000                __BSS_SRAM_SH_END = __shareable_bss_end
                0x20000000                __RAM_INTERRUPT_START = __interrupts_ram_start
                0x20410000                __INIT_INTERRUPT_START = __interrupts_init_start
                0x20410408                __INIT_INTERRUPT_END = __interrupts_init_end
                0x00000000                __RAM_ITCM_START = __itcm_start__
                0x20408c20                __ROM_ITCM_START = __init_itcm_code_start
                0x20408c20                __ROM_ITCM_END = __init_itcm_code_end
                0x20000408                __RAM_DTCM_DATA_START = __dtcm_data_start__
                0x20408c20                __ROM_DTCM_DATA_START = __init_dtcm_data_start
                0x20408c20                __ROM_DTCM_END = __init_dtcm_data_end
                0x20406910                __INIT_TABLE = __init_table
                0x2040695c                __ZERO_TABLE = __zero_table
                0x00000000                __RAM_INIT = 0x0
                0x00000001                __ITCM_INIT = 0x1
                0x00000001                __DTCM_INIT = 0x1

/DISCARD/
 *(.boot_header)
                0x20408ba0                Fls_ACEraseRomStart = ADDR (.acfls_code_rom)
                0x20408be0                Fls_ACEraseRomEnd = (ADDR (.acfls_code_rom) + SIZEOF (.acfls_code_rom))
                0x00000010                Fls_ACEraseSize = ((SIZEOF (.acfls_code_rom) + 0x3) / 0x4)
                0x20408ba0                Fls_ACWriteRomStart = ADDR (.acfls_code_rom)
                0x20408be0                Fls_ACWriteRomEnd = (ADDR (.acfls_code_rom) + SIZEOF (.acfls_code_rom))
                0x00000010                Fls_ACWriteSize = ((SIZEOF (.acfls_code_rom) + 0x3) / 0x4)
                0x20408be0                _ERASE_FUNC_ADDRESS_ = ADDR (.acfls_code_ram)
                0x20408be0                _WRITE_FUNC_ADDRESS_ = ADDR (.acfls_code_ram)
                0x20410000                __ENTRY_VTABLE = __INIT_INTERRUPT_START
                0x20410000                __CORE0_VTOR = __INIT_INTERRUPT_START
                0x20410000                __CORE1_VTOR = __INIT_INTERRUPT_START
                0x20410000                __CORE2_VTOR = __INIT_INTERRUPT_START
                0x00000003                __INDEX_COPY_CORE2 = 0x3
OUTPUT(BLINKYYY_LED.elf elf32-littlearm)
LOAD linker stubs

.ARM.attributes
                0x00000000       0x30
 .ARM.attributes
                0x00000000       0x20 ./Project_Settings/Startup_Code/Vector_Table.o
 .ARM.attributes
                0x00000020       0x34 ./Project_Settings/Startup_Code/exceptions.o
 .ARM.attributes
                0x00000054       0x34 ./Project_Settings/Startup_Code/nvic.o
 .ARM.attributes
                0x00000088       0x34 ./Project_Settings/Startup_Code/startup.o
 .ARM.attributes
                0x000000bc       0x1f ./Project_Settings/Startup_Code/startup_cm7.o
 .ARM.attributes
                0x000000db       0x34 ./Project_Settings/Startup_Code/system.o
 .ARM.attributes
                0x0000010f       0x34 ./RTD/src/Clock_Ip.o
 .ARM.attributes
                0x00000143       0x39 ./RTD/src/Clock_Ip_Data.o
 .ARM.attributes
                0x0000017c       0x34 ./RTD/src/Clock_Ip_Divider.o
 .ARM.attributes
                0x000001b0       0x34 ./RTD/src/Clock_Ip_DividerTrigger.o
 .ARM.attributes
                0x000001e4       0x34 ./RTD/src/Clock_Ip_ExtOsc.o
 .ARM.attributes
                0x00000218       0x34 ./RTD/src/Clock_Ip_FracDiv.o
 .ARM.attributes
                0x0000024c       0x34 ./RTD/src/Clock_Ip_Frequency.o
 .ARM.attributes
                0x00000280       0x34 ./RTD/src/Clock_Ip_Gate.o
 .ARM.attributes
                0x000002b4       0x34 ./RTD/src/Clock_Ip_IntOsc.o
 .ARM.attributes
                0x000002e8       0x34 ./RTD/src/Clock_Ip_Irq.o
 .ARM.attributes
                0x0000031c       0x34 ./RTD/src/Clock_Ip_Monitor.o
 .ARM.attributes
                0x00000350       0x34 ./RTD/src/Clock_Ip_Pll.o
 .ARM.attributes
                0x00000384       0x34 ./RTD/src/Clock_Ip_ProgFreqSwitch.o
 .ARM.attributes
                0x000003b8       0x34 ./RTD/src/Clock_Ip_Selector.o
 .ARM.attributes
                0x000003ec       0x34 ./RTD/src/Clock_Ip_Specific.o
 .ARM.attributes
                0x00000420       0x34 ./RTD/src/Det.o
 .ARM.attributes
                0x00000454       0x34 ./RTD/src/Det_stub.o
 .ARM.attributes
                0x00000488       0x39 ./RTD/src/Igf_Port_Ip.o
 .ARM.attributes
                0x000004c1       0x34 ./RTD/src/IntCtrl_Ip.o
 .ARM.attributes
                0x000004f5       0x39 ./RTD/src/OsIf_Interrupts.o
 .ARM.attributes
                0x0000052e       0x34 ./RTD/src/OsIf_Timer.o
 .ARM.attributes
                0x00000562       0x39 ./RTD/src/OsIf_Timer_System.o
 .ARM.attributes
                0x0000059b       0x34 ./RTD/src/OsIf_Timer_System_Internal_Systick.o
 .ARM.attributes
                0x000005cf       0x34 ./RTD/src/Pit_Ip.o
 .ARM.attributes
                0x00000603       0x34 ./RTD/src/SchM_Dio.o
 .ARM.attributes
                0x00000637       0x34 ./RTD/src/SchM_Gpt.o
 .ARM.attributes
                0x0000066b       0x34 ./RTD/src/SchM_Mcu.o
 .ARM.attributes
                0x0000069f       0x34 ./RTD/src/SchM_Port.o
 .ARM.attributes
                0x000006d3       0x34 ./RTD/src/Siul2_Dio_Ip.o
 .ARM.attributes
                0x00000707       0x34 ./RTD/src/Siul2_Port_Ip.o
 .ARM.attributes
                0x0000073b       0x34 ./RTD/src/Tspc_Port_Ip.o
 .ARM.attributes
                0x0000076f       0x39 ./board/Siul2_Port_Ip_Cfg.o
 .ARM.attributes
                0x000007a8       0x39 ./board/Tspc_Port_Ip_Cfg.o
 .ARM.attributes
                0x000007e1       0x39 ./generate/src/Clock_Ip_Cfg.o
 .ARM.attributes
                0x0000081a       0x39 ./generate/src/Igf_Port_Ip_Cfg.o
 .ARM.attributes
                0x00000853       0x39 ./generate/src/IntCtrl_Ip_Cfg.o
 .ARM.attributes
                0x0000088c       0x39 ./generate/src/OsIf_Cfg.o
 .ARM.attributes
                0x000008c5       0x39 ./generate/src/Pit_Ip_PBcfg.o
 .ARM.attributes
                0x000008fe       0x34 ./src/main.o
 .ARM.attributes
                0x00000932       0x34 c:/nxp/s32ds.3.5/s32ds/build_tools/gcc_v10.2/gcc-10.2-arm32-eabi/bin/../lib/gcc/arm-none-eabi/10.2.0/../../../../arm-none-eabi/lib/thumb/v7e-m+fp/hard\libc_nano.a(lib_a-memmove.o)
 .ARM.attributes
                0x00000966       0x34 c:/nxp/s32ds.3.5/s32ds/build_tools/gcc_v10.2/gcc-10.2-arm32-eabi/bin/../lib/gcc/arm-none-eabi/10.2.0/../../../../arm-none-eabi/lib/thumb/v7e-m+fp/hard\libc_nano.a(lib_a-memset.o)

.comment        0x00000000       0x88
 .comment       0x00000000       0x88 ./Project_Settings/Startup_Code/exceptions.o
                                 0x89 (size before relaxing)
 .comment       0x00000088       0x89 ./Project_Settings/Startup_Code/nvic.o
 .comment       0x00000088       0x89 ./Project_Settings/Startup_Code/startup.o
 .comment       0x00000088       0x89 ./Project_Settings/Startup_Code/system.o
 .comment       0x00000088       0x89 ./RTD/src/Clock_Ip.o
 .comment       0x00000088       0x89 ./RTD/src/Clock_Ip_Data.o
 .comment       0x00000088       0x89 ./RTD/src/Clock_Ip_Divider.o
 .comment       0x00000088       0x89 ./RTD/src/Clock_Ip_DividerTrigger.o
 .comment       0x00000088       0x89 ./RTD/src/Clock_Ip_ExtOsc.o
 .comment       0x00000088       0x89 ./RTD/src/Clock_Ip_FracDiv.o
 .comment       0x00000088       0x89 ./RTD/src/Clock_Ip_Frequency.o
 .comment       0x00000088       0x89 ./RTD/src/Clock_Ip_Gate.o
 .comment       0x00000088       0x89 ./RTD/src/Clock_Ip_IntOsc.o
 .comment       0x00000088       0x89 ./RTD/src/Clock_Ip_Irq.o
 .comment       0x00000088       0x89 ./RTD/src/Clock_Ip_Monitor.o
 .comment       0x00000088       0x89 ./RTD/src/Clock_Ip_Pll.o
 .comment       0x00000088       0x89 ./RTD/src/Clock_Ip_ProgFreqSwitch.o
 .comment       0x00000088       0x89 ./RTD/src/Clock_Ip_Selector.o
 .comment       0x00000088       0x89 ./RTD/src/Clock_Ip_Specific.o
 .comment       0x00000088       0x89 ./RTD/src/Det.o
 .comment       0x00000088       0x89 ./RTD/src/Det_stub.o
 .comment       0x00000088       0x89 ./RTD/src/Igf_Port_Ip.o
 .comment       0x00000088       0x89 ./RTD/src/IntCtrl_Ip.o
 .comment       0x00000088       0x89 ./RTD/src/OsIf_Interrupts.o
 .comment       0x00000088       0x89 ./RTD/src/OsIf_Timer.o
 .comment       0x00000088       0x89 ./RTD/src/OsIf_Timer_System.o
 .comment       0x00000088       0x89 ./RTD/src/OsIf_Timer_System_Internal_Systick.o
 .comment       0x00000088       0x89 ./RTD/src/Pit_Ip.o
 .comment       0x00000088       0x89 ./RTD/src/SchM_Dio.o
 .comment       0x00000088       0x89 ./RTD/src/SchM_Gpt.o
 .comment       0x00000088       0x89 ./RTD/src/SchM_Mcu.o
 .comment       0x00000088       0x89 ./RTD/src/SchM_Port.o
 .comment       0x00000088       0x89 ./RTD/src/Siul2_Dio_Ip.o
 .comment       0x00000088       0x89 ./RTD/src/Siul2_Port_Ip.o
 .comment       0x00000088       0x89 ./RTD/src/Tspc_Port_Ip.o
 .comment       0x00000088       0x89 ./board/Siul2_Port_Ip_Cfg.o
 .comment       0x00000088       0x89 ./board/Tspc_Port_Ip_Cfg.o
 .comment       0x00000088       0x89 ./generate/src/Clock_Ip_Cfg.o
 .comment       0x00000088       0x89 ./generate/src/Igf_Port_Ip_Cfg.o
 .comment       0x00000088       0x89 ./generate/src/IntCtrl_Ip_Cfg.o
 .comment       0x00000088       0x89 ./generate/src/OsIf_Cfg.o
 .comment       0x00000088       0x89 ./generate/src/Pit_Ip_PBcfg.o
 .comment       0x00000088       0x89 ./src/main.o
 .comment       0x00000088       0x89 c:/nxp/s32ds.3.5/s32ds/build_tools/gcc_v10.2/gcc-10.2-arm32-eabi/bin/../lib/gcc/arm-none-eabi/10.2.0/../../../../arm-none-eabi/lib/thumb/v7e-m+fp/hard\libc_nano.a(lib_a-memmove.o)
 .comment       0x00000088       0x89 c:/nxp/s32ds.3.5/s32ds/build_tools/gcc_v10.2/gcc-10.2-arm32-eabi/bin/../lib/gcc/arm-none-eabi/10.2.0/../../../../arm-none-eabi/lib/thumb/v7e-m+fp/hard\libc_nano.a(lib_a-memset.o)

.debug_info     0x00000000    0x1ede8
 .debug_info    0x00000000      0x139 ./Project_Settings/Startup_Code/exceptions.o
 .debug_info    0x00000139      0x76a ./Project_Settings/Startup_Code/nvic.o
 .debug_info    0x000008a3      0x36f ./Project_Settings/Startup_Code/startup.o
 .debug_info    0x00000c12      0xc2b ./Project_Settings/Startup_Code/system.o
 .debug_info    0x0000183d     0x1e7c ./RTD/src/Clock_Ip.o
 .debug_info    0x000036b9     0x1351 ./RTD/src/Clock_Ip_Data.o
 .debug_info    0x00004a0a      0x8f8 ./RTD/src/Clock_Ip_Divider.o
 .debug_info    0x00005302      0x6d6 ./RTD/src/Clock_Ip_DividerTrigger.o
 .debug_info    0x000059d8      0x985 ./RTD/src/Clock_Ip_ExtOsc.o
 .debug_info    0x0000635d      0x499 ./RTD/src/Clock_Ip_FracDiv.o
 .debug_info    0x000067f6      0x307 ./RTD/src/Clock_Ip_Frequency.o
 .debug_info    0x00006afd      0x8ba ./RTD/src/Clock_Ip_Gate.o
 .debug_info    0x000073b7      0xb58 ./RTD/src/Clock_Ip_IntOsc.o
 .debug_info    0x00007f0f       0xb2 ./RTD/src/Clock_Ip_Irq.o
 .debug_info    0x00007fc1     0x1261 ./RTD/src/Clock_Ip_Monitor.o
 .debug_info    0x00009222      0x9a5 ./RTD/src/Clock_Ip_Pll.o
 .debug_info    0x00009bc7      0xe76 ./RTD/src/Clock_Ip_ProgFreqSwitch.o
 .debug_info    0x0000aa3d      0xf1d ./RTD/src/Clock_Ip_Selector.o
 .debug_info    0x0000b95a     0x16d9 ./RTD/src/Clock_Ip_Specific.o
 .debug_info    0x0000d033      0x420 ./RTD/src/Det.o
 .debug_info    0x0000d453      0x471 ./RTD/src/Det_stub.o
 .debug_info    0x0000d8c4       0x7d ./RTD/src/Igf_Port_Ip.o
 .debug_info    0x0000d941     0x1266 ./RTD/src/IntCtrl_Ip.o
 .debug_info    0x0000eba7       0x7d ./RTD/src/OsIf_Interrupts.o
 .debug_info    0x0000ec24      0x2c7 ./RTD/src/OsIf_Timer.o
 .debug_info    0x0000eeeb       0x7d ./RTD/src/OsIf_Timer_System.o
 .debug_info    0x0000ef68      0x196 ./RTD/src/OsIf_Timer_System_Internal_Systick.o
 .debug_info    0x0000f0fe     0x126e ./RTD/src/Pit_Ip.o
 .debug_info    0x0001036c      0x2ce ./RTD/src/SchM_Dio.o
 .debug_info    0x0001063a     0x2d3f ./RTD/src/SchM_Gpt.o
 .debug_info    0x00013379      0x39b ./RTD/src/SchM_Mcu.o
 .debug_info    0x00013714     0x17a0 ./RTD/src/SchM_Port.o
 .debug_info    0x00014eb4     0x1c45 ./RTD/src/Siul2_Dio_Ip.o
 .debug_info    0x00016af9     0x2837 ./RTD/src/Siul2_Port_Ip.o
 .debug_info    0x00019330      0x347 ./RTD/src/Tspc_Port_Ip.o
 .debug_info    0x00019677     0x1b2b ./board/Siul2_Port_Ip_Cfg.o
 .debug_info    0x0001b1a2       0x7d ./board/Tspc_Port_Ip_Cfg.o
 .debug_info    0x0001b21f      0xca2 ./generate/src/Clock_Ip_Cfg.o
 .debug_info    0x0001bec1       0x7d ./generate/src/Igf_Port_Ip_Cfg.o
 .debug_info    0x0001bf3e       0x7d ./generate/src/IntCtrl_Ip_Cfg.o
 .debug_info    0x0001bfbb       0x7d ./generate/src/OsIf_Cfg.o
 .debug_info    0x0001c038      0x1cb ./generate/src/Pit_Ip_PBcfg.o
 .debug_info    0x0001c203     0x2be5 ./src/main.o

.debug_abbrev   0x00000000     0x3ff9
 .debug_abbrev  0x00000000       0x47 ./Project_Settings/Startup_Code/exceptions.o
 .debug_abbrev  0x00000047      0x102 ./Project_Settings/Startup_Code/nvic.o
 .debug_abbrev  0x00000149      0x119 ./Project_Settings/Startup_Code/startup.o
 .debug_abbrev  0x00000262      0x229 ./Project_Settings/Startup_Code/system.o
 .debug_abbrev  0x0000048b      0x39d ./RTD/src/Clock_Ip.o
 .debug_abbrev  0x00000828      0x14c ./RTD/src/Clock_Ip_Data.o
 .debug_abbrev  0x00000974      0x21e ./RTD/src/Clock_Ip_Divider.o
 .debug_abbrev  0x00000b92      0x1b0 ./RTD/src/Clock_Ip_DividerTrigger.o
 .debug_abbrev  0x00000d42      0x283 ./RTD/src/Clock_Ip_ExtOsc.o
 .debug_abbrev  0x00000fc5      0x163 ./RTD/src/Clock_Ip_FracDiv.o
 .debug_abbrev  0x00001128       0x92 ./RTD/src/Clock_Ip_Frequency.o
 .debug_abbrev  0x000011ba      0x1ac ./RTD/src/Clock_Ip_Gate.o
 .debug_abbrev  0x00001366      0x25d ./RTD/src/Clock_Ip_IntOsc.o
 .debug_abbrev  0x000015c3       0x6a ./RTD/src/Clock_Ip_Irq.o
 .debug_abbrev  0x0000162d      0x27d ./RTD/src/Clock_Ip_Monitor.o
 .debug_abbrev  0x000018aa      0x231 ./RTD/src/Clock_Ip_Pll.o
 .debug_abbrev  0x00001adb      0x1aa ./RTD/src/Clock_Ip_ProgFreqSwitch.o
 .debug_abbrev  0x00001c85      0x2f8 ./RTD/src/Clock_Ip_Selector.o
 .debug_abbrev  0x00001f7d      0x31b ./RTD/src/Clock_Ip_Specific.o
 .debug_abbrev  0x00002298      0x14e ./RTD/src/Det.o
 .debug_abbrev  0x000023e6       0xc5 ./RTD/src/Det_stub.o
 .debug_abbrev  0x000024ab       0x29 ./RTD/src/Igf_Port_Ip.o
 .debug_abbrev  0x000024d4      0x2d0 ./RTD/src/IntCtrl_Ip.o
 .debug_abbrev  0x000027a4       0x29 ./RTD/src/OsIf_Interrupts.o
 .debug_abbrev  0x000027cd      0x1a7 ./RTD/src/OsIf_Timer.o
 .debug_abbrev  0x00002974       0x29 ./RTD/src/OsIf_Timer_System.o
 .debug_abbrev  0x0000299d      0x125 ./RTD/src/OsIf_Timer_System_Internal_Systick.o
 .debug_abbrev  0x00002ac2      0x337 ./RTD/src/Pit_Ip.o
 .debug_abbrev  0x00002df9      0x124 ./RTD/src/SchM_Dio.o
 .debug_abbrev  0x00002f1d      0x124 ./RTD/src/SchM_Gpt.o
 .debug_abbrev  0x00003041      0x124 ./RTD/src/SchM_Mcu.o
 .debug_abbrev  0x00003165      0x124 ./RTD/src/SchM_Port.o
 .debug_abbrev  0x00003289      0x298 ./RTD/src/Siul2_Dio_Ip.o
 .debug_abbrev  0x00003521      0x385 ./RTD/src/Siul2_Port_Ip.o
 .debug_abbrev  0x000038a6      0x185 ./RTD/src/Tspc_Port_Ip.o
 .debug_abbrev  0x00003a2b      0x146 ./board/Siul2_Port_Ip_Cfg.o
 .debug_abbrev  0x00003b71       0x29 ./board/Tspc_Port_Ip_Cfg.o
 .debug_abbrev  0x00003b9a      0x103 ./generate/src/Clock_Ip_Cfg.o
 .debug_abbrev  0x00003c9d       0x29 ./generate/src/Igf_Port_Ip_Cfg.o
 .debug_abbrev  0x00003cc6       0x29 ./generate/src/IntCtrl_Ip_Cfg.o
 .debug_abbrev  0x00003cef       0x29 ./generate/src/OsIf_Cfg.o
 .debug_abbrev  0x00003d18       0xc8 ./generate/src/Pit_Ip_PBcfg.o
 .debug_abbrev  0x00003de0      0x219 ./src/main.o

.debug_aranges  0x00000000      0xf58
 .debug_aranges
                0x00000000       0x68 ./Project_Settings/Startup_Code/exceptions.o
 .debug_aranges
                0x00000068       0x38 ./Project_Settings/Startup_Code/nvic.o
 .debug_aranges
                0x000000a0       0x28 ./Project_Settings/Startup_Code/startup.o
 .debug_aranges
                0x000000c8       0x38 ./Project_Settings/Startup_Code/system.o
 .debug_aranges
                0x00000100       0x98 ./RTD/src/Clock_Ip.o
 .debug_aranges
                0x00000198       0x18 ./RTD/src/Clock_Ip_Data.o
 .debug_aranges
                0x000001b0       0x38 ./RTD/src/Clock_Ip_Divider.o
 .debug_aranges
                0x000001e8       0x30 ./RTD/src/Clock_Ip_DividerTrigger.o
 .debug_aranges
                0x00000218       0x60 ./RTD/src/Clock_Ip_ExtOsc.o
 .debug_aranges
                0x00000278       0x28 ./RTD/src/Clock_Ip_FracDiv.o
 .debug_aranges
                0x000002a0       0x20 ./RTD/src/Clock_Ip_Frequency.o
 .debug_aranges
                0x000002c0       0x38 ./RTD/src/Clock_Ip_Gate.o
 .debug_aranges
                0x000002f8       0x60 ./RTD/src/Clock_Ip_IntOsc.o
 .debug_aranges
                0x00000358       0x20 ./RTD/src/Clock_Ip_Irq.o
 .debug_aranges
                0x00000378       0x60 ./RTD/src/Clock_Ip_Monitor.o
 .debug_aranges
                0x000003d8       0x50 ./RTD/src/Clock_Ip_Pll.o
 .debug_aranges
                0x00000428       0x28 ./RTD/src/Clock_Ip_ProgFreqSwitch.o
 .debug_aranges
                0x00000450       0x58 ./RTD/src/Clock_Ip_Selector.o
 .debug_aranges
                0x000004a8       0x78 ./RTD/src/Clock_Ip_Specific.o
 .debug_aranges
                0x00000520       0x38 ./RTD/src/Det.o
 .debug_aranges
                0x00000558       0x48 ./RTD/src/Det_stub.o
 .debug_aranges
                0x000005a0       0x18 ./RTD/src/Igf_Port_Ip.o
 .debug_aranges
                0x000005b8       0xb8 ./RTD/src/IntCtrl_Ip.o
 .debug_aranges
                0x00000670       0x18 ./RTD/src/OsIf_Interrupts.o
 .debug_aranges
                0x00000688       0x40 ./RTD/src/OsIf_Timer.o
 .debug_aranges
                0x000006c8       0x18 ./RTD/src/OsIf_Timer_System.o
 .debug_aranges
                0x000006e0       0x30 ./RTD/src/OsIf_Timer_System_Internal_Systick.o
 .debug_aranges
                0x00000710       0x80 ./RTD/src/Pit_Ip.o
 .debug_aranges
                0x00000790       0x40 ./RTD/src/SchM_Dio.o
 .debug_aranges
                0x000007d0      0x390 ./RTD/src/SchM_Gpt.o
 .debug_aranges
                0x00000b60       0x50 ./RTD/src/SchM_Mcu.o
 .debug_aranges
                0x00000bb0      0x1e0 ./RTD/src/SchM_Port.o
 .debug_aranges
                0x00000d90       0x70 ./RTD/src/Siul2_Dio_Ip.o
 .debug_aranges
                0x00000e00       0x60 ./RTD/src/Siul2_Port_Ip.o
 .debug_aranges
                0x00000e60       0x28 ./RTD/src/Tspc_Port_Ip.o
 .debug_aranges
                0x00000e88       0x18 ./board/Siul2_Port_Ip_Cfg.o
 .debug_aranges
                0x00000ea0       0x18 ./board/Tspc_Port_Ip_Cfg.o
 .debug_aranges
                0x00000eb8       0x18 ./generate/src/Clock_Ip_Cfg.o
 .debug_aranges
                0x00000ed0       0x18 ./generate/src/Igf_Port_Ip_Cfg.o
 .debug_aranges
                0x00000ee8       0x18 ./generate/src/IntCtrl_Ip_Cfg.o
 .debug_aranges
                0x00000f00       0x18 ./generate/src/OsIf_Cfg.o
 .debug_aranges
                0x00000f18       0x18 ./generate/src/Pit_Ip_PBcfg.o
 .debug_aranges
                0x00000f30       0x28 ./src/main.o

.debug_ranges   0x00000000      0xf70
 .debug_ranges  0x00000000       0x58 ./Project_Settings/Startup_Code/exceptions.o
 .debug_ranges  0x00000058       0x28 ./Project_Settings/Startup_Code/nvic.o
 .debug_ranges  0x00000080       0x18 ./Project_Settings/Startup_Code/startup.o
 .debug_ranges  0x00000098       0x78 ./Project_Settings/Startup_Code/system.o
 .debug_ranges  0x00000110      0x110 ./RTD/src/Clock_Ip.o
 .debug_ranges  0x00000220       0x28 ./RTD/src/Clock_Ip_Divider.o
 .debug_ranges  0x00000248       0x20 ./RTD/src/Clock_Ip_DividerTrigger.o
 .debug_ranges  0x00000268       0x50 ./RTD/src/Clock_Ip_ExtOsc.o
 .debug_ranges  0x000002b8       0x18 ./RTD/src/Clock_Ip_FracDiv.o
 .debug_ranges  0x000002d0       0x10 ./RTD/src/Clock_Ip_Frequency.o
 .debug_ranges  0x000002e0       0x28 ./RTD/src/Clock_Ip_Gate.o
 .debug_ranges  0x00000308       0x50 ./RTD/src/Clock_Ip_IntOsc.o
 .debug_ranges  0x00000358       0x10 ./RTD/src/Clock_Ip_Irq.o
 .debug_ranges  0x00000368       0x50 ./RTD/src/Clock_Ip_Monitor.o
 .debug_ranges  0x000003b8       0x40 ./RTD/src/Clock_Ip_Pll.o
 .debug_ranges  0x000003f8       0x18 ./RTD/src/Clock_Ip_ProgFreqSwitch.o
 .debug_ranges  0x00000410       0x78 ./RTD/src/Clock_Ip_Selector.o
 .debug_ranges  0x00000488       0x80 ./RTD/src/Clock_Ip_Specific.o
 .debug_ranges  0x00000508       0x28 ./RTD/src/Det.o
 .debug_ranges  0x00000530       0x38 ./RTD/src/Det_stub.o
 .debug_ranges  0x00000568       0xf0 ./RTD/src/IntCtrl_Ip.o
 .debug_ranges  0x00000658       0x30 ./RTD/src/OsIf_Timer.o
 .debug_ranges  0x00000688       0x20 ./RTD/src/OsIf_Timer_System_Internal_Systick.o
 .debug_ranges  0x000006a8      0x1c8 ./RTD/src/Pit_Ip.o
 .debug_ranges  0x00000870       0x30 ./RTD/src/SchM_Dio.o
 .debug_ranges  0x000008a0      0x380 ./RTD/src/SchM_Gpt.o
 .debug_ranges  0x00000c20       0x40 ./RTD/src/SchM_Mcu.o
 .debug_ranges  0x00000c60      0x1d0 ./RTD/src/SchM_Port.o
 .debug_ranges  0x00000e30       0x60 ./RTD/src/Siul2_Dio_Ip.o
 .debug_ranges  0x00000e90       0x80 ./RTD/src/Siul2_Port_Ip.o
 .debug_ranges  0x00000f10       0x48 ./RTD/src/Tspc_Port_Ip.o
 .debug_ranges  0x00000f58       0x18 ./src/main.o

.debug_macro    0x00000000    0x3e68e
 .debug_macro   0x00000000      0x164 ./Project_Settings/Startup_Code/exceptions.o
 .debug_macro   0x00000164      0xa9c ./Project_Settings/Startup_Code/exceptions.o
 .debug_macro   0x00000c00       0x22 ./Project_Settings/Startup_Code/exceptions.o
 .debug_macro   0x00000c22       0x56 ./Project_Settings/Startup_Code/exceptions.o
 .debug_macro   0x00000c78       0x51 ./Project_Settings/Startup_Code/exceptions.o
 .debug_macro   0x00000cc9      0x103 ./Project_Settings/Startup_Code/exceptions.o
 .debug_macro   0x00000dcc       0x6a ./Project_Settings/Startup_Code/exceptions.o
 .debug_macro   0x00000e36      0x1df ./Project_Settings/Startup_Code/exceptions.o
 .debug_macro   0x00001015       0x22 ./Project_Settings/Startup_Code/exceptions.o
 .debug_macro   0x00001037      0x16d ./Project_Settings/Startup_Code/exceptions.o
 .debug_macro   0x000011a4       0x82 ./Project_Settings/Startup_Code/exceptions.o
 .debug_macro   0x00001226      0x97b ./Project_Settings/Startup_Code/exceptions.o
 .debug_macro   0x00001ba1       0x3a ./Project_Settings/Startup_Code/exceptions.o
 .debug_macro   0x00001bdb       0xcc ./Project_Settings/Startup_Code/exceptions.o
 .debug_macro   0x00001ca7       0x67 ./Project_Settings/Startup_Code/exceptions.o
 .debug_macro   0x00001d0e       0x94 ./Project_Settings/Startup_Code/exceptions.o
 .debug_macro   0x00001da2       0xc8 ./Project_Settings/Startup_Code/exceptions.o
 .debug_macro   0x00001e6a      0x11e ./Project_Settings/Startup_Code/exceptions.o
 .debug_macro   0x00001f88       0x52 ./Project_Settings/Startup_Code/exceptions.o
 .debug_macro   0x00001fda       0x16 ./Project_Settings/Startup_Code/exceptions.o
 .debug_macro   0x00001ff0       0x7c ./Project_Settings/Startup_Code/exceptions.o
 .debug_macro   0x0000206c      0x130 ./Project_Settings/Startup_Code/exceptions.o
 .debug_macro   0x0000219c       0x6a ./Project_Settings/Startup_Code/exceptions.o
 .debug_macro   0x00002206       0x58 ./Project_Settings/Startup_Code/exceptions.o
 .debug_macro   0x0000225e       0x57 ./Project_Settings/Startup_Code/exceptions.o
 .debug_macro   0x000022b5       0x50 ./Project_Settings/Startup_Code/exceptions.o
 .debug_macro   0x00002305       0x50 ./Project_Settings/Startup_Code/exceptions.o
 .debug_macro   0x00002355      0x382 ./Project_Settings/Startup_Code/nvic.o
 .debug_macro   0x000026d7     0x51db ./Project_Settings/Startup_Code/nvic.o
 .debug_macro   0x000078b2      0xd0a ./Project_Settings/Startup_Code/nvic.o
 .debug_macro   0x000085bc      0x180 ./Project_Settings/Startup_Code/nvic.o
 .debug_macro   0x0000873c       0xf8 ./Project_Settings/Startup_Code/nvic.o
 .debug_macro   0x00008834      0x370 ./Project_Settings/Startup_Code/nvic.o
 .debug_macro   0x00008ba4      0x159 ./Project_Settings/Startup_Code/nvic.o
 .debug_macro   0x00008cfd      0xd4e ./Project_Settings/Startup_Code/nvic.o
 .debug_macro   0x00009a4b     0x18c9 ./Project_Settings/Startup_Code/nvic.o
 .debug_macro   0x0000b314      0x2ea ./Project_Settings/Startup_Code/nvic.o
 .debug_macro   0x0000b5fe       0x8e ./Project_Settings/Startup_Code/nvic.o
 .debug_macro   0x0000b68c     0x4eed ./Project_Settings/Startup_Code/nvic.o
 .debug_macro   0x00010579      0x765 ./Project_Settings/Startup_Code/nvic.o
 .debug_macro   0x00010cde      0xb9d ./Project_Settings/Startup_Code/nvic.o
 .debug_macro   0x0001187b      0x781 ./Project_Settings/Startup_Code/nvic.o
 .debug_macro   0x00011ffc      0xb4d ./Project_Settings/Startup_Code/nvic.o
 .debug_macro   0x00012b49       0x5d ./Project_Settings/Startup_Code/nvic.o
 .debug_macro   0x00012ba6      0xab9 ./Project_Settings/Startup_Code/nvic.o
 .debug_macro   0x0001365f     0x14dd ./Project_Settings/Startup_Code/nvic.o
 .debug_macro   0x00014b3c      0x867 ./Project_Settings/Startup_Code/nvic.o
 .debug_macro   0x000153a3       0xe8 ./Project_Settings/Startup_Code/nvic.o
 .debug_macro   0x0001548b       0xd6 ./Project_Settings/Startup_Code/nvic.o
 .debug_macro   0x00015561      0x106 ./Project_Settings/Startup_Code/nvic.o
 .debug_macro   0x00015667      0x507 ./Project_Settings/Startup_Code/nvic.o
 .debug_macro   0x00015b6e      0x76c ./Project_Settings/Startup_Code/nvic.o
 .debug_macro   0x000162da      0xe1f ./Project_Settings/Startup_Code/nvic.o
 .debug_macro   0x000170f9      0x923 ./Project_Settings/Startup_Code/nvic.o
 .debug_macro   0x00017a1c      0xce3 ./Project_Settings/Startup_Code/nvic.o
 .debug_macro   0x000186ff      0x2ce ./Project_Settings/Startup_Code/nvic.o
 .debug_macro   0x000189cd      0xa21 ./Project_Settings/Startup_Code/nvic.o
 .debug_macro   0x000193ee     0x1549 ./Project_Settings/Startup_Code/nvic.o
 .debug_macro   0x0001a937      0x4dc ./Project_Settings/Startup_Code/nvic.o
 .debug_macro   0x0001ae13      0x204 ./Project_Settings/Startup_Code/nvic.o
 .debug_macro   0x0001b017      0xc3b ./Project_Settings/Startup_Code/nvic.o
 .debug_macro   0x0001bc52     0x15b6 ./Project_Settings/Startup_Code/nvic.o
 .debug_macro   0x0001d208      0x529 ./Project_Settings/Startup_Code/nvic.o
 .debug_macro   0x0001d731      0x234 ./Project_Settings/Startup_Code/nvic.o
 .debug_macro   0x0001d965      0x20a ./Project_Settings/Startup_Code/nvic.o
 .debug_macro   0x0001db6f      0x2c6 ./Project_Settings/Startup_Code/nvic.o
 .debug_macro   0x0001de35       0x5c ./Project_Settings/Startup_Code/nvic.o
 .debug_macro   0x0001de91      0x23c ./Project_Settings/Startup_Code/nvic.o
 .debug_macro   0x0001e0cd      0x2d9 ./Project_Settings/Startup_Code/nvic.o
 .debug_macro   0x0001e3a6       0x5e ./Project_Settings/Startup_Code/nvic.o
 .debug_macro   0x0001e404     0x65a9 ./Project_Settings/Startup_Code/nvic.o
 .debug_macro   0x000249ad      0xf51 ./Project_Settings/Startup_Code/nvic.o
 .debug_macro   0x000258fe       0xf2 ./Project_Settings/Startup_Code/nvic.o
 .debug_macro   0x000259f0      0x2c8 ./Project_Settings/Startup_Code/nvic.o
 .debug_macro   0x00025cb8       0x78 ./Project_Settings/Startup_Code/nvic.o
 .debug_macro   0x00025d30       0xb3 ./Project_Settings/Startup_Code/nvic.o
 .debug_macro   0x00025de3      0x1c2 ./Project_Settings/Startup_Code/nvic.o
 .debug_macro   0x00025fa5      0x56e ./Project_Settings/Startup_Code/nvic.o
 .debug_macro   0x00026513      0x3f8 ./Project_Settings/Startup_Code/nvic.o
 .debug_macro   0x0002690b      0x258 ./Project_Settings/Startup_Code/nvic.o
 .debug_macro   0x00026b63      0x4a2 ./Project_Settings/Startup_Code/nvic.o
 .debug_macro   0x00027005      0xb8b ./Project_Settings/Startup_Code/nvic.o
 .debug_macro   0x00027b90     0x1b52 ./Project_Settings/Startup_Code/nvic.o
 .debug_macro   0x000296e2      0xcd9 ./Project_Settings/Startup_Code/nvic.o
 .debug_macro   0x0002a3bb      0x136 ./Project_Settings/Startup_Code/nvic.o
 .debug_macro   0x0002a4f1      0x392 ./Project_Settings/Startup_Code/nvic.o
 .debug_macro   0x0002a883       0x2e ./Project_Settings/Startup_Code/nvic.o
 .debug_macro   0x0002a8b1       0xe8 ./Project_Settings/Startup_Code/startup.o
 .debug_macro   0x0002a999      0x226 ./Project_Settings/Startup_Code/system.o
 .debug_macro   0x0002abbf       0x52 ./Project_Settings/Startup_Code/system.o
 .debug_macro   0x0002ac11       0x50 ./Project_Settings/Startup_Code/system.o
 .debug_macro   0x0002ac61       0x50 ./Project_Settings/Startup_Code/system.o
 .debug_macro   0x0002acb1      0x525 ./RTD/src/Clock_Ip.o
 .debug_macro   0x0002b1d6      0xa1b ./RTD/src/Clock_Ip.o
 .debug_macro   0x0002bbf1      0x38f ./RTD/src/Clock_Ip.o
 .debug_macro   0x0002bf80       0x2e ./RTD/src/Clock_Ip.o
 .debug_macro   0x0002bfae       0x4d ./RTD/src/Clock_Ip.o
 .debug_macro   0x0002bffb       0x50 ./RTD/src/Clock_Ip.o
 .debug_macro   0x0002c04b       0x50 ./RTD/src/Clock_Ip.o
 .debug_macro   0x0002c09b       0x50 ./RTD/src/Clock_Ip.o
 .debug_macro   0x0002c0eb       0x50 ./RTD/src/Clock_Ip.o
 .debug_macro   0x0002c13b       0x34 ./RTD/src/Clock_Ip.o
 .debug_macro   0x0002c16f       0xdc ./RTD/src/Clock_Ip.o
 .debug_macro   0x0002c24b      0x170 ./RTD/src/Clock_Ip.o
 .debug_macro   0x0002c3bb       0x50 ./RTD/src/Clock_Ip.o
 .debug_macro   0x0002c40b       0x50 ./RTD/src/Clock_Ip.o
 .debug_macro   0x0002c45b       0x50 ./RTD/src/Clock_Ip.o
 .debug_macro   0x0002c4ab       0x50 ./RTD/src/Clock_Ip.o
 .debug_macro   0x0002c4fb       0x50 ./RTD/src/Clock_Ip.o
 .debug_macro   0x0002c54b       0x50 ./RTD/src/Clock_Ip.o
 .debug_macro   0x0002c59b       0xa5 ./RTD/src/Clock_Ip.o
 .debug_macro   0x0002c640       0x50 ./RTD/src/Clock_Ip.o
 .debug_macro   0x0002c690       0x50 ./RTD/src/Clock_Ip.o
 .debug_macro   0x0002c6e0       0x50 ./RTD/src/Clock_Ip.o
 .debug_macro   0x0002c730       0x50 ./RTD/src/Clock_Ip.o
 .debug_macro   0x0002c780       0x50 ./RTD/src/Clock_Ip.o
 .debug_macro   0x0002c7d0       0x50 ./RTD/src/Clock_Ip.o
 .debug_macro   0x0002c820       0x35 ./RTD/src/Clock_Ip.o
 .debug_macro   0x0002c855       0x50 ./RTD/src/Clock_Ip.o
 .debug_macro   0x0002c8a5       0x50 ./RTD/src/Clock_Ip.o
 .debug_macro   0x0002c8f5       0x50 ./RTD/src/Clock_Ip.o
 .debug_macro   0x0002c945       0x50 ./RTD/src/Clock_Ip.o
 .debug_macro   0x0002c995       0x50 ./RTD/src/Clock_Ip.o
 .debug_macro   0x0002c9e5       0x50 ./RTD/src/Clock_Ip.o
 .debug_macro   0x0002ca35      0x7b9 ./RTD/src/Clock_Ip_Data.o
 .debug_macro   0x0002d1ee      0x448 ./RTD/src/Clock_Ip_Divider.o
 .debug_macro   0x0002d636      0x446 ./RTD/src/Clock_Ip_DividerTrigger.o
 .debug_macro   0x0002da7c      0x448 ./RTD/src/Clock_Ip_ExtOsc.o
 .debug_macro   0x0002dec4      0x446 ./RTD/src/Clock_Ip_FracDiv.o
 .debug_macro   0x0002e30a      0x3dc ./RTD/src/Clock_Ip_Frequency.o
 .debug_macro   0x0002e6e6      0x448 ./RTD/src/Clock_Ip_Gate.o
 .debug_macro   0x0002eb2e      0x456 ./RTD/src/Clock_Ip_IntOsc.o
 .debug_macro   0x0002ef84      0x404 ./RTD/src/Clock_Ip_Irq.o
 .debug_macro   0x0002f388      0x4c3 ./RTD/src/Clock_Ip_Monitor.o
 .debug_macro   0x0002f84b       0x3a ./RTD/src/Clock_Ip_Monitor.o
 .debug_macro   0x0002f885       0x50 ./RTD/src/Clock_Ip_Monitor.o
 .debug_macro   0x0002f8d5       0x50 ./RTD/src/Clock_Ip_Monitor.o
 .debug_macro   0x0002f925       0x50 ./RTD/src/Clock_Ip_Monitor.o
 .debug_macro   0x0002f975       0x50 ./RTD/src/Clock_Ip_Monitor.o
 .debug_macro   0x0002f9c5      0x456 ./RTD/src/Clock_Ip_Pll.o
 .debug_macro   0x0002fe1b      0x4a6 ./RTD/src/Clock_Ip_ProgFreqSwitch.o
 .debug_macro   0x000302c1      0x448 ./RTD/src/Clock_Ip_Selector.o
 .debug_macro   0x00030709      0x564 ./RTD/src/Clock_Ip_Specific.o
 .debug_macro   0x00030c6d       0x50 ./RTD/src/Clock_Ip_Specific.o
 .debug_macro   0x00030cbd       0x50 ./RTD/src/Clock_Ip_Specific.o
 .debug_macro   0x00030d0d       0x50 ./RTD/src/Clock_Ip_Specific.o
 .debug_macro   0x00030d5d       0x50 ./RTD/src/Clock_Ip_Specific.o
 .debug_macro   0x00030dad       0x50 ./RTD/src/Clock_Ip_Specific.o
 .debug_macro   0x00030dfd       0x50 ./RTD/src/Clock_Ip_Specific.o
 .debug_macro   0x00030e4d      0x271 ./RTD/src/Det.o
 .debug_macro   0x000310be       0x40 ./RTD/src/Det.o
 .debug_macro   0x000310fe       0x50 ./RTD/src/Det.o
 .debug_macro   0x0003114e       0x50 ./RTD/src/Det.o
 .debug_macro   0x0003119e       0x50 ./RTD/src/Det.o
 .debug_macro   0x000311ee       0x50 ./RTD/src/Det.o
 .debug_macro   0x0003123e       0x50 ./RTD/src/Det.o
 .debug_macro   0x0003128e       0x50 ./RTD/src/Det.o
 .debug_macro   0x000312de      0x22a ./RTD/src/Det_stub.o
 .debug_macro   0x00031508      0x229 ./RTD/src/Igf_Port_Ip.o
 .debug_macro   0x00031731       0x34 ./RTD/src/Igf_Port_Ip.o
 .debug_macro   0x00031765       0x34 ./RTD/src/Igf_Port_Ip.o
 .debug_macro   0x00031799     0x65a3 ./RTD/src/Igf_Port_Ip.o
 .debug_macro   0x00037d3c       0xd4 ./RTD/src/Igf_Port_Ip.o
 .debug_macro   0x00037e10       0x3a ./RTD/src/Igf_Port_Ip.o
 .debug_macro   0x00037e4a       0x6a ./RTD/src/Igf_Port_Ip.o
 .debug_macro   0x00037eb4       0x50 ./RTD/src/Igf_Port_Ip.o
 .debug_macro   0x00037f04       0x50 ./RTD/src/Igf_Port_Ip.o
 .debug_macro   0x00037f54       0x28 ./RTD/src/Igf_Port_Ip.o
 .debug_macro   0x00037f7c       0x34 ./RTD/src/Igf_Port_Ip.o
 .debug_macro   0x00037fb0       0x2e ./RTD/src/Igf_Port_Ip.o
 .debug_macro   0x00037fde       0x3a ./RTD/src/Igf_Port_Ip.o
 .debug_macro   0x00038018      0x26c ./RTD/src/IntCtrl_Ip.o
 .debug_macro   0x00038284       0x2e ./RTD/src/IntCtrl_Ip.o
 .debug_macro   0x000382b2     0x1b4c ./RTD/src/IntCtrl_Ip.o
 .debug_macro   0x00039dfe       0x78 ./RTD/src/IntCtrl_Ip.o
 .debug_macro   0x00039e76       0x2e ./RTD/src/IntCtrl_Ip.o
 .debug_macro   0x00039ea4       0x34 ./RTD/src/IntCtrl_Ip.o
 .debug_macro   0x00039ed8       0x50 ./RTD/src/IntCtrl_Ip.o
 .debug_macro   0x00039f28       0x50 ./RTD/src/IntCtrl_Ip.o
 .debug_macro   0x00039f78       0x34 ./RTD/src/IntCtrl_Ip.o
 .debug_macro   0x00039fac      0x158 ./RTD/src/OsIf_Interrupts.o
 .debug_macro   0x0003a104      0x220 ./RTD/src/OsIf_Timer.o
 .debug_macro   0x0003a324       0x70 ./RTD/src/OsIf_Timer.o
 .debug_macro   0x0003a394      0x1b1 ./RTD/src/OsIf_Timer_System.o
 .debug_macro   0x0003a545       0x3a ./RTD/src/OsIf_Timer_System.o
 .debug_macro   0x0003a57f      0x191 ./RTD/src/OsIf_Timer_System_Internal_Systick.o
 .debug_macro   0x0003a710       0x34 ./RTD/src/OsIf_Timer_System_Internal_Systick.o
 .debug_macro   0x0003a744       0x3a ./RTD/src/OsIf_Timer_System_Internal_Systick.o
 .debug_macro   0x0003a77e      0x2e8 ./RTD/src/Pit_Ip.o
 .debug_macro   0x0003aa66      0x22e ./RTD/src/Pit_Ip.o
 .debug_macro   0x0003ac94       0x5e ./RTD/src/Pit_Ip.o
 .debug_macro   0x0003acf2       0x34 ./RTD/src/Pit_Ip.o
 .debug_macro   0x0003ad26       0x3a ./RTD/src/Pit_Ip.o
 .debug_macro   0x0003ad60       0x50 ./RTD/src/Pit_Ip.o
 .debug_macro   0x0003adb0       0x50 ./RTD/src/Pit_Ip.o
 .debug_macro   0x0003ae00       0x7b ./RTD/src/Pit_Ip.o
 .debug_macro   0x0003ae7b       0x3a ./RTD/src/Pit_Ip.o
 .debug_macro   0x0003aeb5       0x43 ./RTD/src/Pit_Ip.o
 .debug_macro   0x0003aef8       0x50 ./RTD/src/Pit_Ip.o
 .debug_macro   0x0003af48       0x50 ./RTD/src/Pit_Ip.o
 .debug_macro   0x0003af98       0x50 ./RTD/src/Pit_Ip.o
 .debug_macro   0x0003afe8       0x50 ./RTD/src/Pit_Ip.o
 .debug_macro   0x0003b038      0x1f9 ./RTD/src/Pit_Ip.o
 .debug_macro   0x0003b231       0x50 ./RTD/src/Pit_Ip.o
 .debug_macro   0x0003b281       0x50 ./RTD/src/Pit_Ip.o
 .debug_macro   0x0003b2d1      0x22b ./RTD/src/SchM_Dio.o
 .debug_macro   0x0003b4fc       0x3a ./RTD/src/SchM_Dio.o
 .debug_macro   0x0003b536       0x50 ./RTD/src/SchM_Dio.o
 .debug_macro   0x0003b586       0x50 ./RTD/src/SchM_Dio.o
 .debug_macro   0x0003b5d6      0x22f ./RTD/src/SchM_Gpt.o
 .debug_macro   0x0003b805      0x22b ./RTD/src/SchM_Mcu.o
 .debug_macro   0x0003ba30      0x22f ./RTD/src/SchM_Port.o
 .debug_macro   0x0003bc5f      0x252 ./RTD/src/Siul2_Dio_Ip.o
 .debug_macro   0x0003beb1       0x76 ./RTD/src/Siul2_Dio_Ip.o
 .debug_macro   0x0003bf27       0x74 ./RTD/src/Siul2_Dio_Ip.o
 .debug_macro   0x0003bf9b       0x50 ./RTD/src/Siul2_Dio_Ip.o
 .debug_macro   0x0003bfeb       0x50 ./RTD/src/Siul2_Dio_Ip.o
 .debug_macro   0x0003c03b       0x50 ./RTD/src/Siul2_Dio_Ip.o
 .debug_macro   0x0003c08b       0x50 ./RTD/src/Siul2_Dio_Ip.o
 .debug_macro   0x0003c0db      0x2d1 ./RTD/src/Siul2_Port_Ip.o
 .debug_macro   0x0003c3ac       0x97 ./RTD/src/Siul2_Port_Ip.o
 .debug_macro   0x0003c443       0x50 ./RTD/src/Siul2_Port_Ip.o
 .debug_macro   0x0003c493       0x50 ./RTD/src/Siul2_Port_Ip.o
 .debug_macro   0x0003c4e3      0x1ff ./RTD/src/Siul2_Port_Ip.o
 .debug_macro   0x0003c6e2       0x50 ./RTD/src/Siul2_Port_Ip.o
 .debug_macro   0x0003c732       0x50 ./RTD/src/Siul2_Port_Ip.o
 .debug_macro   0x0003c782       0x50 ./RTD/src/Siul2_Port_Ip.o
 .debug_macro   0x0003c7d2       0x50 ./RTD/src/Siul2_Port_Ip.o
 .debug_macro   0x0003c822       0x50 ./RTD/src/Siul2_Port_Ip.o
 .debug_macro   0x0003c872       0x50 ./RTD/src/Siul2_Port_Ip.o
 .debug_macro   0x0003c8c2      0x277 ./RTD/src/Tspc_Port_Ip.o
 .debug_macro   0x0003cb39       0x34 ./RTD/src/Tspc_Port_Ip.o
 .debug_macro   0x0003cb6d      0x568 ./RTD/src/Tspc_Port_Ip.o
 .debug_macro   0x0003d0d5       0x34 ./RTD/src/Tspc_Port_Ip.o
 .debug_macro   0x0003d109       0x3c ./RTD/src/Tspc_Port_Ip.o
 .debug_macro   0x0003d145      0x18c ./board/Siul2_Port_Ip_Cfg.o
 .debug_macro   0x0003d2d1      0x137 ./board/Tspc_Port_Ip_Cfg.o
 .debug_macro   0x0003d408      0x40a ./generate/src/Clock_Ip_Cfg.o
 .debug_macro   0x0003d812      0x206 ./generate/src/Igf_Port_Ip_Cfg.o
 .debug_macro   0x0003da18      0x189 ./generate/src/IntCtrl_Ip_Cfg.o
 .debug_macro   0x0003dba1      0x182 ./generate/src/OsIf_Cfg.o
 .debug_macro   0x0003dd23       0x5e ./generate/src/OsIf_Cfg.o
 .debug_macro   0x0003dd81      0x19b ./generate/src/Pit_Ip_PBcfg.o
 .debug_macro   0x0003df1c      0x6c2 ./src/main.o
 .debug_macro   0x0003e5de       0x7c ./src/main.o
 .debug_macro   0x0003e65a       0x34 ./src/main.o

.debug_line     0x00000000    0x162fa
 .debug_line    0x00000000      0x5a2 ./Project_Settings/Startup_Code/exceptions.o
 .debug_line    0x000005a2      0x8e1 ./Project_Settings/Startup_Code/nvic.o
 .debug_line    0x00000e83      0x5b6 ./Project_Settings/Startup_Code/startup.o
 .debug_line    0x00001439      0x938 ./Project_Settings/Startup_Code/system.o
 .debug_line    0x00001d71     0x143a ./RTD/src/Clock_Ip.o