Archive member included to satisfy reference by file (symbol)

c:/nxp/s32ds.3.5/s32ds/build_tools/gcc_v10.2/gcc-10.2-arm32-eabi/bin/../lib/gcc/arm-none-eabi/10.2.0/../../../../arm-none-eabi/lib/thumb/v7e-m+fp/hard\libc_nano.a(lib_a-memmove.o)
                              ./RTD/src/Siul2_Port_Ip.o (memmove)
c:/nxp/s32ds.3.5/s32ds/build_tools/gcc_v10.2/gcc-10.2-arm32-eabi/bin/../lib/gcc/arm-none-eabi/10.2.0/../../../../arm-none-eabi/lib/thumb/v7e-m+fp/hard\libc_nano.a(lib_a-memset.o)
                              ./Project_Settings/Startup_Code/startup.o (memset)

Discarded input sections

 .group         0x00000000        0xc ./Project_Settings/Startup_Code/exceptions.o
 .group         0x00000000        0xc ./Project_Settings/Startup_Code/exceptions.o
 .group         0x00000000        0xc ./Project_Settings/Startup_Code/exceptions.o
 .group         0x00000000        0xc ./Project_Settings/Startup_Code/exceptions.o
 .group         0x00000000        0xc ./Project_Settings/Startup_Code/exceptions.o
 .group         0x00000000        0xc ./Project_Settings/Startup_Code/exceptions.o
 .group         0x00000000        0xc ./Project_Settings/Startup_Code/exceptions.o
 .group         0x00000000        0xc ./Project_Settings/Startup_Code/exceptions.o
 .group         0x00000000        0xc ./Project_Settings/Startup_Code/exceptions.o
 .group         0x00000000        0xc ./Project_Settings/Startup_Code/exceptions.o
 .group         0x00000000        0xc ./Project_Settings/Startup_Code/exceptions.o
 .group         0x00000000        0xc ./Project_Settings/Startup_Code/exceptions.o
 .group         0x00000000        0xc ./Project_Settings/Startup_Code/exceptions.o
 .group         0x00000000        0xc ./Project_Settings/Startup_Code/exceptions.o
 .group         0x00000000        0xc ./Project_Settings/Startup_Code/exceptions.o
 .group         0x00000000        0xc ./Project_Settings/Startup_Code/exceptions.o
 .group         0x00000000        0xc ./Project_Settings/Startup_Code/exceptions.o
 .group         0x00000000        0xc ./Project_Settings/Startup_Code/exceptions.o
 .group         0x00000000        0xc ./Project_Settings/Startup_Code/exceptions.o
 .group         0x00000000        0xc ./Project_Settings/Startup_Code/exceptions.o
 .group         0x00000000        0xc ./Project_Settings/Startup_Code/exceptions.o
 .group         0x00000000        0xc ./Project_Settings/Startup_Code/exceptions.o
 .group         0x00000000        0xc ./Project_Settings/Startup_Code/exceptions.o
 .group         0x00000000        0xc ./Project_Settings/Startup_Code/exceptions.o
 .group         0x00000000        0xc ./Project_Settings/Startup_Code/exceptions.o
 .group         0x00000000        0xc ./Project_Settings/Startup_Code/exceptions.o
 .group         0x00000000        0xc ./Project_Settings/Startup_Code/nvic.o
 .group         0x00000000        0xc ./Project_Settings/Startup_Code/nvic.o
 .group         0x00000000        0xc ./Project_Settings/Startup_Code/nvic.o
 .group         0x00000000        0xc ./Project_Settings/Startup_Code/nvic.o
 .group         0x00000000        0xc ./Project_Settings/Startup_Code/nvic.o
 .group         0x00000000        0xc ./Project_Settings/Startup_Code/nvic.o
 .group         0x00000000        0xc ./Project_Settings/Startup_Code/nvic.o
 .group         0x00000000        0xc ./Project_Settings/Startup_Code/nvic.o
 .group         0x00000000        0xc ./Project_Settings/Startup_Code/nvic.o
 .group         0x00000000        0xc ./Project_Settings/Startup_Code/nvic.o
 .group         0x00000000        0xc ./Project_Settings/Startup_Code/nvic.o
 .group         0x00000000        0xc ./Project_Settings/Startup_Code/nvic.o
 .group         0x00000000        0xc ./Project_Settings/Startup_Code/nvic.o
 .group         0x00000000        0xc ./Project_Settings/Startup_Code/nvic.o
 .group         0x00000000        0xc ./Project_Settings/Startup_Code/nvic.o
 .group         0x00000000        0xc ./Project_Settings/Startup_Code/nvic.o
 .group         0x00000000        0xc ./Project_Settings/Startup_Code/nvic.o
 .group         0x00000000        0xc ./Project_Settings/Startup_Code/nvic.o
 .group         0x00000000        0xc ./Project_Settings/Startup_Code/nvic.o
 .group         0x00000000        0xc ./Project_Settings/Startup_Code/nvic.o
 .group         0x00000000        0xc ./Project_Settings/Startup_Code/nvic.o
 .group         0x00000000        0xc ./Project_Settings/Startup_Code/nvic.o
 .group         0x00000000        0xc ./Project_Settings/Startup_Code/nvic.o
 .group         0x00000000        0xc ./Project_Settings/Startup_Code/nvic.o
 .group         0x00000000        0xc ./Project_Settings/Startup_Code/nvic.o
 .group         0x00000000        0xc ./Project_Settings/Startup_Code/nvic.o
 .group         0x00000000        0xc ./Project_Settings/Startup_Code/nvic.o
 .group         0x00000000        0xc ./Project_Settings/Startup_Code/nvic.o
 .group         0x00000000        0xc ./Project_Settings/Startup_Code/nvic.o
[...]
Memory Configuration

Name             Origin             Length             Attributes
int_pflash       0x00400000         0x001d4000
int_dflash       0x10000000         0x00020000
int_itcm         0x00000000         0x00008000
int_dtcm         0x20000000         0x0000f000
int_stack_dtcm   0x2000f000         0x00001000
int_sram         0x20400000         0x00007f00
int_sram_fls_rsv 0x20407f00         0x00000100
int_sram_no_cacheable 0x20408000         0x00007f00
int_sram_results 0x2040ff00         0x00000100
int_sram_shareable 0x20410000         0x00008000
ram_rsvd2        0x20418000         0x00000000
*default*        0x00000000         0xffffffff

Linker script and memory map

LOAD ./Project_Settings/Startup_Code/Vector_Table.o
LOAD ./Project_Settings/Startup_Code/exceptions.o
LOAD ./Project_Settings/Startup_Code/nvic.o
LOAD ./Project_Settings/Startup_Code/startup.o
LOAD ./Project_Settings/Startup_Code/startup_cm7.o
LOAD ./Project_Settings/Startup_Code/system.o
LOAD ./RTD/src/Clock_Ip.o
LOAD ./RTD/src/Clock_Ip_Data.o
LOAD ./RTD/src/Clock_Ip_Divider.o
LOAD ./RTD/src/Clock_Ip_DividerTrigger.o
LOAD ./RTD/src/Clock_Ip_ExtOsc.o
LOAD ./RTD/src/Clock_Ip_FracDiv.o
LOAD ./RTD/src/Clock_Ip_Frequency.o
LOAD ./RTD/src/Clock_Ip_Gate.o
LOAD ./RTD/src/Clock_Ip_IntOsc.o
LOAD ./RTD/src/Clock_Ip_Irq.o
LOAD ./RTD/src/Clock_Ip_Monitor.o
LOAD ./RTD/src/Clock_Ip_Pll.o
LOAD ./RTD/src/Clock_Ip_ProgFreqSwitch.o
LOAD ./RTD/src/Clock_Ip_Selector.o
LOAD ./RTD/src/Clock_Ip_Specific.o
LOAD ./RTD/src/Det.o
LOAD ./RTD/src/Det_stub.o
LOAD ./RTD/src/Igf_Port_Ip.o
LOAD ./RTD/src/IntCtrl_Ip.o
LOAD ./RTD/src/OsIf_Interrupts.o
LOAD ./RTD/src/OsIf_Timer.o
LOAD ./RTD/src/OsIf_Timer_System.o
LOAD ./RTD/src/OsIf_Timer_System_Internal_Systick.o
LOAD ./RTD/src/Pit_Ip.o
LOAD ./RTD/src/SchM_Dio.o
LOAD ./RTD/src/SchM_Gpt.o
LOAD ./RTD/src/SchM_Icu.o
LOAD ./RTD/src/SchM_Mcu.o
LOAD ./RTD/src/SchM_Port.o
LOAD ./RTD/src/Siul2_Dio_Ip.o
LOAD ./RTD/src/Siul2_Icu_Ip.o
LOAD ./RTD/src/Siul2_Icu_Ip_Irq.o
LOAD ./RTD/src/Siul2_Port_Ip.o
LOAD ./RTD/src/Tspc_Port_Ip.o
LOAD ./board/Siul2_Port_Ip_Cfg.o
LOAD ./board/Tspc_Port_Ip_Cfg.o
LOAD ./generate/src/Clock_Ip_Cfg.o
LOAD ./generate/src/Igf_Port_Ip_Cfg.o
LOAD ./generate/src/IntCtrl_Ip_Cfg.o
LOAD ./generate/src/OsIf_Cfg.o
LOAD ./generate/src/Pit_Ip_PBcfg.o
LOAD ./generate/src/Siul2_Icu_Ip_SA_PBcfg.o
LOAD ./src/main.o
LOAD c:/nxp/s32ds.3.5/s32ds/build_tools/gcc_v10.2/gcc-10.2-arm32-eabi/bin/../lib/gcc/arm-none-eabi/10.2.0/../../../../arm-none-eabi/lib/thumb/v7e-m+fp/hard\libc_nano.a
LOAD c:/nxp/s32ds.3.5/s32ds/build_tools/gcc_v10.2/gcc-10.2-arm32-eabi/bin/../lib/gcc/arm-none-eabi/10.2.0/../../../../arm-none-eabi/lib/thumb/v7e-m+fp/hard\libm.a
LOAD c:/nxp/s32ds.3.5/s32ds/build_tools/gcc_v10.2/gcc-10.2-arm32-eabi/bin/../lib/gcc/arm-none-eabi/10.2.0/thumb/v7e-m+fp/hard\libgcc.a
START GROUP
LOAD c:/nxp/s32ds.3.5/s32ds/build_tools/gcc_v10.2/gcc-10.2-arm32-eabi/bin/../lib/gcc/arm-none-eabi/10.2.0/thumb/v7e-m+fp/hard\libgcc.a
LOAD c:/nxp/s32ds.3.5/s32ds/build_tools/gcc_v10.2/gcc-10.2-arm32-eabi/bin/../lib/gcc/arm-none-eabi/10.2.0/../../../../arm-none-eabi/lib/thumb/v7e-m+fp/hard\libg_nano.a
LOAD c:/nxp/s32ds.3.5/s32ds/build_tools/gcc_v10.2/gcc-10.2-arm32-eabi/bin/../lib/gcc/arm-none-eabi/10.2.0/../../../../arm-none-eabi/lib/thumb/v7e-m+fp/hard\libc_nano.a
END GROUP
START GROUP
LOAD c:/nxp/s32ds.3.5/s32ds/build_tools/gcc_v10.2/gcc-10.2-arm32-eabi/bin/../lib/gcc/arm-none-eabi/10.2.0/thumb/v7e-m+fp/hard\libgcc.a
LOAD c:/nxp/s32ds.3.5/s32ds/build_tools/gcc_v10.2/gcc-10.2-arm32-eabi/bin/../lib/gcc/arm-none-eabi/10.2.0/../../../../arm-none-eabi/lib/thumb/v7e-m+fp/hard\libc_nano.a
LOAD c:/nxp/s32ds.3.5/s32ds/build_tools/gcc_v10.2/gcc-10.2-arm32-eabi/bin/../lib/gcc/arm-none-eabi/10.2.0/../../../../arm-none-eabi/lib/thumb/v7e-m+fp/hard\libnosys.a
END GROUP
START GROUP
LOAD c:/nxp/s32ds.3.5/s32ds/build_tools/gcc_v10.2/gcc-10.2-arm32-eabi/bin/../lib/gcc/arm-none-eabi/10.2.0/thumb/v7e-m+fp/hard\libgcc.a
LOAD c:/nxp/s32ds.3.5/s32ds/build_tools/gcc_v10.2/gcc-10.2-arm32-eabi/bin/../lib/gcc/arm-none-eabi/10.2.0/../../../../arm-none-eabi/lib/thumb/v7e-m+fp/hard\libc_nano.a
LOAD c:/nxp/s32ds.3.5/s32ds/build_tools/gcc_v10.2/gcc-10.2-arm32-eabi/bin/../lib/gcc/arm-none-eabi/10.2.0/../../../../arm-none-eabi/lib/thumb/v7e-m+fp/hard\libnosys.a
END GROUP
                0x00000200                HEAP_SIZE = DEFINED (__heap_size__)?__heap_size__:0x200
                0x20407fff                __STANDBY_RAM_LIMIT_END = 0x20407fff

.pflash         0x00400000     0x884c
 *(.boot_header)
 .boot_header   0x00400000       0x30 ./Project_Settings/Startup_Code/startup_cm7.o
                0x00400800                . = ALIGN (0x800)
 *fill*         0x00400030      0x7d0 
                0x00400800                __text_start = .
                0x00400800                __interrupts_init_start = .
 *(.intc_vector)
 .intc_vector   0x00400800      0x408 ./Project_Settings/Startup_Code/Vector_Table.o
                0x00400800                VTABLE
                0x00400c08                . = ALIGN (0x4)
                0x00400c08                __interrupts_init_end = .
 *(.core_loop)
 .core_loop     0x00400c08        0xc ./Project_Settings/Startup_Code/startup_cm7.o
                0x00400c08                _core_loop
                0x00400c14                . = ALIGN (0x4)
 *(.startup)
 *fill*         0x00400c14        0xc 
 .startup       0x00400c20      0x1dc ./Project_Settings/Startup_Code/startup_cm7.o
                0x00400c20                Reset_Handler
                0x00400c20                _start
                0x00400d8c                MCAL_LTB_TRACE_OFF
                0x00400d8e                _end_of_eunit_test
                0x00400dfc                . = ALIGN (0x4)
 *(.systeminit)
                0x00400dfc                . = ALIGN (0x4)
 *(.text.startup)
 .text.startup  0x00400dfc       0xe4 ./src/main.o
                0x00400dfc                main
                0x00400ee0                . = ALIGN (0x4)
 *(.text)
 .text          0x00400ee0        0x0 ./Project_Settings/Startup_Code/Vector_Table.o
 .text          0x00400ee0        0x0 ./Project_Settings/Startup_Code/exceptions.o
 .text          0x00400ee0        0x0 ./Project_Settings/Startup_Code/nvic.o
 .text          0x00400ee0        0x0 ./Project_Settings/Startup_Code/startup.o
 .text          0x00400ee0        0x0 ./Project_Settings/Startup_Code/startup_cm7.o
 .text          0x00400ee0       0x10 ./Project_Settings/Startup_Code/system.o
                0x00400ee0                Sys_GetCoreID
 .text          0x00400ef0        0x0 ./RTD/src/Clock_Ip.o
 .text          0x00400ef0        0x0 ./RTD/src/Clock_Ip_Data.o
 .text          0x00400ef0        0x0 ./RTD/src/Clock_Ip_Divider.o
 .text          0x00400ef0        0x0 ./RTD/src/Clock_Ip_DividerTrigger.o
 .text          0x00400ef0        0x0 ./RTD/src/Clock_Ip_ExtOsc.o
 .text          0x00400ef0        0x0 ./RTD/src/Clock_Ip_FracDiv.o
 .text          0x00400ef0        0x0 ./RTD/src/Clock_Ip_Frequency.o
 .text          0x00400ef0        0x0 ./RTD/src/Clock_Ip_Gate.o
 .text          0x00400ef0        0x0 ./RTD/src/Clock_Ip_IntOsc.o
 .text          0x00400ef0        0x0 ./RTD/src/Clock_Ip_Irq.o
 .text          0x00400ef0        0x0 ./RTD/src/Clock_Ip_Monitor.o
 .text          0x00400ef0        0x0 ./RTD/src/Clock_Ip_Pll.o
 .text          0x00400ef0        0x0 ./RTD/src/Clock_Ip_ProgFreqSwitch.o
 .text          0x00400ef0        0x0 ./RTD/src/Clock_Ip_Selector.o
 .text          0x00400ef0        0x0 ./RTD/src/Clock_Ip_Specific.o
 .text          0x00400ef0        0x0 ./RTD/src/Det.o
 .text          0x00400ef0        0x0 ./RTD/src/Det_stub.o
 .text          0x00400ef0        0x0 ./RTD/src/Igf_Port_Ip.o
 .text          0x00400ef0        0x0 ./RTD/src/IntCtrl_Ip.o
 .text          0x00400ef0        0x0 ./RTD/src/OsIf_Interrupts.o
 .text          0x00400ef0        0x0 ./RTD/src/OsIf_Timer.o
 .text          0x00400ef0        0x0 ./RTD/src/OsIf_Timer_System.o
 .text          0x00400ef0        0x0 ./RTD/src/OsIf_Timer_System_Internal_Systick.o
 .text          0x00400ef0        0x0 ./RTD/src/Pit_Ip.o
 .text          0x00400ef0        0x6 ./RTD/src/SchM_Dio.o
                0x00400ef0                Dio_schm_read_msr
 .text          0x00400ef6        0x6 ./RTD/src/SchM_Gpt.o
                0x00400ef6                Gpt_schm_read_msr
 .text          0x00400efc        0x6 ./RTD/src/SchM_Icu.o
                0x00400efc                Icu_schm_read_msr
 .text          0x00400f02        0x6 ./RTD/src/SchM_Mcu.o
                0x00400f02                Mcu_schm_read_msr
 .text          0x00400f08        0x6 ./RTD/src/SchM_Port.o
                0x00400f08                Port_schm_read_msr
 .text          0x00400f0e        0x0 ./RTD/src/Siul2_Dio_Ip.o
 .text          0x00400f0e        0x0 ./RTD/src/Siul2_Icu_Ip.o
 .text          0x00400f0e        0x0 ./RTD/src/Siul2_Icu_Ip_Irq.o
 .text          0x00400f0e        0x0 ./RTD/src/Siul2_Port_Ip.o
 .text          0x00400f0e        0x0 ./RTD/src/Tspc_Port_Ip.o
 .text          0x00400f0e        0x0 ./board/Siul2_Port_Ip_Cfg.o
 .text          0x00400f0e        0x0 ./board/Tspc_Port_Ip_Cfg.o
 .text          0x00400f0e        0x0 ./generate/src/Clock_Ip_Cfg.o
 .text          0x00400f0e        0x0 ./generate/src/Igf_Port_Ip_Cfg.o
 .text          0x00400f0e        0x0 ./generate/src/IntCtrl_Ip_Cfg.o
 .text          0x00400f0e        0x0 ./generate/src/OsIf_Cfg.o
 .text          0x00400f0e        0x0 ./generate/src/Pit_Ip_PBcfg.o
 .text          0x00400f0e        0x0 ./generate/src/Siul2_Icu_Ip_SA_PBcfg.o
 *fill*         0x00400f0e        0x2 
 .text          0x00400f10       0x1c ./src/main.o
                0x00400f10                Pit0_Ch0_Callback
                0x00400f20                User_SW0_Callback
 .text          0x00400f2c        0x0 c:/nxp/s32ds.3.5/s32ds/build_tools/gcc_v10.2/gcc-10.2-arm32-eabi/bin/../lib/gcc/arm-none-eabi/10.2.0/../../../../arm-none-eabi/lib/thumb/v7e-m+fp/hard\libc_nano.a(lib_a-memmove.o)
 .text          0x00400f2c        0x0 c:/nxp/s32ds.3.5/s32ds/build_tools/gcc_v10.2/gcc-10.2-arm32-eabi/bin/../lib/gcc/arm-none-eabi/10.2.0/../../../../arm-none-eabi/lib/thumb/v7e-m+fp/hard\libc_nano.a(lib_a-memset.o)
 *(.text*)
 .text.memmove  0x00400f2c       0x34 c:/nxp/s32ds.3.5/s32ds/build_tools/gcc_v10.2/gcc-10.2-arm32-eabi/bin/../lib/gcc/arm-none-eabi/10.2.0/../../../../arm-none-eabi/lib/thumb/v7e-m+fp/hard\libc_nano.a(lib_a-memmove.o)
                0x00400f2c                memmove
 .text.memset   0x00400f60       0x10 c:/nxp/s32ds.3.5/s32ds/build_tools/gcc_v10.2/gcc-10.2-arm32-eabi/bin/../lib/gcc/arm-none-eabi/10.2.0/../../../../arm-none-eabi/lib/thumb/v7e-m+fp/hard\libc_nano.a(lib_a-memset.o)
                0x00400f60                memset
                0x00400f70                . = ALIGN (0x4)
 *(.mcal_text)
 .mcal_text     0x00400f70       0x14 ./Project_Settings/Startup_Code/exceptions.o
                0x00400f70                NMI_Handler
                0x00400f72                HardFault_Handler
                0x00400f74                MemManage_Handler
                0x00400f76                BusFault_Handler
                0x00400f78                UsageFault_Handler
                0x00400f7a                SVC_Handler
                0x00400f7c                DebugMon_Handler
                0x00400f7e                PendSV_Handler
                0x00400f80                SysTick_Handler
                0x00400f82                undefined_handler
 .mcal_text     0x00400f84       0x52 ./Project_Settings/Startup_Code/nvic.o
                0x00400f84                NVIC_SetPriorityGrouping
                0x00400f98                NVIC_EnableIRQ
                0x00400fb0                NVIC_DisableIRQ
                0x00400fc8                NVIC_SetPriority
 *fill*         0x00400fd6        0x2 
 .mcal_text     0x00400fd8       0xe8 ./Project_Settings/Startup_Code/startup.o
                0x00400fd8                init_data_bss
                0x00401064                init_data_bss_core2
 .mcal_text     0x004010c0      0x2ec ./Project_Settings/Startup_Code/system.o
                0x004010c0                startup_go_to_user_mode
                0x004010c2                default_interrupt_routine
                0x004010c4                SystemInit
 .mcal_text     0x004013ac      0x88c ./RTD/src/Clock_Ip.o
                0x004013ae                Clock_Ip_InitClock
                0x0040195c                Clock_Ip_GetPllStatus
                0x00401a00                Clock_Ip_DistributePll
                0x00401aec                Clock_Ip_Init
                0x00401b10                Clock_Ip_DisableClockMonitor
                0x00401b34                Clock_Ip_InstallNotificationsCallback
                0x00401b40                Clock_Ip_DisableModuleClock
                0x00401b68                Clock_Ip_EnableModuleClock
                0x00401b90                Clock_Ip_DisableFircInStandby
                0x00401ba8                Clock_Ip_EnableFircInStandby
                0x00401bc0                Clock_Ip_DisableSircInStandby
                0x00401bd8                Clock_Ip_EnableSircInStandby
                0x00401bf0                Clock_Ip_ReportClockErrors
                0x00401bfc                Clock_Ip_StartTimeout
                0x00401c1c                Clock_Ip_TimeoutExpired
 .mcal_text     0x00401c38      0x120 ./RTD/src/Clock_Ip_Divider.o
 .mcal_text     0x00401d58       0x9c ./RTD/src/Clock_Ip_DividerTrigger.o
 .mcal_text     0x00401df4      0x1c4 ./RTD/src/Clock_Ip_ExtOsc.o
 .mcal_text     0x00401fb8        0x6 ./RTD/src/Clock_Ip_FracDiv.o
 .mcal_text     0x00401fbe        0x2 ./RTD/src/Clock_Ip_Frequency.o
                0x00401fbe                Clock_Ip_SetExternalSignalFrequency
 .mcal_text     0x00401fc0      0x128 ./RTD/src/Clock_Ip_Gate.o
 .mcal_text     0x004020e8      0x104 ./RTD/src/Clock_Ip_IntOsc.o
 .mcal_text     0x004021ec        0x4 ./RTD/src/Clock_Ip_Irq.o
                0x004021ec                Mcu_Cmu_ClockFail_IRQHandler
 .mcal_text     0x004021f0      0x204 ./RTD/src/Clock_Ip_Monitor.o
                0x0040239c                Clock_Ip_CMU_GetInterruptStatus
                0x004023b0                Clock_Ip_CMU_ClockFailInt
 .mcal_text     0x004023f4      0x17c ./RTD/src/Clock_Ip_Pll.o
 .mcal_text     0x00402570      0x154 ./RTD/src/Clock_Ip_ProgFreqSwitch.o
 .mcal_text     0x004026c4      0x3dc ./RTD/src/Clock_Ip_Selector.o
                0x00402a74                Clock_Ip_SetRtcRtccClksel_TrustedCall
 .mcal_text     0x00402aa0      0x2c8 ./RTD/src/Clock_Ip_Specific.o
                0x00402aa0                Clock_Ip_McMeEnterKey
                0x00402ab4                Clock_Ip_PowerClockIpModules
                0x00402cb4                DisableFircInStandbyMode
                0x00402cc4                EnableFircInStandbyMode
                0x00402ce0                DisableSircInStandbyMode
                0x00402cf0                EnableSircInStandbyMode
                0x00402d0c                Clock_Ip_Command
                0x00402d5c                Clock_Ip_FLASH_SetFlashIWS
                0x00402d60                Clock_Ip_SetFlashWaitStates
                0x00402d64                Clock_Ip_SetRamWaitStates
 .mcal_text     0x00402d68       0xa4 ./RTD/src/Det.o
                0x00402d68                Det_Init
                0x00402d6a                Det_ReportError
                0x00402da0                Det_ReportRuntimeError
                0x00402dd4                Det_ReportTransientFault
                0x00402e08                Det_Start
 .mcal_text     0x00402e0c      0x21c ./RTD/src/Det_stub.o
                0x00402e0c                Det_TestLastReportError
                0x00402e74                Det_TestLastReportRuntimeError
                0x00402edc                Det_TestLastReportTransientFault
                0x00402f44                Det_TestNoError
                0x00402f90                Det_TestNoRuntimeError
                0x00402fdc                Det_TestNoTransientFault
 .mcal_text     0x00403028      0x15c ./RTD/src/IntCtrl_Ip.o
                0x00403028                IntCtrl_Ip_InstallHandlerPrivileged
                0x0040304e                IntCtrl_Ip_EnableIrqPrivileged
                0x00403066                IntCtrl_Ip_DisableIrqPrivileged
                0x0040307e                IntCtrl_Ip_SetPriorityPrivileged
                0x0040308c                IntCtrl_Ip_GetPriorityPrivileged
                0x00403098                IntCtrl_Ip_ClearPendingPrivileged
                0x004030b0                IntCtrl_Ip_SetPendingPrivileged
                0x004030c8                IntCtrl_Ip_GetPendingPrivileged
                0x004030e2                IntCtrl_Ip_GetActivePrivileged
                0x004030fc                IntCtrl_Ip_Init
                0x0040314c                IntCtrl_Ip_InstallHandler
                0x00403150                IntCtrl_Ip_EnableIrq
                0x00403154                IntCtrl_Ip_DisableIrq
                0x00403158                IntCtrl_Ip_SetPriority
                0x0040315c                IntCtrl_Ip_GetPriority
                0x00403160                IntCtrl_Ip_ClearPending
                0x00403164                IntCtrl_Ip_SetPending
                0x00403168                IntCtrl_Ip_GetPending
                0x00403176                IntCtrl_Ip_GetActive
 .mcal_text     0x00403184       0x18 ./RTD/src/OsIf_Timer.o
                0x00403184                OsIf_Init
                0x00403186                OsIf_GetCounter
                0x0040318a                OsIf_GetElapsed
                0x00403192                OsIf_SetTimerFrequency
                0x00403194                OsIf_MicrosToTicks
 .mcal_text     0x0040319c       0x42 ./RTD/src/OsIf_Timer_System_Internal_Systick.o
                0x0040319c                OsIf_Timer_System_Internal_Init
                0x004031b2                OsIf_Timer_System_Internal_GetCounter
                0x004031be                OsIf_Timer_System_Internal_GetElapsed
 *fill*         0x004031de        0x2 
 .mcal_text     0x004031e0      0x30c ./RTD/src/Pit_Ip.o
                0x004031fc                Pit_Ip_GetLoadValue
                0x00403210                Pit_Ip_Init
                0x0040323c                Pit_Ip_InitChannel
                0x004032ac                Pit_Ip_Deinit
                0x00403308                Pit_Ip_StartChannel
                0x00403348                Pit_Ip_StopChannel
                0x0040337c                Pit_Ip_GetCurrentTimer
                0x00403394                Pit_Ip_EnableChannelInterrupt
                0x004033c4                Pit_Ip_DisableChannelInterrupt
                0x004033f8                Pit_Ip_SetLifetimeTimer
                0x00403464                Pit_Ip_GetLifetimeTimer
                0x00403478                PIT_0_ISR
 .mcal_text     0x004034ec       0xc8 ./RTD/src/SchM_Dio.o
                0x004034ec                SchM_Enter_Dio_DIO_EXCLUSIVE_AREA_00
                0x00403520                SchM_Exit_Dio_DIO_EXCLUSIVE_AREA_00
                0x00403550                SchM_Enter_Dio_DIO_EXCLUSIVE_AREA_01
                0x00403584                SchM_Exit_Dio_DIO_EXCLUSIVE_AREA_01
 .mcal_text     0x004035b4     0x157c ./RTD/src/SchM_Gpt.o
                0x004035b4                SchM_Enter_Gpt_GPT_EXCLUSIVE_AREA_00
                0x004035e8                SchM_Exit_Gpt_GPT_EXCLUSIVE_AREA_00
                0x00403618                SchM_Enter_Gpt_GPT_EXCLUSIVE_AREA_01
                0x0040364c                SchM_Exit_Gpt_GPT_EXCLUSIVE_AREA_01
                0x0040367c                SchM_Enter_Gpt_GPT_EXCLUSIVE_AREA_02
                0x004036b0                SchM_Exit_Gpt_GPT_EXCLUSIVE_AREA_02
                0x004036e0                SchM_Enter_Gpt_GPT_EXCLUSIVE_AREA_03
                0x00403714                SchM_Exit_Gpt_GPT_EXCLUSIVE_AREA_03
                0x00403744                SchM_Enter_Gpt_GPT_EXCLUSIVE_AREA_04
                0x00403778                SchM_Exit_Gpt_GPT_EXCLUSIVE_AREA_04
                0x004037a8                SchM_Enter_Gpt_GPT_EXCLUSIVE_AREA_05
                0x004037dc                SchM_Exit_Gpt_GPT_EXCLUSIVE_AREA_05
                0x0040380c                SchM_Enter_Gpt_GPT_EXCLUSIVE_AREA_06
                0x00403840                SchM_Exit_Gpt_GPT_EXCLUSIVE_AREA_06
                0x00403870                SchM_Enter_Gpt_GPT_EXCLUSIVE_AREA_07
                0x004038a4                SchM_Exit_Gpt_GPT_EXCLUSIVE_AREA_07
                0x004038d4                SchM_Enter_Gpt_GPT_EXCLUSIVE_AREA_10
                0x00403908                SchM_Exit_Gpt_GPT_EXCLUSIVE_AREA_10
                0x00403938                SchM_Enter_Gpt_GPT_EXCLUSIVE_AREA_11
                0x0040396c                SchM_Exit_Gpt_GPT_EXCLUSIVE_AREA_11
                0x0040399c                SchM_Enter_Gpt_GPT_EXCLUSIVE_AREA_12
                0x004039d0                SchM_Exit_Gpt_GPT_EXCLUSIVE_AREA_12
                0x00403a00                SchM_Enter_Gpt_GPT_EXCLUSIVE_AREA_17
                0x00403a34                SchM_Exit_Gpt_GPT_EXCLUSIVE_AREA_17
                0x00403a64                SchM_Enter_Gpt_GPT_EXCLUSIVE_AREA_21
                0x00403a98                SchM_Exit_Gpt_GPT_EXCLUSIVE_AREA_21
                0x00403ac8                SchM_Enter_Gpt_GPT_EXCLUSIVE_AREA_22
                0x00403afc                SchM_Exit_Gpt_GPT_EXCLUSIVE_AREA_22
                0x00403b2c                SchM_Enter_Gpt_GPT_EXCLUSIVE_AREA_23
                0x00403b60                SchM_Exit_Gpt_GPT_EXCLUSIVE_AREA_23
                0x00403b90                SchM_Enter_Gpt_GPT_EXCLUSIVE_AREA_24
                0x00403bc4                SchM_Exit_Gpt_GPT_EXCLUSIVE_AREA_24
                0x00403bf4                SchM_Enter_Gpt_GPT_EXCLUSIVE_AREA_25
                0x00403c28                SchM_Exit_Gpt_GPT_EXCLUSIVE_AREA_25
                0x00403c58                SchM_Enter_Gpt_GPT_EXCLUSIVE_AREA_26
                0x00403c8c                SchM_Exit_Gpt_GPT_EXCLUSIVE_AREA_26
                0x00403cbc                SchM_Enter_Gpt_GPT_EXCLUSIVE_AREA_27
                0x00403cf0                SchM_Exit_Gpt_GPT_EXCLUSIVE_AREA_27
                0x00403d20                SchM_Enter_Gpt_GPT_EXCLUSIVE_AREA_28
                0x00403d54                SchM_Exit_Gpt_GPT_EXCLUSIVE_AREA_28
                0x00403d84                SchM_Enter_Gpt_GPT_EXCLUSIVE_AREA_29
                0x00403db8                SchM_Exit_Gpt_GPT_EXCLUSIVE_AREA_29
                0x00403de8                SchM_Enter_Gpt_GPT_EXCLUSIVE_AREA_30
                0x00403e1c                SchM_Exit_Gpt_GPT_EXCLUSIVE_AREA_30
                0x00403e4c                SchM_Enter_Gpt_GPT_EXCLUSIVE_AREA_31
                0x00403e80                SchM_Exit_Gpt_GPT_EXCLUSIVE_AREA_31
                0x00403eb0                SchM_Enter_Gpt_GPT_EXCLUSIVE_AREA_35
                0x00403ee4                SchM_Exit_Gpt_GPT_EXCLUSIVE_AREA_35
                0x00403f14                SchM_Enter_Gpt_GPT_EXCLUSIVE_AREA_36
                0x00403f48                SchM_Exit_Gpt_GPT_EXCLUSIVE_AREA_36
                0x00403f78                SchM_Enter_Gpt_GPT_EXCLUSIVE_AREA_38
                0x00403fac                SchM_Exit_Gpt_GPT_EXCLUSIVE_AREA_38
                0x00403fdc                SchM_Enter_Gpt_GPT_EXCLUSIVE_AREA_39
                0x00404010                SchM_Exit_Gpt_GPT_EXCLUSIVE_AREA_39
                0x00404040                SchM_Enter_Gpt_GPT_EXCLUSIVE_AREA_40
                0x00404074                SchM_Exit_Gpt_GPT_EXCLUSIVE_AREA_40
                0x004040a4                SchM_Enter_Gpt_GPT_EXCLUSIVE_AREA_41
                0x004040d8                SchM_Exit_Gpt_GPT_EXCLUSIVE_AREA_41
                0x00404108                SchM_Enter_Gpt_GPT_EXCLUSIVE_AREA_42
                0x0040413c                SchM_Exit_Gpt_GPT_EXCLUSIVE_AREA_42
                0x0040416c                SchM_Enter_Gpt_GPT_EXCLUSIVE_AREA_43
                0x004041a0                SchM_Exit_Gpt_GPT_EXCLUSIVE_AREA_43
                0x004041d0                SchM_Enter_Gpt_GPT_EXCLUSIVE_AREA_44
                0x00404204                SchM_Exit_Gpt_GPT_EXCLUSIVE_AREA_44
                0x00404234                SchM_Enter_Gpt_GPT_EXCLUSIVE_AREA_45
                0x00404268                SchM_Exit_Gpt_GPT_EXCLUSIVE_AREA_45
                0x00404298                SchM_Enter_Gpt_GPT_EXCLUSIVE_AREA_46
                0x004042cc                SchM_Exit_Gpt_GPT_EXCLUSIVE_AREA_46
                0x004042fc                SchM_Enter_Gpt_GPT_EXCLUSIVE_AREA_50
                0x00404330                SchM_Exit_Gpt_GPT_EXCLUSIVE_AREA_50
                0x00404360                SchM_Enter_Gpt_GPT_EXCLUSIVE_AREA_51
                0x00404394                SchM_Exit_Gpt_GPT_EXCLUSIVE_AREA_51
                0x004043c4                SchM_Enter_Gpt_GPT_EXCLUSIVE_AREA_52
                0x004043f8                SchM_Exit_Gpt_GPT_EXCLUSIVE_AREA_52
                0x00404428                SchM_Enter_Gpt_GPT_EXCLUSIVE_AREA_53
                0x0040445c                SchM_Exit_Gpt_GPT_EXCLUSIVE_AREA_53
                0x0040448c                SchM_Enter_Gpt_GPT_EXCLUSIVE_AREA_54
                0x004044c0                SchM_Exit_Gpt_GPT_EXCLUSIVE_AREA_54
                0x004044f0                SchM_Enter_Gpt_GPT_EXCLUSIVE_AREA_55
                0x00404524                SchM_Exit_Gpt_GPT_EXCLUSIVE_AREA_55
                0x00404554                SchM_Enter_Gpt_GPT_EXCLUSIVE_AREA_56
                0x00404588                SchM_Exit_Gpt_GPT_EXCLUSIVE_AREA_56
                0x004045b8                SchM_Enter_Gpt_GPT_EXCLUSIVE_AREA_60
                0x004045ec                SchM_Exit_Gpt_GPT_EXCLUSIVE_AREA_60
                0x0040461c                SchM_Enter_Gpt_GPT_EXCLUSIVE_AREA_61
                0x00404650                SchM_Exit_Gpt_GPT_EXCLUSIVE_AREA_61
                0x00404680                SchM_Enter_Gpt_GPT_EXCLUSIVE_AREA_62
                0x004046b4                SchM_Exit_Gpt_GPT_EXCLUSIVE_AREA_62
                0x004046e4                SchM_Enter_Gpt_GPT_EXCLUSIVE_AREA_63
                0x00404718                SchM_Exit_Gpt_GPT_EXCLUSIVE_AREA_63
                0x00404748                SchM_Enter_Gpt_GPT_EXCLUSIVE_AREA_64
                0x0040477c                SchM_Exit_Gpt_GPT_EXCLUSIVE_AREA_64
                0x004047ac                SchM_Enter_Gpt_GPT_EXCLUSIVE_AREA_65
                0x004047e0                SchM_Exit_Gpt_GPT_EXCLUSIVE_AREA_65
                0x00404810                SchM_Enter_Gpt_GPT_EXCLUSIVE_AREA_66
                0x00404844                SchM_Exit_Gpt_GPT_EXCLUSIVE_AREA_66
                0x00404874                SchM_Enter_Gpt_GPT_EXCLUSIVE_AREA_67
                0x004048a8                SchM_Exit_Gpt_GPT_EXCLUSIVE_AREA_67
                0x004048d8                SchM_Enter_Gpt_GPT_EXCLUSIVE_AREA_68
                0x0040490c                SchM_Exit_Gpt_GPT_EXCLUSIVE_AREA_68
                0x0040493c                SchM_Enter_Gpt_GPT_EXCLUSIVE_AREA_69
                0x00404970                SchM_Exit_Gpt_GPT_EXCLUSIVE_AREA_69
                0x004049a0                SchM_Enter_Gpt_GPT_EXCLUSIVE_AREA_70
                0x004049d4                SchM_Exit_Gpt_GPT_EXCLUSIVE_AREA_70
                0x00404a04                SchM_Enter_Gpt_GPT_EXCLUSIVE_AREA_71
                0x00404a38                SchM_Exit_Gpt_GPT_EXCLUSIVE_AREA_71
                0x00404a68                SchM_Enter_Gpt_GPT_EXCLUSIVE_AREA_72
                0x00404a9c                SchM_Exit_Gpt_GPT_EXCLUSIVE_AREA_72
                0x00404acc                SchM_Enter_Gpt_GPT_EXCLUSIVE_AREA_73
                0x00404b00                SchM_Exit_Gpt_GPT_EXCLUSIVE_AREA_73
 .mcal_text     0x00404b30     0x10cc ./RTD/src/SchM_Icu.o
                0x00404b30                SchM_Enter_Icu_ICU_EXCLUSIVE_AREA_00
                0x00404b64                SchM_Exit_Icu_ICU_EXCLUSIVE_AREA_00
                0x00404b94                SchM_Enter_Icu_ICU_EXCLUSIVE_AREA_01
                0x00404bc8                SchM_Exit_Icu_ICU_EXCLUSIVE_AREA_01
                0x00404bf8                SchM_Enter_Icu_ICU_EXCLUSIVE_AREA_02
                0x00404c2c                SchM_Exit_Icu_ICU_EXCLUSIVE_AREA_02
                0x00404c5c                SchM_Enter_Icu_ICU_EXCLUSIVE_AREA_03
                0x00404c90                SchM_Exit_Icu_ICU_EXCLUSIVE_AREA_03
                0x00404cc0                SchM_Enter_Icu_ICU_EXCLUSIVE_AREA_04
                0x00404cf4                SchM_Exit_Icu_ICU_EXCLUSIVE_AREA_04
                0x00404d24                SchM_Enter_Icu_ICU_EXCLUSIVE_AREA_05
                0x00404d58                SchM_Exit_Icu_ICU_EXCLUSIVE_AREA_05
                0x00404d88                SchM_Enter_Icu_ICU_EXCLUSIVE_AREA_06
                0x00404dbc                SchM_Exit_Icu_ICU_EXCLUSIVE_AREA_06
                0x00404dec                SchM_Enter_Icu_ICU_EXCLUSIVE_AREA_07
                0x00404e20                SchM_Exit_Icu_ICU_EXCLUSIVE_AREA_07
                0x00404e50                SchM_Enter_Icu_ICU_EXCLUSIVE_AREA_08
                0x00404e84                SchM_Exit_Icu_ICU_EXCLUSIVE_AREA_08
                0x00404eb4                SchM_Enter_Icu_ICU_EXCLUSIVE_AREA_09
                0x00404ee8                SchM_Exit_Icu_ICU_EXCLUSIVE_AREA_09
                0x00404f18                SchM_Enter_Icu_ICU_EXCLUSIVE_AREA_11
                0x00404f4c                SchM_Exit_Icu_ICU_EXCLUSIVE_AREA_11
                0x00404f7c                SchM_Enter_Icu_ICU_EXCLUSIVE_AREA_15
                0x00404fb0                SchM_Exit_Icu_ICU_EXCLUSIVE_AREA_15
                0x00404fe0                SchM_Enter_Icu_ICU_EXCLUSIVE_AREA_16
                0x00405014                SchM_Exit_Icu_ICU_EXCLUSIVE_AREA_16
                0x00405044                SchM_Enter_Icu_ICU_EXCLUSIVE_AREA_17
                0x00405078                SchM_Exit_Icu_ICU_EXCLUSIVE_AREA_17
                0x004050a8                SchM_Enter_Icu_ICU_EXCLUSIVE_AREA_18
                0x004050dc                SchM_Exit_Icu_ICU_EXCLUSIVE_AREA_18
                0x0040510c                SchM_Enter_Icu_ICU_EXCLUSIVE_AREA_19
                0x00405140                SchM_Exit_Icu_ICU_EXCLUSIVE_AREA_19
                0x00405170                SchM_Enter_Icu_ICU_EXCLUSIVE_AREA_20
                0x004051a4                SchM_Exit_Icu_ICU_EXCLUSIVE_AREA_20
                0x004051d4                SchM_Enter_Icu_ICU_EXCLUSIVE_AREA_21
                0x00405208                SchM_Exit_Icu_ICU_EXCLUSIVE_AREA_21
                0x00405238                SchM_Enter_Icu_ICU_EXCLUSIVE_AREA_22
                0x0040526c                SchM_Exit_Icu_ICU_EXCLUSIVE_AREA_22
                0x0040529c                SchM_Enter_Icu_ICU_EXCLUSIVE_AREA_23
                0x004052d0                SchM_Exit_Icu_ICU_EXCLUSIVE_AREA_23
                0x00405300                SchM_Enter_Icu_ICU_EXCLUSIVE_AREA_24
                0x00405334                SchM_Exit_Icu_ICU_EXCLUSIVE_AREA_24
                0x00405364                SchM_Enter_Icu_ICU_EXCLUSIVE_AREA_25
                0x00405398                SchM_Exit_Icu_ICU_EXCLUSIVE_AREA_25
                0x004053c8                SchM_Enter_Icu_ICU_EXCLUSIVE_AREA_26
                0x004053fc                SchM_Exit_Icu_ICU_EXCLUSIVE_AREA_26
                0x0040542c                SchM_Enter_Icu_ICU_EXCLUSIVE_AREA_27
                0x00405460                SchM_Exit_Icu_ICU_EXCLUSIVE_AREA_27
                0x00405490                SchM_Enter_Icu_ICU_EXCLUSIVE_AREA_28
                0x004054c4                SchM_Exit_Icu_ICU_EXCLUSIVE_AREA_28
                0x004054f4                SchM_Enter_Icu_ICU_EXCLUSIVE_AREA_29
                0x00405528                SchM_Exit_Icu_ICU_EXCLUSIVE_AREA_29
                0x00405558                SchM_Enter_Icu_ICU_EXCLUSIVE_AREA_30
                0x0040558c                SchM_Exit_Icu_ICU_EXCLUSIVE_AREA_30
                0x004055bc                SchM_Enter_Icu_ICU_EXCLUSIVE_AREA_31
                0x004055f0                SchM_Exit_Icu_ICU_EXCLUSIVE_AREA_31
                0x00405620                SchM_Enter_Icu_ICU_EXCLUSIVE_AREA_32
                0x00405654                SchM_Exit_Icu_ICU_EXCLUSIVE_AREA_32
                0x00405684                SchM_Enter_Icu_ICU_EXCLUSIVE_AREA_33
                0x004056b8                SchM_Exit_Icu_ICU_EXCLUSIVE_AREA_33
                0x004056e8                SchM_Enter_Icu_ICU_EXCLUSIVE_AREA_44
                0x0040571c                SchM_Exit_Icu_ICU_EXCLUSIVE_AREA_44
                0x0040574c                SchM_Enter_Icu_ICU_EXCLUSIVE_AREA_45
                0x00405780                SchM_Exit_Icu_ICU_EXCLUSIVE_AREA_45
                0x004057b0                SchM_Enter_Icu_ICU_EXCLUSIVE_AREA_46
                0x004057e4                SchM_Exit_Icu_ICU_EXCLUSIVE_AREA_46
                0x00405814                SchM_Enter_Icu_ICU_EXCLUSIVE_AREA_47
                0x00405848                SchM_Exit_Icu_ICU_EXCLUSIVE_AREA_47
                0x00405878                SchM_Enter_Icu_ICU_EXCLUSIVE_AREA_48
                0x004058ac                SchM_Exit_Icu_ICU_EXCLUSIVE_AREA_48
                0x004058dc                SchM_Enter_Icu_ICU_EXCLUSIVE_AREA_49
                0x00405910                SchM_Exit_Icu_ICU_EXCLUSIVE_AREA_49
                0x00405940                SchM_Enter_Icu_ICU_EXCLUSIVE_AREA_50
                0x00405974                SchM_Exit_Icu_ICU_EXCLUSIVE_AREA_50
                0x004059a4                SchM_Enter_Icu_ICU_EXCLUSIVE_AREA_51
                0x004059d8                SchM_Exit_Icu_ICU_EXCLUSIVE_AREA_51
                0x00405a08                SchM_Enter_Icu_ICU_EXCLUSIVE_AREA_52
                0x00405a3c                SchM_Exit_Icu_ICU_EXCLUSIVE_AREA_52
                0x00405a6c                SchM_Enter_Icu_ICU_EXCLUSIVE_AREA_53
                0x00405aa0                SchM_Exit_Icu_ICU_EXCLUSIVE_AREA_53
                0x00405ad0                SchM_Enter_Icu_ICU_EXCLUSIVE_AREA_57
                0x00405b04                SchM_Exit_Icu_ICU_EXCLUSIVE_AREA_57
                0x00405b34                SchM_Enter_Icu_ICU_EXCLUSIVE_AREA_58
                0x00405b68                SchM_Exit_Icu_ICU_EXCLUSIVE_AREA_58
                0x00405b98                SchM_Enter_Icu_ICU_EXCLUSIVE_AREA_59
                0x00405bcc                SchM_Exit_Icu_ICU_EXCLUSIVE_AREA_59
 .mcal_text     0x00405bfc      0x12c ./RTD/src/SchM_Mcu.o
                0x00405bfc                SchM_Enter_Mcu_MCU_EXCLUSIVE_AREA_00
                0x00405c30                SchM_Exit_Mcu_MCU_EXCLUSIVE_AREA_00
                0x00405c60                SchM_Enter_Mcu_MCU_EXCLUSIVE_AREA_01
                0x00405c94                SchM_Exit_Mcu_MCU_EXCLUSIVE_AREA_01
                0x00405cc4                SchM_Enter_Mcu_MCU_EXCLUSIVE_AREA_02
                0x00405cf8                SchM_Exit_Mcu_MCU_EXCLUSIVE_AREA_02
 .mcal_text     0x00405d28      0xaf0 ./RTD/src/SchM_Port.o
                0x00405d28                SchM_Enter_Port_PORT_EXCLUSIVE_AREA_00
                0x00405d5c                SchM_Exit_Port_PORT_EXCLUSIVE_AREA_00
                0x00405d8c                SchM_Enter_Port_PORT_EXCLUSIVE_AREA_01
                0x00405dc0                SchM_Exit_Port_PORT_EXCLUSIVE_AREA_01
                0x00405df0                SchM_Enter_Port_PORT_EXCLUSIVE_AREA_02
                0x00405e24                SchM_Exit_Port_PORT_EXCLUSIVE_AREA_02
                0x00405e54                SchM_Enter_Port_PORT_EXCLUSIVE_AREA_03
                0x00405e88                SchM_Exit_Port_PORT_EXCLUSIVE_AREA_03
                0x00405eb8                SchM_Enter_Port_PORT_EXCLUSIVE_AREA_04
                0x00405eec                SchM_Exit_Port_PORT_EXCLUSIVE_AREA_04
                0x00405f1c                SchM_Enter_Port_PORT_EXCLUSIVE_AREA_05
                0x00405f50                SchM_Exit_Port_PORT_EXCLUSIVE_AREA_05
                0x00405f80                SchM_Enter_Port_PORT_EXCLUSIVE_AREA_06
                0x00405fb4                SchM_Exit_Port_PORT_EXCLUSIVE_AREA_06
                0x00405fe4                SchM_Enter_Port_PORT_EXCLUSIVE_AREA_07
                0x00406018                SchM_Exit_Port_PORT_EXCLUSIVE_AREA_07
                0x00406048                SchM_Enter_Port_PORT_EXCLUSIVE_AREA_08
                0x0040607c                SchM_Exit_Port_PORT_EXCLUSIVE_AREA_08
                0x004060ac                SchM_Enter_Port_PORT_EXCLUSIVE_AREA_09
                0x004060e0                SchM_Exit_Port_PORT_EXCLUSIVE_AREA_09
                0x00406110                SchM_Enter_Port_PORT_EXCLUSIVE_AREA_10
                0x00406144                SchM_Exit_Port_PORT_EXCLUSIVE_AREA_10
                0x00406174                SchM_Enter_Port_PORT_EXCLUSIVE_AREA_11
                0x004061a8                SchM_Exit_Port_PORT_EXCLUSIVE_AREA_11
                0x004061d8                SchM_Enter_Port_PORT_EXCLUSIVE_AREA_12
                0x0040620c                SchM_Exit_Port_PORT_EXCLUSIVE_AREA_12
                0x0040623c                SchM_Enter_Port_PORT_EXCLUSIVE_AREA_13
                0x00406270                SchM_Exit_Port_PORT_EXCLUSIVE_AREA_13
                0x004062a0                SchM_Enter_Port_PORT_EXCLUSIVE_AREA_14
                0x004062d4                SchM_Exit_Port_PORT_EXCLUSIVE_AREA_14
                0x00406304                SchM_Enter_Port_PORT_EXCLUSIVE_AREA_15
                0x00406338                SchM_Exit_Port_PORT_EXCLUSIVE_AREA_15
                0x00406368                SchM_Enter_Port_PORT_EXCLUSIVE_AREA_16
                0x0040639c                SchM_Exit_Port_PORT_EXCLUSIVE_AREA_16
                0x004063cc                SchM_Enter_Port_PORT_EXCLUSIVE_AREA_17
                0x00406400                SchM_Exit_Port_PORT_EXCLUSIVE_AREA_17
                0x00406430                SchM_Enter_Port_PORT_EXCLUSIVE_AREA_18
                0x00406464                SchM_Exit_Port_PORT_EXCLUSIVE_AREA_18
                0x00406494                SchM_Enter_Port_PORT_EXCLUSIVE_AREA_19
                0x004064c8                SchM_Exit_Port_PORT_EXCLUSIVE_AREA_19
                0x004064f8                SchM_Enter_Port_PORT_EXCLUSIVE_AREA_20
                0x0040652c                SchM_Exit_Port_PORT_EXCLUSIVE_AREA_20
                0x0040655c                SchM_Enter_Port_PORT_EXCLUSIVE_AREA_21
                0x00406590                SchM_Exit_Port_PORT_EXCLUSIVE_AREA_21
                0x004065c0                SchM_Enter_Port_PORT_EXCLUSIVE_AREA_22
                0x004065f4                SchM_Exit_Port_PORT_EXCLUSIVE_AREA_22
                0x00406624                SchM_Enter_Port_PORT_EXCLUSIVE_AREA_23
                0x00406658                SchM_Exit_Port_PORT_EXCLUSIVE_AREA_23
                0x00406688                SchM_Enter_Port_PORT_EXCLUSIVE_AREA_24
                0x004066bc                SchM_Exit_Port_PORT_EXCLUSIVE_AREA_24
                0x004066ec                SchM_Enter_Port_PORT_EXCLUSIVE_AREA_25
                0x00406720                SchM_Exit_Port_PORT_EXCLUSIVE_AREA_25
                0x00406750                SchM_Enter_Port_PORT_EXCLUSIVE_AREA_26
                0x00406784                SchM_Exit_Port_PORT_EXCLUSIVE_AREA_26
                0x004067b4                SchM_Enter_Port_PORT_EXCLUSIVE_AREA_27
                0x004067e8                SchM_Exit_Port_PORT_EXCLUSIVE_AREA_27
 .mcal_text     0x00406818      0x108 ./RTD/src/Siul2_Dio_Ip.o
                0x0040684e                Siul2_Dio_Ip_WritePin
                0x0040687e                Siul2_Dio_Ip_WritePins
                0x0040688c                Siul2_Dio_Ip_GetPinsOutput
                0x00406892                Siul2_Dio_Ip_SetPins
                0x004068a6                Siul2_Dio_Ip_ClearPins
                0x004068bc                Siul2_Dio_Ip_TogglePins
                0x004068d0                Siul2_Dio_Ip_ReadPins
                0x004068d8                Siul2_Dio_Ip_ReadPin
                0x004068f2                Siul2_Dio_Ip_MaskedWritePins
 .mcal_text     0x00406920      0x288 ./RTD/src/Siul2_Icu_Ip.o
                0x00406920                Siul2_Icu_Ip_Init
                0x00406a28                Siul2_Icu_Ip_SetActivationCondition
                0x00406a58                Siul2_Icu_Ip_GetInputState
                0x00406a7c                Siul2_Icu_Ip_SetClockMode
                0x00406aa0                Siul2_Icu_Ip_EnableInterrupt
                0x00406ab8                Siul2_Icu_Ip_DisableInterrupt
                0x00406ad0                Siul2_Icu_Ip_DeInit
                0x00406b68                Siul2_Icu_Ip_SetSleepMode
                0x00406b6c                Siul2_Icu_Ip_SetNormalMode
                0x00406b70                Siul2_Icu_Ip_EnableNotification
                0x00406b8c                Siul2_Icu_Ip_DisableNotification
 .mcal_text     0x00406ba8       0x68 ./RTD/src/Siul2_Icu_Ip_Irq.o
                0x00406ba8                SIUL2_EXT_IRQ_8_15_ISR
 .mcal_text     0x00406c10      0x3bc ./RTD/src/Siul2_Port_Ip.o
                0x00406d48                Siul2_Port_Ip_Init
                0x00406d78                Siul2_Port_Ip_SetPullSel
                0x00406dba                Siul2_Port_Ip_SetOutputBuffer
                0x00406e0a                Siul2_Port_Ip_SetInputBuffer
                0x00406e6e                Siul2_Port_Ip_SetPinDirection
                0x00406ed0                Siul2_Port_Ip_RevertPinConfiguration
                0x00406f1c                Siul2_Port_Ip_GetPinConfiguration
 .mcal_text     0x00406fcc       0xb8 ./RTD/src/Tspc_Port_Ip.o
                0x00406fcc                Tspc_Port_Ip_EnableObeGroup
                0x00406ff4                Tspc_Port_Ip_ConfigureObeGroup
                0x00407084                . = ALIGN (0x4)
 *(.acmcu_code_rom)
                0x00407084                . = ALIGN (0x4)
                0x00407084                __acfls_code_rom_start = .
 *(.acfls_code_rom)
 .acfls_code_rom
                0x00407084       0x40 ./RTD/src/Clock_Ip_Specific.o
                0x00407084                Clock_Ip_PRAMCSetRamIWS
 *fill*         0x004070c4        0x4 
 .acfls_code_rom.__stub
                0x004070c8        0x8 linker stubs
                0x004070d0                . = ALIGN (0x4)
                0x004070d0                __acfls_code_rom_end = .
 *(.init)
                0x004070d0                . = ALIGN (0x4)
 *(.fini)
                0x004070d0                . = ALIGN (0x4)
 *(.rodata)
 .rodata        0x004070d0        0x3 ./RTD/src/Clock_Ip_IntOsc.o
 *fill*         0x004070d3        0x1 
 .rodata        0x004070d4        0x4 ./RTD/src/Siul2_Port_Ip.o
                0x004070d4                Port_au32Siul2BaseAddr
 *(.rodata*)
                0x004070d8                . = ALIGN (0x4)
 *(.mcal_const_cfg)
 .mcal_const_cfg
                0x004070d8      0x2f0 ./board/Siul2_Port_Ip_Cfg.o
                0x004070d8                g_pin_mux_InitConfigArr0
 .mcal_const_cfg
                0x004073c8      0x40c ./generate/src/Clock_Ip_Cfg.o
                0x004073c8                Clock_Ip_aClockConfig
 .mcal_const_cfg
                0x004077d4       0x14 ./generate/src/IntCtrl_Ip_Cfg.o
                0x004077d4                IntCtrlConfig_0
 .mcal_const_cfg
                0x004077e8       0x12 ./generate/src/Pit_Ip_PBcfg.o
                0x004077e8                PIT_0_ChannelConfig_PB
                0x004077f8                PIT_0_InitConfig_PB
 *fill*         0x004077fa        0x2 
 .mcal_const_cfg
                0x004077fc       0x28 ./generate/src/Siul2_Icu_Ip_SA_PBcfg.o
                0x004077fc                Siul2_Icu_Ip_0_Config_PB
                0x00407808                Siul2_Icu_Ip_0_InstanceConfig_PB
                0x0040780c                Siul2_Icu_Ip_0_ChannelConfig_PB
                0x00407824                . = ALIGN (0x4)
 *(.mcal_const)
 .mcal_const    0x00407824      0xe94 ./RTD/src/Clock_Ip_Data.o
                0x00407824                Clock_Ip_axGateInfo
                0x00407efc                Clock_Ip_axFeatureExtensions
                0x0040811c                Clock_Ip_aeHwDfsName
                0x00408120                Clock_Ip_aeHwPllName
                0x00408124                Clock_Ip_aeSourceTypeClockName
                0x0040816c                Clock_Ip_apxMcMeTriggerPartitions
                0x0040817c                Clock_Ip_apxMcMeGetPartitions
                0x0040818c                Clock_Ip_apxMcMeSetPartitions
                0x0040819c                Clock_Ip_axCmuInfo
                0x0040820c                Clock_Ip_aeCmuNames
                0x00408228                Clock_Ip_apxCmu
                0x00408244                Clock_Ip_apxPll
                0x00408254                Clock_Ip_apxXosc
                0x0040825c                Clock_Ip_apxCgmPcfs
                0x00408260                Clock_Ip_apxCgm
                0x004082b0                Clock_Ip_au16SelectorEntryRtcHardwareValue
                0x004082d4                Clock_Ip_au16SelectorEntryHardwareValue
                0x004082f8                Clock_Ip_au8SoftwareMuxResetValue
                0x0040834f                Clock_Ip_au8ClockFeatures
                0x0040865e                Clock_Ip_au8CmuCallbackIndex
                0x00408667                Clock_Ip_au8PcfsCallbackIndex
                0x00408670                Clock_Ip_au8SelectorCallbackIndex
                0x00408679                Clock_Ip_au8PllCallbackIndex
                0x00408682                Clock_Ip_au8FractionalDividerCallbackIndex
                0x0040868b                Clock_Ip_au8GateCallbackIndex
                0x00408694                Clock_Ip_au8IrcoscCallbackIndex
                0x0040869d                Clock_Ip_au8XoscCallbackIndex
                0x004086a6                Clock_Ip_au8DividerTriggerCallbackIndex
                0x004086af                Clock_Ip_au8DividerCallbackIndex
 .mcal_const    0x004086b8       0x10 ./RTD/src/Clock_Ip_Divider.o
                0x004086b8                Clock_Ip_axDividerCallbacks
 .mcal_const    0x004086c8       0x10 ./RTD/src/Clock_Ip_DividerTrigger.o
                0x004086c8                Clock_Ip_axDividerTriggerCallbacks
 .mcal_const    0x004086d8       0x3c ./RTD/src/Clock_Ip_ExtOsc.o
                0x004086d8                Clock_Ip_axExtOscCallbacks
 .mcal_const    0x00408714        0xc ./RTD/src/Clock_Ip_FracDiv.o
                0x00408714                Clock_Ip_axFracDivCallbacks
 .mcal_const    0x00408720       0x10 ./RTD/src/Clock_Ip_Gate.o
                0x00408720                Clock_Ip_axGateCallbacks
 .mcal_const    0x00408730       0x30 ./RTD/src/Clock_Ip_IntOsc.o
                0x00408730                Clock_Ip_axIntOscCallbacks
 .mcal_const    0x00408760       0x20 ./RTD/src/Clock_Ip_Monitor.o
                0x00408760                Clock_Ip_axCmuCallbacks
 .mcal_const    0x00408780       0x28 ./RTD/src/Clock_Ip_Pll.o
                0x00408780                Clock_Ip_axPllCallbacks
 .mcal_const    0x004087a8        0x8 ./RTD/src/Clock_Ip_ProgFreqSwitch.o
                0x004087a8                Clock_Ip_axPcfsCallbacks
 .mcal_const    0x004087b0       0x28 ./RTD/src/Clock_Ip_Selector.o
                0x004087b0                Clock_Ip_axSelectorCallbacks
 .mcal_const    0x004087d8        0x8 ./RTD/src/Pit_Ip.o
                0x004087d8                pitBase
 .mcal_const    0x004087e0        0x4 ./RTD/src/Siul2_Icu_Ip.o
                0x004087e0                Siul2_Icu_Ip_pBase
                0x004087e4                . = ALIGN (0x4)
                0x004087e4                __init_table = .
 *(.init_table)
 .init_table    0x004087e4       0x4c ./Project_Settings/Startup_Code/startup_cm7.o
                0x00408830                . = ALIGN (0x4)
                0x00408830                __zero_table = .
 *(.zero_table)
 .zero_table    0x00408830       0x1c ./Project_Settings/Startup_Code/startup_cm7.o

.glue_7         0x0040884c        0x0
 .glue_7        0x0040884c        0x0 linker stubs

.glue_7t        0x0040884c        0x0
 .glue_7t       0x0040884c        0x0 linker stubs

.vfp11_veneer   0x0040884c        0x0
 .vfp11_veneer  0x0040884c        0x0 linker stubs

.v4_bx          0x0040884c        0x0
 .v4_bx         0x0040884c        0x0 linker stubs

.iplt           0x0040884c        0x0
 .iplt          0x0040884c        0x0 ./Project_Settings/Startup_Code/Vector_Table.o

.rel.dyn        0x0040884c        0x0
 .rel.iplt      0x0040884c        0x0 ./Project_Settings/Startup_Code/Vector_Table.o
                0x0040884c                . = ALIGN (0x4)
                0x0040884c                __text_end = .
                0x0040884c                __sram_data_rom = __text_end

.sram_bss       0x20400000      0x1a4
                0x20400000                . = ALIGN (0x8)
                0x20400000                __standby_ram_begin__ = .
 *(.standby_data)
                0x20400000                . = ALIGN (0x8)
                0x20400000                __standby_ram_end__ = .
                0x20400000                . = ALIGN (0x10)
                0x20400000                __sram_bss_start = .
 *(.bss)
 .bss           0x20400000        0x0 ./Project_Settings/Startup_Code/Vector_Table.o
 .bss           0x20400000        0x0 ./Project_Settings/Startup_Code/exceptions.o
 .bss           0x20400000        0x0 ./Project_Settings/Startup_Code/nvic.o
 .bss           0x20400000        0x0 ./Project_Settings/Startup_Code/startup.o
 .bss           0x20400000        0x0 ./Project_Settings/Startup_Code/startup_cm7.o
 .bss           0x20400000       0x78 ./Project_Settings/Startup_Code/system.o
                0x20400000                rbar
                0x2040003c                rasr
 .bss           0x20400078        0x0 ./RTD/src/Clock_Ip.o
 .bss           0x20400078        0x0 ./RTD/src/Clock_Ip_Data.o
 .bss           0x20400078        0x0 ./RTD/src/Clock_Ip_Divider.o
 .bss           0x20400078        0x0 ./RTD/src/Clock_Ip_DividerTrigger.o
 .bss           0x20400078        0x0 ./RTD/src/Clock_Ip_ExtOsc.o
 .bss           0x20400078        0x0 ./RTD/src/Clock_Ip_FracDiv.o
 .bss           0x20400078        0x0 ./RTD/src/Clock_Ip_Frequency.o
 .bss           0x20400078        0x0 ./RTD/src/Clock_Ip_Gate.o
 .bss           0x20400078        0x0 ./RTD/src/Clock_Ip_IntOsc.o
 .bss           0x20400078        0x0 ./RTD/src/Clock_Ip_Irq.o
 .bss           0x20400078        0x0 ./RTD/src/Clock_Ip_Monitor.o
 .bss           0x20400078        0x0 ./RTD/src/Clock_Ip_Pll.o
 .bss           0x20400078        0x0 ./RTD/src/Clock_Ip_ProgFreqSwitch.o
 .bss           0x20400078        0x0 ./RTD/src/Clock_Ip_Selector.o
 .bss           0x20400078        0x0 ./RTD/src/Clock_Ip_Specific.o
 .bss           0x20400078        0x0 ./RTD/src/Det.o
 .bss           0x20400078        0x0 ./RTD/src/Det_stub.o
 .bss           0x20400078        0x0 ./RTD/src/Igf_Port_Ip.o
 .bss           0x20400078        0x0 ./RTD/src/IntCtrl_Ip.o
 .bss           0x20400078        0x0 ./RTD/src/OsIf_Interrupts.o
 .bss           0x20400078        0x0 ./RTD/src/OsIf_Timer.o
 .bss           0x20400078        0x0 ./RTD/src/OsIf_Timer_System.o
 .bss           0x20400078        0x0 ./RTD/src/OsIf_Timer_System_Internal_Systick.o
 .bss           0x20400078        0x0 ./RTD/src/Pit_Ip.o
 .bss           0x20400078        0x0 ./RTD/src/SchM_Dio.o
 .bss           0x20400078        0x0 ./RTD/src/SchM_Gpt.o
 .bss           0x20400078        0x0 ./RTD/src/SchM_Icu.o
 .bss           0x20400078        0x0 ./RTD/src/SchM_Mcu.o
 .bss           0x20400078        0x0 ./RTD/src/SchM_Port.o
 .bss           0x20400078        0x0 ./RTD/src/Siul2_Dio_Ip.o
 .bss           0x20400078        0x0 ./RTD/src/Siul2_Icu_Ip.o
 .bss           0x20400078        0x0 ./RTD/src/Siul2_Icu_Ip_Irq.o
 .bss           0x20400078        0x0 ./RTD/src/Siul2_Port_Ip.o
 .bss           0x20400078        0x0 ./RTD/src/Tspc_Port_Ip.o
 .bss           0x20400078        0x0 ./board/Siul2_Port_Ip_Cfg.o
 .bss           0x20400078        0x0 ./board/Tspc_Port_Ip_Cfg.o
 .bss           0x20400078        0x0 ./generate/src/Clock_Ip_Cfg.o
 .bss           0x20400078        0x0 ./generate/src/Igf_Port_Ip_Cfg.o
 .bss           0x20400078        0x0 ./generate/src/IntCtrl_Ip_Cfg.o
 .bss           0x20400078        0x0 ./generate/src/OsIf_Cfg.o
 .bss           0x20400078        0x0 ./generate/src/Pit_Ip_PBcfg.o
 .bss           0x20400078        0x0 ./generate/src/Siul2_Icu_Ip_SA_PBcfg.o
 .bss           0x20400078        0x0 ./src/main.o
 .bss           0x20400078        0x0 c:/nxp/s32ds.3.5/s32ds/build_tools/gcc_v10.2/gcc-10.2-arm32-eabi/bin/../lib/gcc/arm-none-eabi/10.2.0/../../../../arm-none-eabi/lib/thumb/v7e-m+fp/hard\libc_nano.a(lib_a-memmove.o)
 .bss           0x20400078        0x0 c:/nxp/s32ds.3.5/s32ds/build_tools/gcc_v10.2/gcc-10.2-arm32-eabi/bin/../lib/gcc/arm-none-eabi/10.2.0/../../../../arm-none-eabi/lib/thumb/v7e-m+fp/hard\libc_nano.a(lib_a-memset.o)
 *(.bss*)
                0x20400080                . = ALIGN (0x10)
 *fill*         0x20400078        0x8 
 *(.mcal_bss)
 .mcal_bss      0x20400080        0x4 ./Project_Settings/Startup_Code/system.o
                0x20400080                RESET_CATCH_CORE
 .mcal_bss      0x20400084       0x61 ./RTD/src/Clock_Ip.o
                0x20400088                Clock_Ip_FreqIds
                0x204000e0                Clock_Ip_pxConfig
 *fill*         0x204000e5        0x3 
 .mcal_bss      0x204000e8       0x10 ./RTD/src/Clock_Ip_Monitor.o
 .mcal_bss      0x204000f8        0x4 ./RTD/src/Clock_Ip_ProgFreqSwitch.o
 .mcal_bss      0x204000fc        0xc ./RTD/src/Clock_Ip_Specific.o
 .mcal_bss      0x20400108       0x80 ./RTD/src/Pit_Ip.o
 .mcal_bss      0x20400188       0x14 ./RTD/src/Siul2_Icu_Ip.o
                0x2040018c                Siul2_Icu_Ip_aChannelState
 .mcal_bss      0x2040019c        0x8 ./RTD/src/Siul2_Port_Ip.o
                0x204001a4                . = ALIGN (0x4)
                0x204001a4                __sram_bss_end = .

.sram_data      0x204001a4       0xb8 load address 0x0040884c
                0x204001a4                . = ALIGN (0x4)
                0x204001a4                __sram_data_begin__ = .
                0x204001a4                . = ALIGN (0x4)
 *(.ramcode)
 .ramcode       0x204001a4       0x90 ./RTD/src/Clock_Ip_Specific.o
                0x20400234                . = ALIGN (0x4)
 *(.data)
 .data          0x20400234        0x0 ./Project_Settings/Startup_Code/Vector_Table.o
 .data          0x20400234        0x0 ./Project_Settings/Startup_Code/exceptions.o
 .data          0x20400234        0x0 ./Project_Settings/Startup_Code/nvic.o
 .data          0x20400234        0x0 ./Project_Settings/Startup_Code/startup.o
 .data          0x20400234        0x0 ./Project_Settings/Startup_Code/startup_cm7.o
 .data          0x20400234        0x0 ./Project_Settings/Startup_Code/system.o
 .data          0x20400234        0x4 ./RTD/src/Clock_Ip.o
 .data          0x20400238        0x0 ./RTD/src/Clock_Ip_Data.o
 .data          0x20400238        0x0 ./RTD/src/Clock_Ip_Divider.o
 .data          0x20400238        0x0 ./RTD/src/Clock_Ip_DividerTrigger.o
 .data          0x20400238        0x0 ./RTD/src/Clock_Ip_ExtOsc.o
 .data          0x20400238        0x0 ./RTD/src/Clock_Ip_FracDiv.o
 .data          0x20400238        0x0 ./RTD/src/Clock_Ip_Frequency.o
 .data          0x20400238        0x0 ./RTD/src/Clock_Ip_Gate.o
 .data          0x20400238        0x0 ./RTD/src/Clock_Ip_IntOsc.o
 .data          0x20400238        0x0 ./RTD/src/Clock_Ip_Irq.o
 .data          0x20400238        0x0 ./RTD/src/Clock_Ip_Monitor.o
 .data          0x20400238        0x0 ./RTD/src/Clock_Ip_Pll.o
 .data          0x20400238        0x0 ./RTD/src/Clock_Ip_ProgFreqSwitch.o
 .data          0x20400238        0x0 ./RTD/src/Clock_Ip_Selector.o
 .data          0x20400238        0x0 ./RTD/src/Clock_Ip_Specific.o
 .data          0x20400238        0x0 ./RTD/src/Det.o
 .data          0x20400238        0x0 ./RTD/src/Det_stub.o
 .data          0x20400238        0x0 ./RTD/src/Igf_Port_Ip.o
 .data          0x20400238        0x0 ./RTD/src/IntCtrl_Ip.o
 .data          0x20400238        0x0 ./RTD/src/OsIf_Interrupts.o
 .data          0x20400238        0x0 ./RTD/src/OsIf_Timer.o
 .data          0x20400238        0x0 ./RTD/src/OsIf_Timer_System.o
 .data          0x20400238        0x0 ./RTD/src/OsIf_Timer_System_Internal_Systick.o
 .data          0x20400238        0x0 ./RTD/src/Pit_Ip.o
 .data          0x20400238        0x0 ./RTD/src/SchM_Dio.o
 .data          0x20400238        0x0 ./RTD/src/SchM_Gpt.o
 .data          0x20400238        0x0 ./RTD/src/SchM_Icu.o
 .data          0x20400238        0x0 ./RTD/src/SchM_Mcu.o
 .data          0x20400238        0x0 ./RTD/src/SchM_Port.o
 .data          0x20400238        0x0 ./RTD/src/Siul2_Dio_Ip.o
 .data          0x20400238        0x0 ./RTD/src/Siul2_Icu_Ip.o
 .data          0x20400238        0x0 ./RTD/src/Siul2_Icu_Ip_Irq.o
 .data          0x20400238        0x0 ./RTD/src/Siul2_Port_Ip.o
 .data          0x20400238        0x0 ./RTD/src/Tspc_Port_Ip.o
 .data          0x20400238        0x0 ./board/Siul2_Port_Ip_Cfg.o
 .data          0x20400238        0x0 ./board/Tspc_Port_Ip_Cfg.o
 .data          0x20400238        0x0 ./generate/src/Clock_Ip_Cfg.o
 .data          0x20400238        0x0 ./generate/src/Igf_Port_Ip_Cfg.o
 .data          0x20400238        0x0 ./generate/src/IntCtrl_Ip_Cfg.o
 .data          0x20400238        0x0 ./generate/src/OsIf_Cfg.o
 .data          0x20400238        0x0 ./generate/src/Pit_Ip_PBcfg.o
 .data          0x20400238        0x0 ./generate/src/Siul2_Icu_Ip_SA_PBcfg.o
 .data          0x20400238        0x0 ./src/main.o
 .data          0x20400238        0x0 c:/nxp/s32ds.3.5/s32ds/build_tools/gcc_v10.2/gcc-10.2-arm32-eabi/bin/../lib/gcc/arm-none-eabi/10.2.0/../../../../arm-none-eabi/lib/thumb/v7e-m+fp/hard\libc_nano.a(lib_a-memmove.o)
 .data          0x20400238        0x0 c:/nxp/s32ds.3.5/s32ds/build_tools/gcc_v10.2/gcc-10.2-arm32-eabi/bin/../lib/gcc/arm-none-eabi/10.2.0/../../../../arm-none-eabi/lib/thumb/v7e-m+fp/hard\libc_nano.a(lib_a-memset.o)
 *(.data*)
                0x20400238                . = ALIGN (0x4)
 *(.mcal_data)
 .mcal_data     0x20400238        0x4 ./RTD/src/Siul2_Dio_Ip.o
                0x20400238                Siul2_Dio_Ip_au32BaseAdresses
 .mcal_data     0x2040023c       0x20 ./RTD/src/Siul2_Icu_Ip.o
                0x2040023c                Siul2_Icu_Ip_IndexInChState
                0x2040025c                . = ALIGN (0x4)
                0x2040025c                __sram_data_end__ = .
                0x00408904                __sram_data_rom_end = (__sram_data_rom + (__sram_data_end__ - __sram_data_begin__))

.heap           0x2040025c      0x200 load address 0x00408904
                0x00000000                . = (. + ALIGN (0x4))
                0x2040025c                _end = .
                0x2040025c                end = .
                0x2040025c                _heap_start = .
                0x00000200                . = (. + HEAP_SIZE)
 *fill*         0x2040025c      0x200 
                0x2040045c                _heap_end = .

.acfls_code_ram
                0x20407f00        0x0
                0x20407f00                acfls_code_ram_start = .
 *(.acfls_code_ram)
                0x20407f00                acfls_code_ram_stop = .
                0x00408904                __non_cacheable_data_rom = __sram_data_rom_end

.non_cacheable_data
                0x20408000        0x4 load address 0x00408904
                0x20408000                . = ALIGN (0x4)
                0x20408000                __non_cacheable_data_start__ = .
 *(.mcal_data_no_cacheable)
                0x20408000                . = ALIGN (0x4)
 *(.mcal_const_no_cacheable)
                0x20408000                . = ALIGN (0x4)
                0x20408000                HSE_LOOP_ADDR = .
                0x20408000        0x4 LONG 0x0
                0x20408004                __non_cacheable_data_end__ = .
                0x00408908                __non_cacheable_data_rom_end = (__non_cacheable_data_rom + (__non_cacheable_data_end__ - __non_cacheable_data_start__))

.igot.plt       0x20408004        0x0 load address 0x00408908
 .igot.plt      0x20408004        0x0 ./Project_Settings/Startup_Code/Vector_Table.o

.non_cacheable_bss
                0x20408004     0x10a8 load address 0x00408908
                0x20408010                . = ALIGN (0x10)
 *fill*         0x20408004        0xc 
                0x20408010                __non_cacheable_bss_start = .
 *(.mcal_bss_no_cacheable)
 .mcal_bss_no_cacheable
                0x20408010       0x3c ./RTD/src/Det.o
                0x20408010                Det_TransientModuleId
                0x20408018                Det_ApiId
                0x2040801c                Det_TransientInstanceId
                0x20408020                Det_ErrorId
                0x20408024                Det_TransientApiId
                0x20408028                Det_RuntimeModuleId
                0x20408030                Det_TransientFaultId
                0x20408034                Det_RuntimeInstanceId
                0x20408038                Det_RuntimeApiId
                0x2040803c                Det_ModuleId
                0x20408044                Det_RuntimeErrorId
                0x20408048                Det_InstanceId
 .mcal_bss_no_cacheable
                0x2040804c       0x40 ./RTD/src/SchM_Dio.o
 .mcal_bss_no_cacheable
                0x2040808c      0x6e0 ./RTD/src/SchM_Gpt.o
 .mcal_bss_no_cacheable
                0x2040876c      0x560 ./RTD/src/SchM_Icu.o
 .mcal_bss_no_cacheable
                0x20408ccc       0x60 ./RTD/src/SchM_Mcu.o
 .mcal_bss_no_cacheable
                0x20408d2c      0x380 ./RTD/src/SchM_Port.o
                0x204090ac                . = ALIGN (0x4)
                0x204090ac                __non_cacheable_bss_end = .

.int_results    0x2040ff00      0x100
                0x2040ff00                . = ALIGN (0x4)
 *(.int_results)
                0x20410000                . = (. + 0x100)
 *fill*         0x2040ff00      0x100 
                0x00408908                __shareable_data_rom = __non_cacheable_data_rom_end

.shareable_data
                0x20410000        0x0 load address 0x00408908
                0x20410000                . = ALIGN (0x4)
                0x20410000                __shareable_data_start__ = .
 *(.mcal_shared_data)
                0x20410000                . = ALIGN (0x4)
                0x20410000                __shareable_data_end__ = .
                0x00408908                __shareable_data_rom_end = (__shareable_data_rom + (__shareable_data_end__ - __shareable_data_start__))

.int_vector     0x20000000      0x408
                0x20000000                . = ALIGN (0x800)
                0x20000000                __interrupts_ram_start = .
                0x20000408                . = (. + (__interrupts_init_end - __interrupts_init_start))
 *fill*         0x20000000      0x408 
                0x20000408                . = ALIGN (0x4)
                0x20000408                __interrupts_ram_end = .
                0x00408908                __tcm_data_rom = __shareable_data_rom_end

.data_tcm_data  0x20000408        0x0 load address 0x00408908
                0x20000408                . = ALIGN (0x4)
                0x20000408                __dtcm_data_start__ = .
 *(.dtcm_data*)
                0x20000408                . = ALIGN (0x4)
                0x20000408                __dtcm_data_end__ = .
                0x00408908                __tcm_data_rom_end = (__tcm_data_rom + (__dtcm_data_end__ - __dtcm_data_start__))

.bss_tcm_data   0x20000408        0x0
                0x20000408                . = ALIGN (0x4)
                0x20000408                __dtcm_bss_start__ = .
 *(.dtcm_bss*)
                0x20000408                . = ALIGN (0x4)
                0x20000408                __dtcm_bss_end__ = .
                0x00408908                __tcm_code_rom_start = __tcm_data_rom_end

.itcm_text      0x00000000        0x0 load address 0x00408908
                0x00000000                . = ALIGN (0x4)
                0x00000000                __itcm_start__ = .
 *(.itcm_text*)
                0x00000000                . = ALIGN (0x4)
                0x00000000                __itcm_end__ = .
                0x00408908                __tcm_code_rom_end = (__tcm_code_rom_start + (__itcm_end__ - __itcm_start__))

.shareable_bss  0x20410000        0x0
                0x20410000                . = ALIGN (0x10)
                0x20410000                __shareable_bss_start = .
 *(.mcal_shared_bss)
                0x20410000                . = ALIGN (0x4)
                0x20410000                __shareable_bss_end = .
                0x2000f000                __Stack_dtcm_end = ORIGIN (int_stack_dtcm)
                0x20010000                __Stack_dtcm_start = (ORIGIN (int_stack_dtcm) + LENGTH (int_stack_dtcm))
                0x20400000                __INT_SRAM_START = ORIGIN (int_sram)
                0x20418000                __INT_SRAM_END = ORIGIN (ram_rsvd2)
                0x00000000                __INT_ITCM_START = ORIGIN (int_itcm)
                0x00008000                __INT_ITCM_END = (ORIGIN (int_itcm) + LENGTH (int_itcm))
                0x20000000                __INT_DTCM_START = ORIGIN (int_dtcm)
                0x20010000                __INT_DTCM_END = ((ORIGIN (int_dtcm) + LENGTH (int_dtcm)) + LENGTH (int_stack_dtcm))
                0x20410000                __RAM_SHAREABLE_START = ORIGIN (int_sram_shareable)
                0x20418000                __RAM_SHAREABLE_END = (ORIGIN (int_sram_shareable) + LENGTH (int_sram_shareable))
                0x0000000f                __RAM_SHAREABLE_SIZE = 0xf
                0x00408908                __ROM_SHAREABLE_START = __shareable_data_rom
                0x00408908                __ROM_SHAREABLE_END = __shareable_data_rom_end
                0x20408000                __RAM_NO_CACHEABLE_START = ORIGIN (int_sram_no_cacheable)
                0x2040ffff                __RAM_NO_CACHEABLE_END = (ORIGIN (int_sram_shareable) - 0x1)
                0x0000000f                __RAM_NO_CACHEABLE_SIZE = 0xf
                0x00408904                __ROM_NO_CACHEABLE_START = __non_cacheable_data_rom
                0x00408908                __ROM_NO_CACHEABLE_END = __non_cacheable_data_rom_end
                0x204001a4                __RAM_CACHEABLE_START = __sram_data_begin__
                0x20407fff                __RAM_CACHEABLE_END = (ORIGIN (int_sram_no_cacheable) - 0x1)
                0x0000000f                __RAM_CACHEABLE_SIZE = 0xf
                0x0040884c                __ROM_CACHEABLE_START = __sram_data_rom
                0x00408904                __ROM_CACHEABLE_END = __sram_data_rom_end
                0x00400000                __ROM_CODE_START = ORIGIN (int_pflash)
                0x10000000                __ROM_DATA_START = ORIGIN (int_dflash)
                0x20400000                __BSS_SRAM_START = __sram_bss_start
                0x204001a4                __BSS_SRAM_END = __sram_bss_end
                0x000001a4                __BSS_SRAM_SIZE = (__sram_bss_end - __sram_bss_start)
                0x20408010                __BSS_SRAM_NC_START = __non_cacheable_bss_start
                0x0000109c                __BSS_SRAM_NC_SIZE = (__non_cacheable_bss_end - __non_cacheable_bss_start)
                0x204090ac                __BSS_SRAM_NC_END = __non_cacheable_bss_end
                0x20410000                __BSS_SRAM_SH_START = __shareable_bss_start
                0x00000000                __BSS_SRAM_SH_SIZE = (__shareable_bss_end - __shareable_bss_start)
                0x20410000                __BSS_SRAM_SH_END = __shareable_bss_end
                0x20000000                __RAM_INTERRUPT_START = __interrupts_ram_start
                0x00400800                __INIT_INTERRUPT_START = __interrupts_init_start
                0x00400c08                __INIT_INTERRUPT_END = __interrupts_init_end
                0x00000000                __RAM_ITCM_START = __itcm_start__
                0x00408908                __ROM_ITCM_START = __tcm_code_rom_start
                0x00408908                __ROM_ITCM_END = __tcm_code_rom_end
                0x20000408                __RAM_DTCM_DATA_START = __dtcm_data_start__
                0x00408908                __ROM_DTCM_DATA_START = __tcm_data_rom
                0x00408908                __ROM_DTCM_END = __tcm_data_rom_end
                0x004087e4                __INIT_TABLE = __init_table
                0x00408830                __ZERO_TABLE = __zero_table
                0x00000001                __RAM_INIT = 0x1
                0x00000001                __ITCM_INIT = 0x1
                0x00000001                __DTCM_INIT = 0x1
                0x00407084                Fls_ACEraseRomStart = __acfls_code_rom_start
                0x004070d0                Fls_ACEraseRomEnd = __acfls_code_rom_end
                0x00000013                Fls_ACEraseSize = ((__acfls_code_rom_end - __acfls_code_rom_start) / 0x4)
                0x00407084                Fls_ACWriteRomStart = __acfls_code_rom_start
                0x004070d0                Fls_ACWriteRomEnd = __acfls_code_rom_end
                0x00000013                Fls_ACWriteSize = ((__acfls_code_rom_end - __acfls_code_rom_start) / 0x4)
                0x20407f00                _ERASE_FUNC_ADDRESS_ = ADDR (.acfls_code_ram)
                0x20407f00                _WRITE_FUNC_ADDRESS_ = ADDR (.acfls_code_ram)
                0x00400800                __ENTRY_VTABLE = __INIT_INTERRUPT_START
                0x00400800                __CORE0_VTOR = __INIT_INTERRUPT_START
                0x00400800                __CORE1_VTOR = __INIT_INTERRUPT_START
                0x00400800                __CORE2_VTOR = __INIT_INTERRUPT_START
                0x00000003                __INDEX_COPY_CORE2 = 0x3
                0x00000001                ASSERT ((__standby_ram_end__ <= __STANDBY_RAM_LIMIT_END), Memory for standby ram overflow)
OUTPUT(BLINKYYY_LED.elf elf32-littlearm)
LOAD linker stubs

.ARM.attributes
                0x00000000       0x30
 .ARM.attributes
                0x00000000       0x20 ./Project_Settings/Startup_Code/Vector_Table.o
 .ARM.attributes
                0x00000020       0x34 ./Project_Settings/Startup_Code/exceptions.o
 .ARM.attributes
                0x00000054       0x34 ./Project_Settings/Startup_Code/nvic.o
 .ARM.attributes
                0x00000088       0x34 ./Project_Settings/Startup_Code/startup.o
 .ARM.attributes
                0x000000bc       0x1f ./Project_Settings/Startup_Code/startup_cm7.o
 .ARM.attributes
                0x000000db       0x34 ./Project_Settings/Startup_Code/system.o
 .ARM.attributes
                0x0000010f       0x34 ./RTD/src/Clock_Ip.o
 .ARM.attributes
                0x00000143       0x39 ./RTD/src/Clock_Ip_Data.o
 .ARM.attributes
                0x0000017c       0x34 ./RTD/src/Clock_Ip_Divider.o
 .ARM.attributes
                0x000001b0       0x34 ./RTD/src/Clock_Ip_DividerTrigger.o
 .ARM.attributes
                0x000001e4       0x34 ./RTD/src/Clock_Ip_ExtOsc.o
 .ARM.attributes
                0x00000218       0x34 ./RTD/src/Clock_Ip_FracDiv.o
 .ARM.attributes
                0x0000024c       0x34 ./RTD/src/Clock_Ip_Frequency.o
 .ARM.attributes
                0x00000280       0x34 ./RTD/src/Clock_Ip_Gate.o
 .ARM.attributes
                0x000002b4       0x34 ./RTD/src/Clock_Ip_IntOsc.o
 .ARM.attributes
                0x000002e8       0x34 ./RTD/src/Clock_Ip_Irq.o
 .ARM.attributes
                0x0000031c       0x34 ./RTD/src/Clock_Ip_Monitor.o
 .ARM.attributes
                0x00000350       0x34 ./RTD/src/Clock_Ip_Pll.o
 .ARM.attributes
                0x00000384       0x34 ./RTD/src/Clock_Ip_ProgFreqSwitch.o
 .ARM.attributes
                0x000003b8       0x34 ./RTD/src/Clock_Ip_Selector.o
 .ARM.attributes
                0x000003ec       0x34 ./RTD/src/Clock_Ip_Specific.o
 .ARM.attributes
                0x00000420       0x34 ./RTD/src/Det.o
 .ARM.attributes
                0x00000454       0x34 ./RTD/src/Det_stub.o
 .ARM.attributes
                0x00000488       0x39 ./RTD/src/Igf_Port_Ip.o
 .ARM.attributes
                0x000004c1       0x34 ./RTD/src/IntCtrl_Ip.o
 .ARM.attributes
                0x000004f5       0x39 ./RTD/src/OsIf_Interrupts.o
 .ARM.attributes
                0x0000052e       0x34 ./RTD/src/OsIf_Timer.o
 .ARM.attributes
                0x00000562       0x39 ./RTD/src/OsIf_Timer_System.o
 .ARM.attributes
                0x0000059b       0x34 ./RTD/src/OsIf_Timer_System_Internal_Systick.o
 .ARM.attributes
                0x000005cf       0x34 ./RTD/src/Pit_Ip.o
 .ARM.attributes
                0x00000603       0x34 ./RTD/src/SchM_Dio.o
 .ARM.attributes
                0x00000637       0x34 ./RTD/src/SchM_Gpt.o
 .ARM.attributes
                0x0000066b       0x34 ./RTD/src/SchM_Icu.o
 .ARM.attributes
                0x0000069f       0x34 ./RTD/src/SchM_Mcu.o
 .ARM.attributes
                0x000006d3       0x34 ./RTD/src/SchM_Port.o
 .ARM.attributes
                0x00000707       0x34 ./RTD/src/Siul2_Dio_Ip.o
 .ARM.attributes
                0x0000073b       0x34 ./RTD/src/Siul2_Icu_Ip.o
 .ARM.attributes
                0x0000076f       0x34 ./RTD/src/Siul2_Icu_Ip_Irq.o
 .ARM.attributes
                0x000007a3       0x34 ./RTD/src/Siul2_Port_Ip.o
 .ARM.attributes
                0x000007d7       0x34 ./RTD/src/Tspc_Port_Ip.o
 .ARM.attributes
                0x0000080b       0x39 ./board/Siul2_Port_Ip_Cfg.o
 .ARM.attributes
                0x00000844       0x39 ./board/Tspc_Port_Ip_Cfg.o
 .ARM.attributes
                0x0000087d       0x39 ./generate/src/Clock_Ip_Cfg.o
 .ARM.attributes
                0x000008b6       0x39 ./generate/src/Igf_Port_Ip_Cfg.o
 .ARM.attributes
                0x000008ef       0x39 ./generate/src/IntCtrl_Ip_Cfg.o
 .ARM.attributes
                0x00000928       0x39 ./generate/src/OsIf_Cfg.o
 .ARM.attributes
                0x00000961       0x39 ./generate/src/Pit_Ip_PBcfg.o
 .ARM.attributes
                0x0000099a       0x39 ./generate/src/Siul2_Icu_Ip_SA_PBcfg.o
 .ARM.attributes
                0x000009d3       0x34 ./src/main.o
 .ARM.attributes
                0x00000a07       0x34 c:/nxp/s32ds.3.5/s32ds/build_tools/gcc_v10.2/gcc-10.2-arm32-eabi/bin/../lib/gcc/arm-none-eabi/10.2.0/../../../../arm-none-eabi/lib/thumb/v7e-m+fp/hard\libc_nano.a(lib_a-memmove.o)
 .ARM.attributes
                0x00000a3b       0x34 c:/nxp/s32ds.3.5/s32ds/build_tools/gcc_v10.2/gcc-10.2-arm32-eabi/bin/../lib/gcc/arm-none-eabi/10.2.0/../../../../arm-none-eabi/lib/thumb/v7e-m+fp/hard\libc_nano.a(lib_a-memset.o)

.comment        0x00000000       0x88
 .comment       0x00000000       0x88 ./Project_Settings/Startup_Code/exceptions.o
                                 0x89 (size before relaxing)
 .comment       0x00000088       0x89 ./Project_Settings/Startup_Code/nvic.o
 .comment       0x00000088       0x89 ./Project_Settings/Startup_Code/startup.o
 .comment       0x00000088       0x89 ./Project_Settings/Startup_Code/system.o
 .comment       0x00000088       0x89 ./RTD/src/Clock_Ip.o
 .comment       0x00000088       0x89 ./RTD/src/Clock_Ip_Data.o
 .comment       0x00000088       0x89 ./RTD/src/Clock_Ip_Divider.o
 .comment       0x00000088       0x89 ./RTD/src/Clock_Ip_DividerTrigger.o
 .comment       0x00000088       0x89 ./RTD/src/Clock_Ip_ExtOsc.o
 .comment       0x00000088       0x89 ./RTD/src/Clock_Ip_FracDiv.o
 .comment       0x00000088       0x89 ./RTD/src/Clock_Ip_Frequency.o
 .comment       0x00000088       0x89 ./RTD/src/Clock_Ip_Gate.o
 .comment       0x00000088       0x89 ./RTD/src/Clock_Ip_IntOsc.o
 .comment       0x00000088       0x89 ./RTD/src/Clock_Ip_Irq.o
 .comment       0x00000088       0x89 ./RTD/src/Clock_Ip_Monitor.o
 .comment       0x00000088       0x89 ./RTD/src/Clock_Ip_Pll.o
 .comment       0x00000088       0x89 ./RTD/src/Clock_Ip_ProgFreqSwitch.o
 .comment       0x00000088       0x89 ./RTD/src/Clock_Ip_Selector.o
 .comment       0x00000088       0x89 ./RTD/src/Clock_Ip_Specific.o
 .comment       0x00000088       0x89 ./RTD/src/Det.o
 .comment       0x00000088       0x89 ./RTD/src/Det_stub.o
 .comment       0x00000088       0x89 ./RTD/src/Igf_Port_Ip.o
 .comment       0x00000088       0x89 ./RTD/src/IntCtrl_Ip.o
 .comment       0x00000088       0x89 ./RTD/src/OsIf_Interrupts.o
 .comment       0x00000088       0x89 ./RTD/src/OsIf_Timer.o
 .comment       0x00000088       0x89 ./RTD/src/OsIf_Timer_System.o
 .comment       0x00000088       0x89 ./RTD/src/OsIf_Timer_System_Internal_Systick.o
 .comment       0x00000088       0x89 ./RTD/src/Pit_Ip.o
 .comment       0x00000088       0x89 ./RTD/src/SchM_Dio.o
 .comment       0x00000088       0x89 ./RTD/src/SchM_Gpt.o
 .comment       0x00000088       0x89 ./RTD/src/SchM_Icu.o
 .comment       0x00000088       0x89 ./RTD/src/SchM_Mcu.o
 .comment       0x00000088       0x89 ./RTD/src/SchM_Port.o
 .comment       0x00000088       0x89 ./RTD/src/Siul2_Dio_Ip.o
 .comment       0x00000088       0x89 ./RTD/src/Siul2_Icu_Ip.o
 .comment       0x00000088       0x89 ./RTD/src/Siul2_Icu_Ip_Irq.o
 .comment       0x00000088       0x89 ./RTD/src/Siul2_Port_Ip.o
 .comment       0x00000088       0x89 ./RTD/src/Tspc_Port_Ip.o
 .comment       0x00000088       0x89 ./board/Siul2_Port_Ip_Cfg.o
 .comment       0x00000088       0x89 ./board/Tspc_Port_Ip_Cfg.o
 .comment       0x00000088       0x89 ./generate/src/Clock_Ip_Cfg.o
 .comment       0x00000088       0x89 ./generate/src/Igf_Port_Ip_Cfg.o
 .comment       0x00000088       0x89 ./generate/src/IntCtrl_Ip_Cfg.o
 .comment       0x00000088       0x89 ./generate/src/OsIf_Cfg.o
 .comment       0x00000088       0x89 ./generate/src/Pit_Ip_PBcfg.o
 .comment       0x00000088       0x89 ./generate/src/Siul2_Icu_Ip_SA_PBcfg.o
 .comment       0x00000088       0x89 ./src/main.o
 .comment       0x00000088       0x89 c:/nxp/s32ds.3.5/s32ds/build_tools/gcc_v10.2/gcc-10.2-arm32-eabi/bin/../lib/gcc/arm-none-eabi/10.2.0/../../../../arm-none-eabi/lib/thumb/v7e-m+fp/hard\libc_nano.a(lib_a-memmove.o)
 .comment       0x00000088       0x89 c:/nxp/s32ds.3.5/s32ds/build_tools/gcc_v10.2/gcc-10.2-arm32-eabi/bin/../lib/gcc/arm-none-eabi/10.2.0/../../../../arm-none-eabi/lib/thumb/v7e-m+fp/hard\libc_nano.a(lib_a-memset.o)

.debug_info     0x00000000    0x256ed
 .debug_info    0x00000000      0x139 ./Project_Settings/Startup_Code/exceptions.o
 .debug_info    0x00000139      0x76a ./Project_Settings/Startup_Code/nvic.o
 .debug_info    0x000008a3      0x36f ./Project_Settings/Startup_Code/startup.o
 .debug_info    0x00000c12       0x22 ./Project_Settings/Startup_Code/startup_cm7.o
 .debug_info    0x00000c34      0xc2b ./Project_Settings/Startup_Code/system.o
 .debug_info    0x0000185f     0x1e7c ./RTD/src/Clock_Ip.o
 .debug_info    0x000036db     0x1351 ./RTD/src/Clock_Ip_Data.o
 .debug_info    0x00004a2c      0x8f8 ./RTD/src/Clock_Ip_Divider.o
 .debug_info    0x00005324      0x6d6 ./RTD/src/Clock_Ip_DividerTrigger.o
 .debug_info    0x000059fa      0x985 ./RTD/src/Clock_Ip_ExtOsc.o
 .debug_info    0x0000637f      0x499 ./RTD/src/Clock_Ip_FracDiv.o
 .debug_info    0x00006818      0x307 ./RTD/src/Clock_Ip_Frequency.o
 .debug_info    0x00006b1f      0x8ba ./RTD/src/Clock_Ip_Gate.o
 .debug_info    0x000073d9      0xb58 ./RTD/src/Clock_Ip_IntOsc.o
 .debug_info    0x00007f31       0xb2 ./RTD/src/Clock_Ip_Irq.o
 .debug_info    0x00007fe3     0x1261 ./RTD/src/Clock_Ip_Monitor.o
 .debug_info    0x00009244      0x9a5 ./RTD/src/Clock_Ip_Pll.o
 .debug_info    0x00009be9      0xe76 ./RTD/src/Clock_Ip_ProgFreqSwitch.o
 .debug_info    0x0000aa5f      0xf1d ./RTD/src/Clock_Ip_Selector.o
 .debug_info    0x0000b97c     0x16d9 ./RTD/src/Clock_Ip_Specific.o
 .debug_info    0x0000d055      0x420 ./RTD/src/Det.o
 .debug_info    0x0000d475      0x471 ./RTD/src/Det_stub.o
 .debug_info    0x0000d8e6       0x7d ./RTD/src/Igf_Port_Ip.o
 .debug_info    0x0000d963     0x13fc ./RTD/src/IntCtrl_Ip.o
 .debug_info    0x0000ed5f       0x7d ./RTD/src/OsIf_Interrupts.o
 .debug_info    0x0000eddc      0x2b1 ./RTD/src/OsIf_Timer.o
 .debug_info    0x0000f08d       0x7d ./RTD/src/OsIf_Timer_System.o
 .debug_info    0x0000f10a      0x196 ./RTD/src/OsIf_Timer_System_Internal_Systick.o
 .debug_info    0x0000f2a0     0x126e ./RTD/src/Pit_Ip.o
 .debug_info    0x0001050e      0x2ce ./RTD/src/SchM_Dio.o
 .debug_info    0x000107dc     0x2d3f ./RTD/src/SchM_Gpt.o
 .debug_info    0x0001351b     0x23a3 ./RTD/src/SchM_Icu.o
 .debug_info    0x000158be      0x39b ./RTD/src/SchM_Mcu.o
 .debug_info    0x00015c59     0x17a0 ./RTD/src/SchM_Port.o
 .debug_info    0x000173f9     0x1d0b ./RTD/src/Siul2_Dio_Ip.o
 .debug_info    0x00019104     0x2035 ./RTD/src/Siul2_Icu_Ip.o
 .debug_info    0x0001b139     0x18f9 ./RTD/src/Siul2_Icu_Ip_Irq.o
 .debug_info    0x0001ca32     0x28ce ./RTD/src/Siul2_Port_Ip.o
 .debug_info    0x0001f300      0x353 ./RTD/src/Tspc_Port_Ip.o
 .debug_info    0x0001f653     0x1b2b ./board/Siul2_Port_Ip_Cfg.o
 .debug_info    0x0002117e       0x7d ./board/Tspc_Port_Ip_Cfg.o
 .debug_info    0x000211fb      0xca2 ./generate/src/Clock_Ip_Cfg.o
 .debug_info    0x00021e9d       0x7d ./generate/src/Igf_Port_Ip_Cfg.o
 .debug_info    0x00021f1a      0x442 ./generate/src/IntCtrl_Ip_Cfg.o
 .debug_info    0x0002235c       0x7d ./generate/src/OsIf_Cfg.o
 .debug_info    0x000223d9      0x1cb ./generate/src/Pit_Ip_PBcfg.o
 .debug_info    0x000225a4      0x2bc ./generate/src/Siul2_Icu_Ip_SA_PBcfg.o
 .debug_info    0x00022860     0x2e8d ./src/main.o

.debug_abbrev   0x00000000     0x478b
 .debug_abbrev  0x00000000       0x47 ./Project_Settings/Startup_Code/exceptions.o
 .debug_abbrev  0x00000047      0x102 ./Project_Settings/Startup_Code/nvic.o
 .debug_abbrev  0x00000149      0x119 ./Project_Settings/Startup_Code/startup.o
 .debug_abbrev  0x00000262       0x12 ./Project_Settings/Startup_Code/startup_cm7.o
 .debug_abbrev  0x00000274      0x229 ./Project_Settings/Startup_Code/system.o
 .debug_abbrev  0x0000049d      0x39d ./RTD/src/Clock_Ip.o
 .debug_abbrev  0x0000083a      0x14c ./RTD/src/Clock_Ip_Data.o
 .debug_abbrev  0x00000986      0x21e ./RTD/src/Clock_Ip_Divider.o
 .debug_abbrev  0x00000ba4      0x1b0 ./RTD/src/Clock_Ip_DividerTrigger.o
 .debug_abbrev  0x00000d54      0x283 ./RTD/src/Clock_Ip_ExtOsc.o
 .debug_abbrev  0x00000fd7      0x163 ./RTD/src/Clock_Ip_FracDiv.o
 .debug_abbrev  0x0000113a       0x92 ./RTD/src/Clock_Ip_Frequency.o
 .debug_abbrev  0x000011cc      0x1ac ./RTD/src/Clock_Ip_Gate.o
 .debug_abbrev  0x00001378      0x25d ./RTD/src/Clock_Ip_IntOsc.o
 .debug_abbrev  0x000015d5       0x6a ./RTD/src/Clock_Ip_Irq.o
 .debug_abbrev  0x0000163f      0x27d ./RTD/src/Clock_Ip_Monitor.o
 .debug_abbrev  0x000018bc      0x231 ./RTD/src/Clock_Ip_Pll.o
 .debug_abbrev  0x00001aed      0x1aa ./RTD/src/Clock_Ip_ProgFreqSwitch.o
 .debug_abbrev  0x00001c97      0x2f8 ./RTD/src/Clock_Ip_Selector.o
 .debug_abbrev  0x00001f8f      0x31b ./RTD/src/Clock_Ip_Specific.o
 .debug_abbrev  0x000022aa      0x14e ./RTD/src/Det.o
 .debug_abbrev  0x000023f8       0xc5 ./RTD/src/Det_stub.o
 .debug_abbrev  0x000024bd       0x29 ./RTD/src/Igf_Port_Ip.o
 .debug_abbrev  0x000024e6      0x2fb ./RTD/src/IntCtrl_Ip.o
 .debug_abbrev  0x000027e1       0x29 ./RTD/src/OsIf_Interrupts.o
 .debug_abbrev  0x0000280a      0x18f ./RTD/src/OsIf_Timer.o
 .debug_abbrev  0x00002999       0x29 ./RTD/src/OsIf_Timer_System.o
 .debug_abbrev  0x000029c2      0x125 ./RTD/src/OsIf_Timer_System_Internal_Systick.o
 .debug_abbrev  0x00002ae7      0x337 ./RTD/src/Pit_Ip.o
 .debug_abbrev  0x00002e1e      0x124 ./RTD/src/SchM_Dio.o
 .debug_abbrev  0x00002f42      0x124 ./RTD/src/SchM_Gpt.o
 .debug_abbrev  0x00003066      0x124 ./RTD/src/SchM_Icu.o
 .debug_abbrev  0x0000318a      0x124 ./RTD/src/SchM_Mcu.o
 .debug_abbrev  0x000032ae      0x124 ./RTD/src/SchM_Port.o
 .debug_abbrev  0x000033d2      0x2cf ./RTD/src/Siul2_Dio_Ip.o
 .debug_abbrev  0x000036a1      0x2fd ./RTD/src/Siul2_Icu_Ip.o
 .debug_abbrev  0x0000399e      0x1d1 ./RTD/src/Siul2_Icu_Ip_Irq.o
 .debug_abbrev  0x00003b6f      0x363 ./RTD/src/Siul2_Port_Ip.o
 .debug_abbrev  0x00003ed2      0x160 ./RTD/src/Tspc_Port_Ip.o
 .debug_abbrev  0x00004032      0x146 ./board/Siul2_Port_Ip_Cfg.o
 .debug_abbrev  0x00004178       0x29 ./board/Tspc_Port_Ip_Cfg.o
 .debug_abbrev  0x000041a1      0x103 ./generate/src/Clock_Ip_Cfg.o
 .debug_abbrev  0x000042a4       0x29 ./generate/src/Igf_Port_Ip_Cfg.o
 .debug_abbrev  0x000042cd       0xe8 ./generate/src/IntCtrl_Ip_Cfg.o
 .debug_abbrev  0x000043b5       0x29 ./generate/src/OsIf_Cfg.o
 .debug_abbrev  0x000043de       0xc8 ./generate/src/Pit_Ip_PBcfg.o
 .debug_abbrev  0x000044a6       0xc5 ./generate/src/Siul2_Icu_Ip_SA_PBcfg.o
 .debug_abbrev  0x0000456b      0x220 ./src/main.o

.debug_aranges  0x00000000     0x12e0
 .debug_aranges
                0x00000000       0x68 ./Project_Settings/Startup_Code/exceptions.o
 .debug_aranges
                0x00000068       0x38 ./Project_Settings/Startup_Code/nvic.o
 .debug_aranges
                0x000000a0       0x28 ./Project_Settings/Startup_Code/startup.o
 .debug_aranges
                0x000000c8       0x28 ./Project_Settings/Startup_Code/startup_cm7.o
 .debug_aranges
                0x000000f0       0x38 ./Project_Settings/Startup_Code/system.o
 .debug_aranges
                0x00000128       0x98 ./RTD/src/Clock_Ip.o
 .debug_aranges
                0x000001c0       0x18 ./RTD/src/Clock_Ip_Data.o
 .debug_aranges
                0x000001d8       0x38 ./RTD/src/Clock_Ip_Divider.o
 .debug_aranges
                0x00000210       0x30 ./RTD/src/Clock_Ip_DividerTrigger.o
 .debug_aranges
                0x00000240       0x60 ./RTD/src/Clock_Ip_ExtOsc.o
 .debug_aranges
                0x000002a0       0x28 ./RTD/src/Clock_Ip_FracDiv.o
 .debug_aranges
                0x000002c8       0x20 ./RTD/src/Clock_Ip_Frequency.o
 .debug_aranges
                0x000002e8       0x38 ./RTD/src/Clock_Ip_Gate.o
 .debug_aranges
                0x00000320       0x60 ./RTD/src/Clock_Ip_IntOsc.o
 .debug_aranges
                0x00000380       0x20 ./RTD/src/Clock_Ip_Irq.o
 .debug_aranges
                0x000003a0       0x60 ./RTD/src/Clock_Ip_Monitor.o
 .debug_aranges
                0x00000400       0x50 ./RTD/src/Clock_Ip_Pll.o
 .debug_aranges
                0x00000450       0x28 ./RTD/src/Clock_Ip_ProgFreqSwitch.o
 .debug_aranges
                0x00000478       0x58 ./RTD/src/Clock_Ip_Selector.o
 .debug_aranges
                0x000004d0       0x78 ./RTD/src/Clock_Ip_Specific.o
 .debug_aranges
                0x00000548       0x38 ./RTD/src/Det.o
 .debug_aranges
                0x00000580       0x48 ./RTD/src/Det_stub.o
 .debug_aranges
                0x000005c8       0x18 ./RTD/src/Igf_Port_Ip.o
 .debug_aranges
                0x000005e0       0xb0 ./RTD/src/IntCtrl_Ip.o
 .debug_aranges
                0x00000690       0x18 ./RTD/src/OsIf_Interrupts.o
 .debug_aranges
                0x000006a8       0x40 ./RTD/src/OsIf_Timer.o
 .debug_aranges
                0x000006e8       0x18 ./RTD/src/OsIf_Timer_System.o
 .debug_aranges
                0x00000700       0x30 ./RTD/src/OsIf_Timer_System_Internal_Systick.o
 .debug_aranges
                0x00000730       0x80 ./RTD/src/Pit_Ip.o
 .debug_aranges
                0x000007b0       0x40 ./RTD/src/SchM_Dio.o
 .debug_aranges
                0x000007f0      0x390 ./RTD/src/SchM_Gpt.o
 .debug_aranges
                0x00000b80      0x2d0 ./RTD/src/SchM_Icu.o
 .debug_aranges
                0x00000e50       0x50 ./RTD/src/SchM_Mcu.o
 .debug_aranges
                0x00000ea0      0x1e0 ./RTD/src/SchM_Port.o
 .debug_aranges
                0x00001080       0x68 ./RTD/src/Siul2_Dio_Ip.o
 .debug_aranges
                0x000010e8       0x70 ./RTD/src/Siul2_Icu_Ip.o
 .debug_aranges
                0x00001158       0x20 ./RTD/src/Siul2_Icu_Ip_Irq.o
 .debug_aranges
                0x00001178       0x58 ./RTD/src/Siul2_Port_Ip.o
 .debug_aranges
                0x000011d0       0x28 ./RTD/src/Tspc_Port_Ip.o
 .debug_aranges
                0x000011f8       0x18 ./board/Siul2_Port_Ip_Cfg.o
 .debug_aranges
                0x00001210       0x18 ./board/Tspc_Port_Ip_Cfg.o
 .debug_aranges
                0x00001228       0x18 ./generate/src/Clock_Ip_Cfg.o
 .debug_aranges
                0x00001240       0x18 ./generate/src/Igf_Port_Ip_Cfg.o
 .debug_aranges
                0x00001258       0x18 ./generate/src/IntCtrl_Ip_Cfg.o
 .debug_aranges
                0x00001270       0x18 ./generate/src/OsIf_Cfg.o
 .debug_aranges
                0x00001288       0x18 ./generate/src/Pit_Ip_PBcfg.o
 .debug_aranges
                0x000012a0       0x18 ./generate/src/Siul2_Icu_Ip_SA_PBcfg.o
 .debug_aranges
                0x000012b8       0x28 ./src/main.o

.debug_ranges   0x00000000     0x12e0
 .debug_ranges  0x00000000       0x58 ./Project_Settings/Startup_Code/exceptions.o
 .debug_ranges  0x00000058       0x28 ./Project_Settings/Startup_Code/nvic.o
 .debug_ranges  0x00000080       0x18 ./Project_Settings/Startup_Code/startup.o
 .debug_ranges  0x00000098       0x20 ./Project_Settings/Startup_Code/startup_cm7.o
 .debug_ranges  0x000000b8       0x78 ./Project_Settings/Startup_Code/system.o
 .debug_ranges  0x00000130      0x110 ./RTD/src/Clock_Ip.o
 .debug_ranges  0x00000240       0x28 ./RTD/src/Clock_Ip_Divider.o
 .debug_ranges  0x00000268       0x20 ./RTD/src/Clock_Ip_DividerTrigger.o
 .debug_ranges  0x00000288       0x50 ./RTD/src/Clock_Ip_ExtOsc.o
 .debug_ranges  0x000002d8       0x18 ./RTD/src/Clock_Ip_FracDiv.o
 .debug_ranges  0x000002f0       0x10 ./RTD/src/Clock_Ip_Frequency.o
 .debug_ranges  0x00000300       0x28 ./RTD/src/Clock_Ip_Gate.o
 .debug_ranges  0x00000328       0x50 ./RTD/src/Clock_Ip_IntOsc.o
 .debug_ranges  0x00000378       0x10 ./RTD/src/Clock_Ip_Irq.o
 .debug_ranges  0x00000388       0x50 ./RTD/src/Clock_Ip_Monitor.o
 .debug_ranges  0x000003d8       0x40 ./RTD/src/Clock_Ip_Pll.o
 .debug_ranges  0x00000418       0x18 ./RTD/src/Clock_Ip_ProgFreqSwitch.o
 .debug_ranges  0x00000430       0x78 ./RTD/src/Clock_Ip_Selector.o
 .debug_ranges  0x000004a8       0x80 ./RTD/src/Clock_Ip_Specific.o
 .debug_ranges  0x00000528       0x28 ./RTD/src/Det.o
 .debug_ranges  0x00000550       0x38 ./RTD/src/Det_stub.o
 .debug_ranges  0x00000588      0x100 ./RTD/src/IntCtrl_Ip.o
 .debug_ranges  0x00000688       0x30 ./RTD/src/OsIf_Timer.o
 .debug_ranges  0x000006b8       0x20 ./RTD/src/OsIf_Timer_System_Internal_Systick.o
 .debug_ranges  0x000006d8      0x1c8 ./RTD/src/Pit_Ip.o
 .debug_ranges  0x000008a0       0x30 ./RTD/src/SchM_Dio.o
 .debug_ranges  0x000008d0      0x380 ./RTD/src/SchM_Gpt.o
 .debug_ranges  0x00000c50      0x2c0 ./RTD/src/SchM_Icu.o
 .debug_ranges  0x00000f10       0x40 ./RTD/src/SchM_Mcu.o
 .debug_ranges  0x00000f50      0x1d0 ./RTD/src/SchM_Port.o
 .debug_ranges  0x00001120       0x58 ./RTD/src/Siul2_Dio_Ip.o
 .debug_ranges  0x00001178       0x98 ./RTD/src/Siul2_Icu_Ip.o
 .debug_ranges  0x00001210       0x58 ./RTD/src/Siul2_Icu_Ip_Irq.o
 .debug_ranges  0x00001268       0x48 ./RTD/src/Siul2_Port_Ip.o
 .debug_ranges  0x000012b0       0x18 ./RTD/src/Tspc_Port_Ip.o
 .debug_ranges  0x000012c8       0x18 ./src/main.o

.debug_macro    0x00000000    0x4480b
 .debug_macro   0x00000000      0x164 ./Project_Settings/Startup_Code/exceptions.o
 .debug_macro   0x00000164      0xa9c ./Project_Settings/Startup_Code/exceptions.o
 .debug_macro   0x00000c00       0x22 ./Project_Settings/Startup_Code/exceptions.o
 .debug_macro   0x00000c22       0x56 ./Project_Settings/Startup_Code/exceptions.o
 .debug_macro   0x00000c78       0x51 ./Project_Settings/Startup_Code/exceptions.o
 .debug_macro   0x00000cc9      0x103 ./Project_Settings/Startup_Code/exceptions.o
 .debug_macro   0x00000dcc       0x6a ./Project_Settings/Startup_Code/exceptions.o
 .debug_macro   0x00000e36      0x1df ./Project_Settings/Startup_Code/exceptions.o
 .debug_macro   0x00001015       0x22 ./Project_Settings/Startup_Code/exceptions.o
 .debug_macro   0x00001037      0x16d ./Project_Settings/Startup_Code/exceptions.o
 .debug_macro   0x000011a4       0x82 ./Project_Settings/Startup_Code/exceptions.o
 .debug_macro   0x00001226      0x97b ./Project_Settings/Startup_Code/exceptions.o
 .debug_macro   0x00001ba1       0x3a ./Project_Settings/Startup_Code/exceptions.o
 .debug_macro   0x00001bdb       0xcc ./Project_Settings/Startup_Code/exceptions.o
 .debug_macro   0x00001ca7       0x67 ./Project_Settings/Startup_Code/exceptions.o
 .debug_macro   0x00001d0e       0x94 ./Project_Settings/Startup_Code/exceptions.o
 .debug_macro   0x00001da2       0xc8 ./Project_Settings/Startup_Code/exceptions.o
 .debug_macro   0x00001e6a      0x11e ./Project_Settings/Startup_Code/exceptions.o
 .debug_macro   0x00001f88       0x52 ./Project_Settings/Startup_Code/exceptions.o
 .debug_macro   0x00001fda       0x16 ./Project_Settings/Startup_Code/exceptions.o
 .debug_macro   0x00001ff0       0x7c ./Project_Settings/Startup_Code/exceptions.o
 .debug_macro   0x0000206c      0x130 ./Project_Settings/Startup_Code/exceptions.o
 .debug_macro   0x0000219c       0x6a ./Project_Settings/Startup_Code/exceptions.o
 .debug_macro   0x00002206       0x58 ./Project_Settings/Startup_Code/exceptions.o
 .debug_macro   0x0000225e       0x57 ./Project_Settings/Startup_Code/exceptions.o
 .debug_macro   0x000022b5       0x50 ./Project_Settings/Startup_Code/exceptions.o
 .debug_macro   0x00002305       0x50 ./Project_Settings/Startup_Code/exceptions.o
 .debug_macro   0x00002355      0x382 ./Project_Settings/Startup_Code/nvic.o
 .debug_macro   0x000026d7     0x51db ./Project_Settings/Startup_Code/nvic.o
 .debug_macro   0x000078b2      0xd0a ./Project_Settings/Startup_Code/nvic.o
 .debug_macro   0x000085bc      0x180 ./Project_Settings/Startup_Code/nvic.o
 .debug_macro   0x0000873c       0xf8 ./Project_Settings/Startup_Code/nvic.o
 .debug_macro   0x00008834      0x370 ./Project_Settings/Startup_Code/nvic.o