Archive member included to satisfy reference by file (symbol)

c:/nxp/s32ds.3.5/s32ds/build_tools/gcc_v10.2/gcc-10.2-arm32-eabi/bin/../lib/gcc/arm-none-eabi/10.2.0/../../../../arm-none-eabi/lib/thumb/v7e-m+fp/hard\libc_nano.a(lib_a-memmove.o)
                              ./RTD/src/Siul2_Port_Ip.o (memmove)
c:/nxp/s32ds.3.5/s32ds/build_tools/gcc_v10.2/gcc-10.2-arm32-eabi/bin/../lib/gcc/arm-none-eabi/10.2.0/../../../../arm-none-eabi/lib/thumb/v7e-m+fp/hard\libc_nano.a(lib_a-memset.o)
                              ./Project_Settings/Startup_Code/startup.o (memset)

Discarded input sections

 .group         0x00000000        0xc ./Project_Settings/Startup_Code/exceptions.o
 .group         0x00000000        0xc ./Project_Settings/Startup_Code/exceptions.o
 .group         0x00000000        0xc ./Project_Settings/Startup_Code/exceptions.o
 .group         0x00000000        0xc ./Project_Settings/Startup_Code/exceptions.o
 .group         0x00000000        0xc ./Project_Settings/Startup_Code/exceptions.o
 .group         0x00000000        0xc ./Project_Settings/Startup_Code/exceptions.o
 .group         0x00000000        0xc ./Project_Settings/Startup_Code/exceptions.o
 .group         0x00000000        0xc ./Project_Settings/Startup_Code/exceptions.o
 .group         0x00000000        0xc ./Project_Settings/Startup_Code/exceptions.o
 .group         0x00000000        0xc ./Project_Settings/Startup_Code/exceptions.o
 .group         0x00000000        0xc ./Project_Settings/Startup_Code/exceptions.o
 .group         0x00000000        0xc ./Project_Settings/Startup_Code/exceptions.o
 .group         0x00000000        0xc ./Project_Settings/Startup_Code/exceptions.o
 .group         0x00000000        0xc ./Project_Settings/Startup_Code/exceptions.o
 .group         0x00000000        0xc ./Project_Settings/Startup_Code/exceptions.o
 .group         0x00000000        0xc ./Project_Settings/Startup_Code/exceptions.o
 .group         0x00000000        0xc ./Project_Settings/Startup_Code/exceptions.o
 .group         0x00000000        0xc ./Project_Settings/Startup_Code/exceptions.o
 .group         0x00000000        0xc ./Project_Settings/Startup_Code/exceptions.o
 .group         0x00000000        0xc ./Project_Settings/Startup_Code/exceptions.o
 .group         0x00000000        0xc ./Project_Settings/Startup_Code/exceptions.o
 .group         0x00000000        0xc ./Project_Settings/Startup_Code/exceptions.o
 .group         0x00000000        0xc ./Project_Settings/Startup_Code/exceptions.o
 .group         0x00000000        0xc ./Project_Settings/Startup_Code/exceptions.o
 .group         0x00000000        0xc ./Project_Settings/Startup_Code/exceptions.o
 .group         0x00000000        0xc ./Project_Settings/Startup_Code/exceptions.o
 .group         0x00000000        0xc ./Project_Settings/Startup_Code/nvic.o
 .group         0x00000000        0xc ./Project_Settings/Startup_Code/nvic.o
 .group         0x00000000        0xc ./Project_Settings/Startup_Code/nvic.o
 .group         0x00000000        0xc ./Project_Settings/Startup_Code/nvic.o
 .group         0x00000000        0xc ./Project_Settings/Startup_Code/nvic.o
 .group         0x00000000        0xc ./Project_Settings/Startup_Code/nvic.o
 .group         0x00000000        0xc ./Project_Settings/Startup_Code/nvic.o
 .group         0x00000000        0xc ./Project_Settings/Startup_Code/nvic.o
 .group         0x00000000        0xc ./Project_Settings/Startup_Code/nvic.o
 .group         0x00000000        0xc ./Project_Settings/Startup_Code/nvic.o
 .group         0x00000000        0xc ./Project_Settings/Startup_Code/nvic.o
 .group         0x00000000        0xc ./Project_Settings/Startup_Code/nvic.o
 .group         0x00000000        0xc ./Project_Settings/Startup_Code/nvic.o
 .group         0x00000000        0xc ./Project_Settings/Startup_Code/nvic.o
 .group         0x00000000        0xc ./Project_Settings/Startup_Code/nvic.o
 .group         0x00000000        0xc ./Project_Settings/Startup_Code/nvic.o
 .group         0x00000000        0xc ./Project_Settings/Startup_Code/nvic.o
 .group         0x00000000        0xc ./Project_Settings/Startup_Code/nvic.o
 .group         0x00000000        0xc ./Project_Settings/Startup_Code/nvic.o
 .group         0x00000000        0xc ./Project_Settings/Startup_Code/nvic.o
 .group         0x00000000        0xc ./Project_Settings/Startup_Code/nvic.o
 .group         0x00000000        0xc ./Project_Settings/Startup_Code/nvic.o
 .group         0x00000000        0xc ./Project_Settings/Startup_Code/nvic.o
 .group         0x00000000        0xc ./Project_Settings/Startup_Code/nvic.o
 .group         0x00000000        0xc ./Project_Settings/Startup_Code/nvic.o
 .group         0x00000000        0xc ./Project_Settings/Startup_Code/nvic.o
 .group         0x00000000        0xc ./Project_Settings/Startup_Code/nvic.o
 .group         0x00000000        0xc ./Project_Settings/Startup_Code/nvic.o
 .group         0x00000000        0xc ./Project_Settings/Startup_Code/nvic.o
[...]
Memory Configuration

Name             Origin             Length             Attributes
int_pflash       0x00400000         0x001d4000
int_dflash       0x10000000         0x00020000
int_itcm         0x00000000         0x00008000
int_dtcm         0x20000000         0x0000f000
int_stack_dtcm   0x2000f000         0x00001000
int_sram         0x20400000         0x00007f00
int_sram_fls_rsv 0x20407f00         0x00000100
int_sram_no_cacheable 0x20408000         0x00007f00
int_sram_results 0x2040ff00         0x00000100
int_sram_shareable 0x20410000         0x00008000
ram_rsvd2        0x20418000         0x00000000
*default*        0x00000000         0xffffffff

Linker script and memory map

LOAD ./Project_Settings/Startup_Code/Vector_Table.o
LOAD ./Project_Settings/Startup_Code/exceptions.o
LOAD ./Project_Settings/Startup_Code/nvic.o
LOAD ./Project_Settings/Startup_Code/startup.o
LOAD ./Project_Settings/Startup_Code/startup_cm7.o
LOAD ./Project_Settings/Startup_Code/system.o
LOAD ./RTD/src/Clock_Ip.o
LOAD ./RTD/src/Clock_Ip_Data.o
LOAD ./RTD/src/Clock_Ip_Divider.o
LOAD ./RTD/src/Clock_Ip_DividerTrigger.o
LOAD ./RTD/src/Clock_Ip_ExtOsc.o
LOAD ./RTD/src/Clock_Ip_FracDiv.o
LOAD ./RTD/src/Clock_Ip_Frequency.o
LOAD ./RTD/src/Clock_Ip_Gate.o
LOAD ./RTD/src/Clock_Ip_IntOsc.o
LOAD ./RTD/src/Clock_Ip_Irq.o
LOAD ./RTD/src/Clock_Ip_Monitor.o
LOAD ./RTD/src/Clock_Ip_Pll.o
LOAD ./RTD/src/Clock_Ip_ProgFreqSwitch.o
LOAD ./RTD/src/Clock_Ip_Selector.o
LOAD ./RTD/src/Clock_Ip_Specific.o
LOAD ./RTD/src/Det.o
LOAD ./RTD/src/Det_stub.o
LOAD ./RTD/src/Igf_Port_Ip.o
LOAD ./RTD/src/IntCtrl_Ip.o
LOAD ./RTD/src/OsIf_Interrupts.o
LOAD ./RTD/src/OsIf_Timer.o
LOAD ./RTD/src/OsIf_Timer_System.o
LOAD ./RTD/src/OsIf_Timer_System_Internal_Systick.o
LOAD ./RTD/src/Pit_Ip.o
LOAD ./RTD/src/SchM_Dio.o
LOAD ./RTD/src/SchM_Gpt.o
LOAD ./RTD/src/SchM_Icu.o
LOAD ./RTD/src/SchM_Mcu.o
LOAD ./RTD/src/SchM_Port.o
LOAD ./RTD/src/Siul2_Dio_Ip.o
LOAD ./RTD/src/Siul2_Icu_Ip.o
LOAD ./RTD/src/Siul2_Icu_Ip_Irq.o
LOAD ./RTD/src/Siul2_Port_Ip.o
LOAD ./RTD/src/Tspc_Port_Ip.o
LOAD ./board/Siul2_Port_Ip_Cfg.o
LOAD ./board/Tspc_Port_Ip_Cfg.o
LOAD ./generate/src/Clock_Ip_Cfg.o
LOAD ./generate/src/Igf_Port_Ip_Cfg.o
LOAD ./generate/src/IntCtrl_Ip_Cfg.o
LOAD ./generate/src/OsIf_Cfg.o
LOAD ./generate/src/Pit_Ip_PBcfg.o
LOAD ./generate/src/Siul2_Icu_Ip_SA_PBcfg.o
LOAD ./src/main.o
LOAD c:/nxp/s32ds.3.5/s32ds/build_tools/gcc_v10.2/gcc-10.2-arm32-eabi/bin/../lib/gcc/arm-none-eabi/10.2.0/../../../../arm-none-eabi/lib/thumb/v7e-m+fp/hard\libc_nano.a
LOAD c:/nxp/s32ds.3.5/s32ds/build_tools/gcc_v10.2/gcc-10.2-arm32-eabi/bin/../lib/gcc/arm-none-eabi/10.2.0/../../../../arm-none-eabi/lib/thumb/v7e-m+fp/hard\libm.a
LOAD c:/nxp/s32ds.3.5/s32ds/build_tools/gcc_v10.2/gcc-10.2-arm32-eabi/bin/../lib/gcc/arm-none-eabi/10.2.0/thumb/v7e-m+fp/hard\libgcc.a
START GROUP
LOAD c:/nxp/s32ds.3.5/s32ds/build_tools/gcc_v10.2/gcc-10.2-arm32-eabi/bin/../lib/gcc/arm-none-eabi/10.2.0/thumb/v7e-m+fp/hard\libgcc.a
LOAD c:/nxp/s32ds.3.5/s32ds/build_tools/gcc_v10.2/gcc-10.2-arm32-eabi/bin/../lib/gcc/arm-none-eabi/10.2.0/../../../../arm-none-eabi/lib/thumb/v7e-m+fp/hard\libg_nano.a
LOAD c:/nxp/s32ds.3.5/s32ds/build_tools/gcc_v10.2/gcc-10.2-arm32-eabi/bin/../lib/gcc/arm-none-eabi/10.2.0/../../../../arm-none-eabi/lib/thumb/v7e-m+fp/hard\libc_nano.a
END GROUP
START GROUP
LOAD c:/nxp/s32ds.3.5/s32ds/build_tools/gcc_v10.2/gcc-10.2-arm32-eabi/bin/../lib/gcc/arm-none-eabi/10.2.0/thumb/v7e-m+fp/hard\libgcc.a
LOAD c:/nxp/s32ds.3.5/s32ds/build_tools/gcc_v10.2/gcc-10.2-arm32-eabi/bin/../lib/gcc/arm-none-eabi/10.2.0/../../../../arm-none-eabi/lib/thumb/v7e-m+fp/hard\libc_nano.a
LOAD c:/nxp/s32ds.3.5/s32ds/build_tools/gcc_v10.2/gcc-10.2-arm32-eabi/bin/../lib/gcc/arm-none-eabi/10.2.0/../../../../arm-none-eabi/lib/thumb/v7e-m+fp/hard\libnosys.a
END GROUP
START GROUP
LOAD c:/nxp/s32ds.3.5/s32ds/build_tools/gcc_v10.2/gcc-10.2-arm32-eabi/bin/../lib/gcc/arm-none-eabi/10.2.0/thumb/v7e-m+fp/hard\libgcc.a
LOAD c:/nxp/s32ds.3.5/s32ds/build_tools/gcc_v10.2/gcc-10.2-arm32-eabi/bin/../lib/gcc/arm-none-eabi/10.2.0/../../../../arm-none-eabi/lib/thumb/v7e-m+fp/hard\libc_nano.a
LOAD c:/nxp/s32ds.3.5/s32ds/build_tools/gcc_v10.2/gcc-10.2-arm32-eabi/bin/../lib/gcc/arm-none-eabi/10.2.0/../../../../arm-none-eabi/lib/thumb/v7e-m+fp/hard\libnosys.a
END GROUP
                0x00000200                HEAP_SIZE = DEFINED (__heap_size__)?__heap_size__:0x200
                0x20407fff                __STANDBY_RAM_LIMIT_END = 0x20407fff

.pflash         0x00400000     0x8844
 *(.boot_header)
 .boot_header   0x00400000       0x30 ./Project_Settings/Startup_Code/startup_cm7.o
                0x00400800                . = ALIGN (0x800)
 *fill*         0x00400030      0x7d0 
                0x00400800                __text_start = .
                0x00400800                __interrupts_init_start = .
 *(.intc_vector)
 .intc_vector   0x00400800      0x408 ./Project_Settings/Startup_Code/Vector_Table.o
                0x00400800                VTABLE
                0x00400c08                . = ALIGN (0x4)
                0x00400c08                __interrupts_init_end = .
 *(.core_loop)
 .core_loop     0x00400c08        0xc ./Project_Settings/Startup_Code/startup_cm7.o
                0x00400c08                _core_loop
                0x00400c14                . = ALIGN (0x4)
 *(.startup)
 *fill*         0x00400c14        0xc 
 .startup       0x00400c20      0x1dc ./Project_Settings/Startup_Code/startup_cm7.o
                0x00400c20                Reset_Handler
                0x00400c20                _start
                0x00400d8c                MCAL_LTB_TRACE_OFF
                0x00400d8e                _end_of_eunit_test
                0x00400dfc                . = ALIGN (0x4)
 *(.systeminit)
                0x00400dfc                . = ALIGN (0x4)
 *(.text.startup)
 .text.startup  0x00400dfc       0xdc ./src/main.o
                0x00400dfc                main
                0x00400ed8                . = ALIGN (0x4)
 *(.text)
 .text          0x00400ed8        0x0 ./Project_Settings/Startup_Code/Vector_Table.o
 .text          0x00400ed8        0x0 ./Project_Settings/Startup_Code/exceptions.o
 .text          0x00400ed8        0x0 ./Project_Settings/Startup_Code/nvic.o
 .text          0x00400ed8        0x0 ./Project_Settings/Startup_Code/startup.o
 .text          0x00400ed8        0x0 ./Project_Settings/Startup_Code/startup_cm7.o
 .text          0x00400ed8       0x10 ./Project_Settings/Startup_Code/system.o
                0x00400ed8                Sys_GetCoreID
 .text          0x00400ee8        0x0 ./RTD/src/Clock_Ip.o
 .text          0x00400ee8        0x0 ./RTD/src/Clock_Ip_Data.o
 .text          0x00400ee8        0x0 ./RTD/src/Clock_Ip_Divider.o
 .text          0x00400ee8        0x0 ./RTD/src/Clock_Ip_DividerTrigger.o
 .text          0x00400ee8        0x0 ./RTD/src/Clock_Ip_ExtOsc.o
 .text          0x00400ee8        0x0 ./RTD/src/Clock_Ip_FracDiv.o
 .text          0x00400ee8        0x0 ./RTD/src/Clock_Ip_Frequency.o
 .text          0x00400ee8        0x0 ./RTD/src/Clock_Ip_Gate.o
 .text          0x00400ee8        0x0 ./RTD/src/Clock_Ip_IntOsc.o
 .text          0x00400ee8        0x0 ./RTD/src/Clock_Ip_Irq.o
 .text          0x00400ee8        0x0 ./RTD/src/Clock_Ip_Monitor.o
 .text          0x00400ee8        0x0 ./RTD/src/Clock_Ip_Pll.o
 .text          0x00400ee8        0x0 ./RTD/src/Clock_Ip_ProgFreqSwitch.o
 .text          0x00400ee8        0x0 ./RTD/src/Clock_Ip_Selector.o
 .text          0x00400ee8        0x0 ./RTD/src/Clock_Ip_Specific.o
 .text          0x00400ee8        0x0 ./RTD/src/Det.o
 .text          0x00400ee8        0x0 ./RTD/src/Det_stub.o
 .text          0x00400ee8        0x0 ./RTD/src/Igf_Port_Ip.o
 .text          0x00400ee8        0x0 ./RTD/src/IntCtrl_Ip.o
 .text          0x00400ee8        0x0 ./RTD/src/OsIf_Interrupts.o
 .text          0x00400ee8        0x0 ./RTD/src/OsIf_Timer.o
 .text          0x00400ee8        0x0 ./RTD/src/OsIf_Timer_System.o
 .text          0x00400ee8        0x0 ./RTD/src/OsIf_Timer_System_Internal_Systick.o
 .text          0x00400ee8        0x0 ./RTD/src/Pit_Ip.o
 .text          0x00400ee8        0x6 ./RTD/src/SchM_Dio.o
                0x00400ee8                Dio_schm_read_msr
 .text          0x00400eee        0x6 ./RTD/src/SchM_Gpt.o
                0x00400eee                Gpt_schm_read_msr
 .text          0x00400ef4        0x6 ./RTD/src/SchM_Icu.o
                0x00400ef4                Icu_schm_read_msr
 .text          0x00400efa        0x6 ./RTD/src/SchM_Mcu.o
                0x00400efa                Mcu_schm_read_msr
 .text          0x00400f00        0x6 ./RTD/src/SchM_Port.o
                0x00400f00                Port_schm_read_msr
 .text          0x00400f06        0x0 ./RTD/src/Siul2_Dio_Ip.o
 .text          0x00400f06        0x0 ./RTD/src/Siul2_Icu_Ip.o
 .text          0x00400f06        0x0 ./RTD/src/Siul2_Icu_Ip_Irq.o
 .text          0x00400f06        0x0 ./RTD/src/Siul2_Port_Ip.o
 .text          0x00400f06        0x0 ./RTD/src/Tspc_Port_Ip.o
 .text          0x00400f06        0x0 ./board/Siul2_Port_Ip_Cfg.o
 .text          0x00400f06        0x0 ./board/Tspc_Port_Ip_Cfg.o
 .text          0x00400f06        0x0 ./generate/src/Clock_Ip_Cfg.o
 .text          0x00400f06        0x0 ./generate/src/Igf_Port_Ip_Cfg.o
 .text          0x00400f06        0x0 ./generate/src/IntCtrl_Ip_Cfg.o
 .text          0x00400f06        0x0 ./generate/src/OsIf_Cfg.o
 .text          0x00400f06        0x0 ./generate/src/Pit_Ip_PBcfg.o
 .text          0x00400f06        0x0 ./generate/src/Siul2_Icu_Ip_SA_PBcfg.o
 *fill*         0x00400f06        0x2 
 .text          0x00400f08       0x1c ./src/main.o
                0x00400f08                Pit0_Ch0_Callback
                0x00400f18                User_SW0_Callback
 .text          0x00400f24        0x0 c:/nxp/s32ds.3.5/s32ds/build_tools/gcc_v10.2/gcc-10.2-arm32-eabi/bin/../lib/gcc/arm-none-eabi/10.2.0/../../../../arm-none-eabi/lib/thumb/v7e-m+fp/hard\libc_nano.a(lib_a-memmove.o)
 .text          0x00400f24        0x0 c:/nxp/s32ds.3.5/s32ds/build_tools/gcc_v10.2/gcc-10.2-arm32-eabi/bin/../lib/gcc/arm-none-eabi/10.2.0/../../../../arm-none-eabi/lib/thumb/v7e-m+fp/hard\libc_nano.a(lib_a-memset.o)
 *(.text*)
 .text.memmove  0x00400f24       0x34 c:/nxp/s32ds.3.5/s32ds/build_tools/gcc_v10.2/gcc-10.2-arm32-eabi/bin/../lib/gcc/arm-none-eabi/10.2.0/../../../../arm-none-eabi/lib/thumb/v7e-m+fp/hard\libc_nano.a(lib_a-memmove.o)
                0x00400f24                memmove
 .text.memset   0x00400f58       0x10 c:/nxp/s32ds.3.5/s32ds/build_tools/gcc_v10.2/gcc-10.2-arm32-eabi/bin/../lib/gcc/arm-none-eabi/10.2.0/../../../../arm-none-eabi/lib/thumb/v7e-m+fp/hard\libc_nano.a(lib_a-memset.o)
                0x00400f58                memset
                0x00400f68                . = ALIGN (0x4)
 *(.mcal_text)
 .mcal_text     0x00400f68       0x14 ./Project_Settings/Startup_Code/exceptions.o
                0x00400f68                NMI_Handler
                0x00400f6a                HardFault_Handler
                0x00400f6c                MemManage_Handler
                0x00400f6e                BusFault_Handler
                0x00400f70                UsageFault_Handler
                0x00400f72                SVC_Handler
                0x00400f74                DebugMon_Handler
                0x00400f76                PendSV_Handler
                0x00400f78                SysTick_Handler
                0x00400f7a                undefined_handler
 .mcal_text     0x00400f7c       0x52 ./Project_Settings/Startup_Code/nvic.o
                0x00400f7c                NVIC_SetPriorityGrouping
                0x00400f90                NVIC_EnableIRQ
                0x00400fa8                NVIC_DisableIRQ
                0x00400fc0                NVIC_SetPriority
 *fill*         0x00400fce        0x2 
 .mcal_text     0x00400fd0       0xe8 ./Project_Settings/Startup_Code/startup.o
                0x00400fd0                init_data_bss
                0x0040105c                init_data_bss_core2
 .mcal_text     0x004010b8      0x2ec ./Project_Settings/Startup_Code/system.o
                0x004010b8                startup_go_to_user_mode
                0x004010ba                default_interrupt_routine
                0x004010bc                SystemInit
 .mcal_text     0x004013a4      0x88c ./RTD/src/Clock_Ip.o
                0x004013a6                Clock_Ip_InitClock
                0x00401954                Clock_Ip_GetPllStatus
                0x004019f8                Clock_Ip_DistributePll
                0x00401ae4                Clock_Ip_Init
                0x00401b08                Clock_Ip_DisableClockMonitor
                0x00401b2c                Clock_Ip_InstallNotificationsCallback
                0x00401b38                Clock_Ip_DisableModuleClock
                0x00401b60                Clock_Ip_EnableModuleClock
                0x00401b88                Clock_Ip_DisableFircInStandby
                0x00401ba0                Clock_Ip_EnableFircInStandby
                0x00401bb8                Clock_Ip_DisableSircInStandby
                0x00401bd0                Clock_Ip_EnableSircInStandby
                0x00401be8                Clock_Ip_ReportClockErrors
                0x00401bf4                Clock_Ip_StartTimeout
                0x00401c14                Clock_Ip_TimeoutExpired
 .mcal_text     0x00401c30      0x120 ./RTD/src/Clock_Ip_Divider.o
 .mcal_text     0x00401d50       0x9c ./RTD/src/Clock_Ip_DividerTrigger.o
 .mcal_text     0x00401dec      0x1c4 ./RTD/src/Clock_Ip_ExtOsc.o
 .mcal_text     0x00401fb0        0x6 ./RTD/src/Clock_Ip_FracDiv.o
 .mcal_text     0x00401fb6        0x2 ./RTD/src/Clock_Ip_Frequency.o
                0x00401fb6                Clock_Ip_SetExternalSignalFrequency
 .mcal_text     0x00401fb8      0x128 ./RTD/src/Clock_Ip_Gate.o
 .mcal_text     0x004020e0      0x104 ./RTD/src/Clock_Ip_IntOsc.o
 .mcal_text     0x004021e4        0x4 ./RTD/src/Clock_Ip_Irq.o
                0x004021e4                Mcu_Cmu_ClockFail_IRQHandler
 .mcal_text     0x004021e8      0x204 ./RTD/src/Clock_Ip_Monitor.o
                0x00402394                Clock_Ip_CMU_GetInterruptStatus
                0x004023a8                Clock_Ip_CMU_ClockFailInt
 .mcal_text     0x004023ec      0x17c ./RTD/src/Clock_Ip_Pll.o
 .mcal_text     0x00402568      0x154 ./RTD/src/Clock_Ip_ProgFreqSwitch.o
 .mcal_text     0x004026bc      0x3dc ./RTD/src/Clock_Ip_Selector.o
                0x00402a6c                Clock_Ip_SetRtcRtccClksel_TrustedCall
 .mcal_text     0x00402a98      0x2c8 ./RTD/src/Clock_Ip_Specific.o
                0x00402a98                Clock_Ip_McMeEnterKey
                0x00402aac                Clock_Ip_PowerClockIpModules
                0x00402cac                DisableFircInStandbyMode
                0x00402cbc                EnableFircInStandbyMode
                0x00402cd8                DisableSircInStandbyMode
                0x00402ce8                EnableSircInStandbyMode
                0x00402d04                Clock_Ip_Command
                0x00402d54                Clock_Ip_FLASH_SetFlashIWS
                0x00402d58                Clock_Ip_SetFlashWaitStates
                0x00402d5c                Clock_Ip_SetRamWaitStates
 .mcal_text     0x00402d60       0xa4 ./RTD/src/Det.o
                0x00402d60                Det_Init
                0x00402d62                Det_ReportError
                0x00402d98                Det_ReportRuntimeError
                0x00402dcc                Det_ReportTransientFault
                0x00402e00                Det_Start
 .mcal_text     0x00402e04      0x21c ./RTD/src/Det_stub.o
                0x00402e04                Det_TestLastReportError
                0x00402e6c                Det_TestLastReportRuntimeError
                0x00402ed4                Det_TestLastReportTransientFault
                0x00402f3c                Det_TestNoError
                0x00402f88                Det_TestNoRuntimeError
                0x00402fd4                Det_TestNoTransientFault
 .mcal_text     0x00403020      0x15c ./RTD/src/IntCtrl_Ip.o
                0x00403020                IntCtrl_Ip_InstallHandlerPrivileged
                0x00403046                IntCtrl_Ip_EnableIrqPrivileged
                0x0040305e                IntCtrl_Ip_DisableIrqPrivileged
                0x00403076                IntCtrl_Ip_SetPriorityPrivileged
                0x00403084                IntCtrl_Ip_GetPriorityPrivileged
                0x00403090                IntCtrl_Ip_ClearPendingPrivileged
                0x004030a8                IntCtrl_Ip_SetPendingPrivileged
                0x004030c0                IntCtrl_Ip_GetPendingPrivileged
                0x004030da                IntCtrl_Ip_GetActivePrivileged
                0x004030f4                IntCtrl_Ip_Init
                0x00403144                IntCtrl_Ip_InstallHandler
                0x00403148                IntCtrl_Ip_EnableIrq
                0x0040314c                IntCtrl_Ip_DisableIrq
                0x00403150                IntCtrl_Ip_SetPriority
                0x00403154                IntCtrl_Ip_GetPriority
                0x00403158                IntCtrl_Ip_ClearPending
                0x0040315c                IntCtrl_Ip_SetPending
                0x00403160                IntCtrl_Ip_GetPending
                0x0040316e                IntCtrl_Ip_GetActive
 .mcal_text     0x0040317c       0x18 ./RTD/src/OsIf_Timer.o
                0x0040317c                OsIf_Init
                0x0040317e                OsIf_GetCounter
                0x00403182                OsIf_GetElapsed
                0x0040318a                OsIf_SetTimerFrequency
                0x0040318c                OsIf_MicrosToTicks
 .mcal_text     0x00403194       0x42 ./RTD/src/OsIf_Timer_System_Internal_Systick.o
                0x00403194                OsIf_Timer_System_Internal_Init
                0x004031aa                OsIf_Timer_System_Internal_GetCounter
                0x004031b6                OsIf_Timer_System_Internal_GetElapsed
 *fill*         0x004031d6        0x2 
 .mcal_text     0x004031d8      0x30c ./RTD/src/Pit_Ip.o
                0x004031f4                Pit_Ip_GetLoadValue
                0x00403208                Pit_Ip_Init
                0x00403234                Pit_Ip_InitChannel
                0x004032a4                Pit_Ip_Deinit
                0x00403300                Pit_Ip_StartChannel
                0x00403340                Pit_Ip_StopChannel
                0x00403374                Pit_Ip_GetCurrentTimer
                0x0040338c                Pit_Ip_EnableChannelInterrupt
                0x004033bc                Pit_Ip_DisableChannelInterrupt
                0x004033f0                Pit_Ip_SetLifetimeTimer
                0x0040345c                Pit_Ip_GetLifetimeTimer
                0x00403470                PIT_0_ISR
 .mcal_text     0x004034e4       0xc8 ./RTD/src/SchM_Dio.o
                0x004034e4                SchM_Enter_Dio_DIO_EXCLUSIVE_AREA_00
                0x00403518                SchM_Exit_Dio_DIO_EXCLUSIVE_AREA_00
                0x00403548                SchM_Enter_Dio_DIO_EXCLUSIVE_AREA_01
                0x0040357c                SchM_Exit_Dio_DIO_EXCLUSIVE_AREA_01
 .mcal_text     0x004035ac     0x157c ./RTD/src/SchM_Gpt.o
                0x004035ac                SchM_Enter_Gpt_GPT_EXCLUSIVE_AREA_00
                0x004035e0                SchM_Exit_Gpt_GPT_EXCLUSIVE_AREA_00
                0x00403610                SchM_Enter_Gpt_GPT_EXCLUSIVE_AREA_01
                0x00403644                SchM_Exit_Gpt_GPT_EXCLUSIVE_AREA_01
                0x00403674                SchM_Enter_Gpt_GPT_EXCLUSIVE_AREA_02
                0x004036a8                SchM_Exit_Gpt_GPT_EXCLUSIVE_AREA_02
                0x004036d8                SchM_Enter_Gpt_GPT_EXCLUSIVE_AREA_03
                0x0040370c                SchM_Exit_Gpt_GPT_EXCLUSIVE_AREA_03
                0x0040373c                SchM_Enter_Gpt_GPT_EXCLUSIVE_AREA_04
                0x00403770                SchM_Exit_Gpt_GPT_EXCLUSIVE_AREA_04
                0x004037a0                SchM_Enter_Gpt_GPT_EXCLUSIVE_AREA_05
                0x004037d4                SchM_Exit_Gpt_GPT_EXCLUSIVE_AREA_05
                0x00403804                SchM_Enter_Gpt_GPT_EXCLUSIVE_AREA_06
                0x00403838                SchM_Exit_Gpt_GPT_EXCLUSIVE_AREA_06
                0x00403868                SchM_Enter_Gpt_GPT_EXCLUSIVE_AREA_07
                0x0040389c                SchM_Exit_Gpt_GPT_EXCLUSIVE_AREA_07
                0x004038cc                SchM_Enter_Gpt_GPT_EXCLUSIVE_AREA_10
                0x00403900                SchM_Exit_Gpt_GPT_EXCLUSIVE_AREA_10
                0x00403930                SchM_Enter_Gpt_GPT_EXCLUSIVE_AREA_11
                0x00403964                SchM_Exit_Gpt_GPT_EXCLUSIVE_AREA_11
                0x00403994                SchM_Enter_Gpt_GPT_EXCLUSIVE_AREA_12
                0x004039c8                SchM_Exit_Gpt_GPT_EXCLUSIVE_AREA_12
                0x004039f8                SchM_Enter_Gpt_GPT_EXCLUSIVE_AREA_17
                0x00403a2c                SchM_Exit_Gpt_GPT_EXCLUSIVE_AREA_17
                0x00403a5c                SchM_Enter_Gpt_GPT_EXCLUSIVE_AREA_21
                0x00403a90                SchM_Exit_Gpt_GPT_EXCLUSIVE_AREA_21
                0x00403ac0                SchM_Enter_Gpt_GPT_EXCLUSIVE_AREA_22
                0x00403af4                SchM_Exit_Gpt_GPT_EXCLUSIVE_AREA_22
                0x00403b24                SchM_Enter_Gpt_GPT_EXCLUSIVE_AREA_23
                0x00403b58                SchM_Exit_Gpt_GPT_EXCLUSIVE_AREA_23
                0x00403b88                SchM_Enter_Gpt_GPT_EXCLUSIVE_AREA_24
                0x00403bbc                SchM_Exit_Gpt_GPT_EXCLUSIVE_AREA_24
                0x00403bec                SchM_Enter_Gpt_GPT_EXCLUSIVE_AREA_25
                0x00403c20                SchM_Exit_Gpt_GPT_EXCLUSIVE_AREA_25
                0x00403c50                SchM_Enter_Gpt_GPT_EXCLUSIVE_AREA_26
                0x00403c84                SchM_Exit_Gpt_GPT_EXCLUSIVE_AREA_26
                0x00403cb4                SchM_Enter_Gpt_GPT_EXCLUSIVE_AREA_27
                0x00403ce8                SchM_Exit_Gpt_GPT_EXCLUSIVE_AREA_27
                0x00403d18                SchM_Enter_Gpt_GPT_EXCLUSIVE_AREA_28
                0x00403d4c                SchM_Exit_Gpt_GPT_EXCLUSIVE_AREA_28
                0x00403d7c                SchM_Enter_Gpt_GPT_EXCLUSIVE_AREA_29
                0x00403db0                SchM_Exit_Gpt_GPT_EXCLUSIVE_AREA_29
                0x00403de0                SchM_Enter_Gpt_GPT_EXCLUSIVE_AREA_30
                0x00403e14                SchM_Exit_Gpt_GPT_EXCLUSIVE_AREA_30
                0x00403e44                SchM_Enter_Gpt_GPT_EXCLUSIVE_AREA_31
                0x00403e78                SchM_Exit_Gpt_GPT_EXCLUSIVE_AREA_31
                0x00403ea8                SchM_Enter_Gpt_GPT_EXCLUSIVE_AREA_35
                0x00403edc                SchM_Exit_Gpt_GPT_EXCLUSIVE_AREA_35
                0x00403f0c                SchM_Enter_Gpt_GPT_EXCLUSIVE_AREA_36
                0x00403f40                SchM_Exit_Gpt_GPT_EXCLUSIVE_AREA_36
                0x00403f70                SchM_Enter_Gpt_GPT_EXCLUSIVE_AREA_38
                0x00403fa4                SchM_Exit_Gpt_GPT_EXCLUSIVE_AREA_38
                0x00403fd4                SchM_Enter_Gpt_GPT_EXCLUSIVE_AREA_39
                0x00404008                SchM_Exit_Gpt_GPT_EXCLUSIVE_AREA_39
                0x00404038                SchM_Enter_Gpt_GPT_EXCLUSIVE_AREA_40
                0x0040406c                SchM_Exit_Gpt_GPT_EXCLUSIVE_AREA_40
                0x0040409c                SchM_Enter_Gpt_GPT_EXCLUSIVE_AREA_41
                0x004040d0                SchM_Exit_Gpt_GPT_EXCLUSIVE_AREA_41
                0x00404100                SchM_Enter_Gpt_GPT_EXCLUSIVE_AREA_42
                0x00404134                SchM_Exit_Gpt_GPT_EXCLUSIVE_AREA_42
                0x00404164                SchM_Enter_Gpt_GPT_EXCLUSIVE_AREA_43
                0x00404198                SchM_Exit_Gpt_GPT_EXCLUSIVE_AREA_43
                0x004041c8                SchM_Enter_Gpt_GPT_EXCLUSIVE_AREA_44
                0x004041fc                SchM_Exit_Gpt_GPT_EXCLUSIVE_AREA_44
                0x0040422c                SchM_Enter_Gpt_GPT_EXCLUSIVE_AREA_45
                0x00404260                SchM_Exit_Gpt_GPT_EXCLUSIVE_AREA_45
                0x00404290                SchM_Enter_Gpt_GPT_EXCLUSIVE_AREA_46
                0x004042c4                SchM_Exit_Gpt_GPT_EXCLUSIVE_AREA_46
                0x004042f4                SchM_Enter_Gpt_GPT_EXCLUSIVE_AREA_50
                0x00404328                SchM_Exit_Gpt_GPT_EXCLUSIVE_AREA_50
                0x00404358                SchM_Enter_Gpt_GPT_EXCLUSIVE_AREA_51
                0x0040438c                SchM_Exit_Gpt_GPT_EXCLUSIVE_AREA_51
                0x004043bc                SchM_Enter_Gpt_GPT_EXCLUSIVE_AREA_52
                0x004043f0                SchM_Exit_Gpt_GPT_EXCLUSIVE_AREA_52
                0x00404420                SchM_Enter_Gpt_GPT_EXCLUSIVE_AREA_53
                0x00404454                SchM_Exit_Gpt_GPT_EXCLUSIVE_AREA_53
                0x00404484                SchM_Enter_Gpt_GPT_EXCLUSIVE_AREA_54
                0x004044b8                SchM_Exit_Gpt_GPT_EXCLUSIVE_AREA_54
                0x004044e8                SchM_Enter_Gpt_GPT_EXCLUSIVE_AREA_55
                0x0040451c                SchM_Exit_Gpt_GPT_EXCLUSIVE_AREA_55
                0x0040454c                SchM_Enter_Gpt_GPT_EXCLUSIVE_AREA_56
                0x00404580                SchM_Exit_Gpt_GPT_EXCLUSIVE_AREA_56
                0x004045b0                SchM_Enter_Gpt_GPT_EXCLUSIVE_AREA_60
                0x004045e4                SchM_Exit_Gpt_GPT_EXCLUSIVE_AREA_60
                0x00404614                SchM_Enter_Gpt_GPT_EXCLUSIVE_AREA_61
                0x00404648                SchM_Exit_Gpt_GPT_EXCLUSIVE_AREA_61
                0x00404678                SchM_Enter_Gpt_GPT_EXCLUSIVE_AREA_62
                0x004046ac                SchM_Exit_Gpt_GPT_EXCLUSIVE_AREA_62
                0x004046dc                SchM_Enter_Gpt_GPT_EXCLUSIVE_AREA_63
                0x00404710                SchM_Exit_Gpt_GPT_EXCLUSIVE_AREA_63
                0x00404740                SchM_Enter_Gpt_GPT_EXCLUSIVE_AREA_64
                0x00404774                SchM_Exit_Gpt_GPT_EXCLUSIVE_AREA_64
                0x004047a4                SchM_Enter_Gpt_GPT_EXCLUSIVE_AREA_65
                0x004047d8                SchM_Exit_Gpt_GPT_EXCLUSIVE_AREA_65
                0x00404808                SchM_Enter_Gpt_GPT_EXCLUSIVE_AREA_66
                0x0040483c                SchM_Exit_Gpt_GPT_EXCLUSIVE_AREA_66
                0x0040486c                SchM_Enter_Gpt_GPT_EXCLUSIVE_AREA_67
                0x004048a0                SchM_Exit_Gpt_GPT_EXCLUSIVE_AREA_67
                0x004048d0                SchM_Enter_Gpt_GPT_EXCLUSIVE_AREA_68
                0x00404904                SchM_Exit_Gpt_GPT_EXCLUSIVE_AREA_68
                0x00404934                SchM_Enter_Gpt_GPT_EXCLUSIVE_AREA_69
                0x00404968                SchM_Exit_Gpt_GPT_EXCLUSIVE_AREA_69
                0x00404998                SchM_Enter_Gpt_GPT_EXCLUSIVE_AREA_70
                0x004049cc                SchM_Exit_Gpt_GPT_EXCLUSIVE_AREA_70
                0x004049fc                SchM_Enter_Gpt_GPT_EXCLUSIVE_AREA_71
                0x00404a30                SchM_Exit_Gpt_GPT_EXCLUSIVE_AREA_71
                0x00404a60                SchM_Enter_Gpt_GPT_EXCLUSIVE_AREA_72
                0x00404a94                SchM_Exit_Gpt_GPT_EXCLUSIVE_AREA_72
                0x00404ac4                SchM_Enter_Gpt_GPT_EXCLUSIVE_AREA_73
                0x00404af8                SchM_Exit_Gpt_GPT_EXCLUSIVE_AREA_73
 .mcal_text     0x00404b28     0x10cc ./RTD/src/SchM_Icu.o
                0x00404b28                SchM_Enter_Icu_ICU_EXCLUSIVE_AREA_00
                0x00404b5c                SchM_Exit_Icu_ICU_EXCLUSIVE_AREA_00
                0x00404b8c                SchM_Enter_Icu_ICU_EXCLUSIVE_AREA_01
                0x00404bc0                SchM_Exit_Icu_ICU_EXCLUSIVE_AREA_01
                0x00404bf0                SchM_Enter_Icu_ICU_EXCLUSIVE_AREA_02
                0x00404c24                SchM_Exit_Icu_ICU_EXCLUSIVE_AREA_02
                0x00404c54                SchM_Enter_Icu_ICU_EXCLUSIVE_AREA_03
                0x00404c88                SchM_Exit_Icu_ICU_EXCLUSIVE_AREA_03
                0x00404cb8                SchM_Enter_Icu_ICU_EXCLUSIVE_AREA_04
                0x00404cec                SchM_Exit_Icu_ICU_EXCLUSIVE_AREA_04
                0x00404d1c                SchM_Enter_Icu_ICU_EXCLUSIVE_AREA_05
                0x00404d50                SchM_Exit_Icu_ICU_EXCLUSIVE_AREA_05
                0x00404d80                SchM_Enter_Icu_ICU_EXCLUSIVE_AREA_06
                0x00404db4                SchM_Exit_Icu_ICU_EXCLUSIVE_AREA_06
                0x00404de4                SchM_Enter_Icu_ICU_EXCLUSIVE_AREA_07
                0x00404e18                SchM_Exit_Icu_ICU_EXCLUSIVE_AREA_07
                0x00404e48                SchM_Enter_Icu_ICU_EXCLUSIVE_AREA_08
                0x00404e7c                SchM_Exit_Icu_ICU_EXCLUSIVE_AREA_08
                0x00404eac                SchM_Enter_Icu_ICU_EXCLUSIVE_AREA_09
                0x00404ee0                SchM_Exit_Icu_ICU_EXCLUSIVE_AREA_09
                0x00404f10                SchM_Enter_Icu_ICU_EXCLUSIVE_AREA_11
                0x00404f44                SchM_Exit_Icu_ICU_EXCLUSIVE_AREA_11
                0x00404f74                SchM_Enter_Icu_ICU_EXCLUSIVE_AREA_15
                0x00404fa8                SchM_Exit_Icu_ICU_EXCLUSIVE_AREA_15
                0x00404fd8                SchM_Enter_Icu_ICU_EXCLUSIVE_AREA_16
                0x0040500c                SchM_Exit_Icu_ICU_EXCLUSIVE_AREA_16
                0x0040503c                SchM_Enter_Icu_ICU_EXCLUSIVE_AREA_17
                0x00405070                SchM_Exit_Icu_ICU_EXCLUSIVE_AREA_17
                0x004050a0                SchM_Enter_Icu_ICU_EXCLUSIVE_AREA_18
                0x004050d4                SchM_Exit_Icu_ICU_EXCLUSIVE_AREA_18
                0x00405104                SchM_Enter_Icu_ICU_EXCLUSIVE_AREA_19
                0x00405138                SchM_Exit_Icu_ICU_EXCLUSIVE_AREA_19
                0x00405168                SchM_Enter_Icu_ICU_EXCLUSIVE_AREA_20
                0x0040519c                SchM_Exit_Icu_ICU_EXCLUSIVE_AREA_20
                0x004051cc                SchM_Enter_Icu_ICU_EXCLUSIVE_AREA_21
                0x00405200                SchM_Exit_Icu_ICU_EXCLUSIVE_AREA_21
                0x00405230                SchM_Enter_Icu_ICU_EXCLUSIVE_AREA_22
                0x00405264                SchM_Exit_Icu_ICU_EXCLUSIVE_AREA_22
                0x00405294                SchM_Enter_Icu_ICU_EXCLUSIVE_AREA_23
                0x004052c8                SchM_Exit_Icu_ICU_EXCLUSIVE_AREA_23
                0x004052f8                SchM_Enter_Icu_ICU_EXCLUSIVE_AREA_24
                0x0040532c                SchM_Exit_Icu_ICU_EXCLUSIVE_AREA_24
                0x0040535c                SchM_Enter_Icu_ICU_EXCLUSIVE_AREA_25
                0x00405390                SchM_Exit_Icu_ICU_EXCLUSIVE_AREA_25
                0x004053c0                SchM_Enter_Icu_ICU_EXCLUSIVE_AREA_26
                0x004053f4                SchM_Exit_Icu_ICU_EXCLUSIVE_AREA_26
                0x00405424                SchM_Enter_Icu_ICU_EXCLUSIVE_AREA_27
                0x00405458                SchM_Exit_Icu_ICU_EXCLUSIVE_AREA_27
                0x00405488                SchM_Enter_Icu_ICU_EXCLUSIVE_AREA_28
                0x004054bc                SchM_Exit_Icu_ICU_EXCLUSIVE_AREA_28
                0x004054ec                SchM_Enter_Icu_ICU_EXCLUSIVE_AREA_29
                0x00405520                SchM_Exit_Icu_ICU_EXCLUSIVE_AREA_29
                0x00405550                SchM_Enter_Icu_ICU_EXCLUSIVE_AREA_30
                0x00405584                SchM_Exit_Icu_ICU_EXCLUSIVE_AREA_30
                0x004055b4                SchM_Enter_Icu_ICU_EXCLUSIVE_AREA_31
                0x004055e8                SchM_Exit_Icu_ICU_EXCLUSIVE_AREA_31
                0x00405618                SchM_Enter_Icu_ICU_EXCLUSIVE_AREA_32
                0x0040564c                SchM_Exit_Icu_ICU_EXCLUSIVE_AREA_32
                0x0040567c                SchM_Enter_Icu_ICU_EXCLUSIVE_AREA_33
                0x004056b0                SchM_Exit_Icu_ICU_EXCLUSIVE_AREA_33
                0x004056e0                SchM_Enter_Icu_ICU_EXCLUSIVE_AREA_44
                0x00405714                SchM_Exit_Icu_ICU_EXCLUSIVE_AREA_44
                0x00405744                SchM_Enter_Icu_ICU_EXCLUSIVE_AREA_45
                0x00405778                SchM_Exit_Icu_ICU_EXCLUSIVE_AREA_45
                0x004057a8                SchM_Enter_Icu_ICU_EXCLUSIVE_AREA_46
                0x004057dc                SchM_Exit_Icu_ICU_EXCLUSIVE_AREA_46
                0x0040580c                SchM_Enter_Icu_ICU_EXCLUSIVE_AREA_47
                0x00405840                SchM_Exit_Icu_ICU_EXCLUSIVE_AREA_47
                0x00405870                SchM_Enter_Icu_ICU_EXCLUSIVE_AREA_48
                0x004058a4                SchM_Exit_Icu_ICU_EXCLUSIVE_AREA_48
                0x004058d4                SchM_Enter_Icu_ICU_EXCLUSIVE_AREA_49
                0x00405908                SchM_Exit_Icu_ICU_EXCLUSIVE_AREA_49
                0x00405938                SchM_Enter_Icu_ICU_EXCLUSIVE_AREA_50
                0x0040596c                SchM_Exit_Icu_ICU_EXCLUSIVE_AREA_50
                0x0040599c                SchM_Enter_Icu_ICU_EXCLUSIVE_AREA_51
                0x004059d0                SchM_Exit_Icu_ICU_EXCLUSIVE_AREA_51
                0x00405a00                SchM_Enter_Icu_ICU_EXCLUSIVE_AREA_52
                0x00405a34                SchM_Exit_Icu_ICU_EXCLUSIVE_AREA_52
                0x00405a64                SchM_Enter_Icu_ICU_EXCLUSIVE_AREA_53
                0x00405a98                SchM_Exit_Icu_ICU_EXCLUSIVE_AREA_53
                0x00405ac8                SchM_Enter_Icu_ICU_EXCLUSIVE_AREA_57
                0x00405afc                SchM_Exit_Icu_ICU_EXCLUSIVE_AREA_57
                0x00405b2c                SchM_Enter_Icu_ICU_EXCLUSIVE_AREA_58
                0x00405b60                SchM_Exit_Icu_ICU_EXCLUSIVE_AREA_58
                0x00405b90                SchM_Enter_Icu_ICU_EXCLUSIVE_AREA_59
                0x00405bc4                SchM_Exit_Icu_ICU_EXCLUSIVE_AREA_59
 .mcal_text     0x00405bf4      0x12c ./RTD/src/SchM_Mcu.o
                0x00405bf4                SchM_Enter_Mcu_MCU_EXCLUSIVE_AREA_00
                0x00405c28                SchM_Exit_Mcu_MCU_EXCLUSIVE_AREA_00
                0x00405c58                SchM_Enter_Mcu_MCU_EXCLUSIVE_AREA_01
                0x00405c8c                SchM_Exit_Mcu_MCU_EXCLUSIVE_AREA_01
                0x00405cbc                SchM_Enter_Mcu_MCU_EXCLUSIVE_AREA_02
                0x00405cf0                SchM_Exit_Mcu_MCU_EXCLUSIVE_AREA_02
 .mcal_text     0x00405d20      0xaf0 ./RTD/src/SchM_Port.o
                0x00405d20                SchM_Enter_Port_PORT_EXCLUSIVE_AREA_00
                0x00405d54                SchM_Exit_Port_PORT_EXCLUSIVE_AREA_00
                0x00405d84                SchM_Enter_Port_PORT_EXCLUSIVE_AREA_01
                0x00405db8                SchM_Exit_Port_PORT_EXCLUSIVE_AREA_01
                0x00405de8                SchM_Enter_Port_PORT_EXCLUSIVE_AREA_02
                0x00405e1c                SchM_Exit_Port_PORT_EXCLUSIVE_AREA_02
                0x00405e4c                SchM_Enter_Port_PORT_EXCLUSIVE_AREA_03
                0x00405e80                SchM_Exit_Port_PORT_EXCLUSIVE_AREA_03
                0x00405eb0                SchM_Enter_Port_PORT_EXCLUSIVE_AREA_04
                0x00405ee4                SchM_Exit_Port_PORT_EXCLUSIVE_AREA_04
                0x00405f14                SchM_Enter_Port_PORT_EXCLUSIVE_AREA_05
                0x00405f48                SchM_Exit_Port_PORT_EXCLUSIVE_AREA_05
                0x00405f78                SchM_Enter_Port_PORT_EXCLUSIVE_AREA_06
                0x00405fac                SchM_Exit_Port_PORT_EXCLUSIVE_AREA_06
                0x00405fdc                SchM_Enter_Port_PORT_EXCLUSIVE_AREA_07
                0x00406010                SchM_Exit_Port_PORT_EXCLUSIVE_AREA_07
                0x00406040                SchM_Enter_Port_PORT_EXCLUSIVE_AREA_08
                0x00406074                SchM_Exit_Port_PORT_EXCLUSIVE_AREA_08
                0x004060a4                SchM_Enter_Port_PORT_EXCLUSIVE_AREA_09
                0x004060d8                SchM_Exit_Port_PORT_EXCLUSIVE_AREA_09
                0x00406108                SchM_Enter_Port_PORT_EXCLUSIVE_AREA_10
                0x0040613c                SchM_Exit_Port_PORT_EXCLUSIVE_AREA_10
                0x0040616c                SchM_Enter_Port_PORT_EXCLUSIVE_AREA_11
                0x004061a0                SchM_Exit_Port_PORT_EXCLUSIVE_AREA_11
                0x004061d0                SchM_Enter_Port_PORT_EXCLUSIVE_AREA_12
                0x00406204                SchM_Exit_Port_PORT_EXCLUSIVE_AREA_12
                0x00406234                SchM_Enter_Port_PORT_EXCLUSIVE_AREA_13
                0x00406268                SchM_Exit_Port_PORT_EXCLUSIVE_AREA_13
                0x00406298                SchM_Enter_Port_PORT_EXCLUSIVE_AREA_14
                0x004062cc                SchM_Exit_Port_PORT_EXCLUSIVE_AREA_14
                0x004062fc                SchM_Enter_Port_PORT_EXCLUSIVE_AREA_15
                0x00406330                SchM_Exit_Port_PORT_EXCLUSIVE_AREA_15
                0x00406360                SchM_Enter_Port_PORT_EXCLUSIVE_AREA_16
                0x00406394                SchM_Exit_Port_PORT_EXCLUSIVE_AREA_16
                0x004063c4                SchM_Enter_Port_PORT_EXCLUSIVE_AREA_17
                0x004063f8                SchM_Exit_Port_PORT_EXCLUSIVE_AREA_17
                0x00406428                SchM_Enter_Port_PORT_EXCLUSIVE_AREA_18
                0x0040645c                SchM_Exit_Port_PORT_EXCLUSIVE_AREA_18
                0x0040648c                SchM_Enter_Port_PORT_EXCLUSIVE_AREA_19
                0x004064c0                SchM_Exit_Port_PORT_EXCLUSIVE_AREA_19
                0x004064f0                SchM_Enter_Port_PORT_EXCLUSIVE_AREA_20
                0x00406524                SchM_Exit_Port_PORT_EXCLUSIVE_AREA_20
                0x00406554                SchM_Enter_Port_PORT_EXCLUSIVE_AREA_21
                0x00406588                SchM_Exit_Port_PORT_EXCLUSIVE_AREA_21
                0x004065b8                SchM_Enter_Port_PORT_EXCLUSIVE_AREA_22
                0x004065ec                SchM_Exit_Port_PORT_EXCLUSIVE_AREA_22
                0x0040661c                SchM_Enter_Port_PORT_EXCLUSIVE_AREA_23
                0x00406650                SchM_Exit_Port_PORT_EXCLUSIVE_AREA_23
                0x00406680                SchM_Enter_Port_PORT_EXCLUSIVE_AREA_24
                0x004066b4                SchM_Exit_Port_PORT_EXCLUSIVE_AREA_24
                0x004066e4                SchM_Enter_Port_PORT_EXCLUSIVE_AREA_25
                0x00406718                SchM_Exit_Port_PORT_EXCLUSIVE_AREA_25
                0x00406748                SchM_Enter_Port_PORT_EXCLUSIVE_AREA_26
                0x0040677c                SchM_Exit_Port_PORT_EXCLUSIVE_AREA_26
                0x004067ac                SchM_Enter_Port_PORT_EXCLUSIVE_AREA_27
                0x004067e0                SchM_Exit_Port_PORT_EXCLUSIVE_AREA_27
 .mcal_text     0x00406810      0x108 ./RTD/src/Siul2_Dio_Ip.o
                0x00406846                Siul2_Dio_Ip_WritePin
                0x00406876                Siul2_Dio_Ip_WritePins
                0x00406884                Siul2_Dio_Ip_GetPinsOutput
                0x0040688a                Siul2_Dio_Ip_SetPins
                0x0040689e                Siul2_Dio_Ip_ClearPins
                0x004068b4                Siul2_Dio_Ip_TogglePins
                0x004068c8                Siul2_Dio_Ip_ReadPins
                0x004068d0                Siul2_Dio_Ip_ReadPin
                0x004068ea                Siul2_Dio_Ip_MaskedWritePins
 .mcal_text     0x00406918      0x288 ./RTD/src/Siul2_Icu_Ip.o
                0x00406918                Siul2_Icu_Ip_Init
                0x00406a20                Siul2_Icu_Ip_SetActivationCondition
                0x00406a50                Siul2_Icu_Ip_GetInputState
                0x00406a74                Siul2_Icu_Ip_SetClockMode
                0x00406a98                Siul2_Icu_Ip_EnableInterrupt
                0x00406ab0                Siul2_Icu_Ip_DisableInterrupt
                0x00406ac8                Siul2_Icu_Ip_DeInit
                0x00406b60                Siul2_Icu_Ip_SetSleepMode
                0x00406b64                Siul2_Icu_Ip_SetNormalMode
                0x00406b68                Siul2_Icu_Ip_EnableNotification
                0x00406b84                Siul2_Icu_Ip_DisableNotification
 .mcal_text     0x00406ba0       0x68 ./RTD/src/Siul2_Icu_Ip_Irq.o
                0x00406ba0                SIUL2_EXT_IRQ_8_15_ISR
 .mcal_text     0x00406c08      0x3bc ./RTD/src/Siul2_Port_Ip.o
                0x00406d40                Siul2_Port_Ip_Init
                0x00406d70                Siul2_Port_Ip_SetPullSel
                0x00406db2                Siul2_Port_Ip_SetOutputBuffer
                0x00406e02                Siul2_Port_Ip_SetInputBuffer
                0x00406e66                Siul2_Port_Ip_SetPinDirection
                0x00406ec8                Siul2_Port_Ip_RevertPinConfiguration
                0x00406f14                Siul2_Port_Ip_GetPinConfiguration
 .mcal_text     0x00406fc4       0xb8 ./RTD/src/Tspc_Port_Ip.o
                0x00406fc4                Tspc_Port_Ip_EnableObeGroup
                0x00406fec                Tspc_Port_Ip_ConfigureObeGroup
                0x0040707c                . = ALIGN (0x4)
 *(.acmcu_code_rom)
                0x0040707c                . = ALIGN (0x4)
                0x0040707c                __acfls_code_rom_start = .
 *(.acfls_code_rom)
 .acfls_code_rom
                0x0040707c       0x40 ./RTD/src/Clock_Ip_Specific.o
                0x0040707c                Clock_Ip_PRAMCSetRamIWS
 *fill*         0x004070bc        0x4 
 .acfls_code_rom.__stub
                0x004070c0        0x8 linker stubs
                0x004070c8                . = ALIGN (0x4)
                0x004070c8                __acfls_code_rom_end = .
 *(.init)
                0x004070c8                . = ALIGN (0x4)
 *(.fini)
                0x004070c8                . = ALIGN (0x4)
 *(.rodata)
 .rodata        0x004070c8        0x3 ./RTD/src/Clock_Ip_IntOsc.o
 *fill*         0x004070cb        0x1 
 .rodata        0x004070cc        0x4 ./RTD/src/Siul2_Port_Ip.o
                0x004070cc                Port_au32Siul2BaseAddr
 *(.rodata*)
                0x004070d0                . = ALIGN (0x4)
 *(.mcal_const_cfg)
 .mcal_const_cfg
                0x004070d0      0x2f0 ./board/Siul2_Port_Ip_Cfg.o
                0x004070d0                g_pin_mux_InitConfigArr0
 .mcal_const_cfg
                0x004073c0      0x40c ./generate/src/Clock_Ip_Cfg.o
                0x004073c0                Clock_Ip_aClockConfig
 .mcal_const_cfg
                0x004077cc       0x14 ./generate/src/IntCtrl_Ip_Cfg.o
                0x004077cc                IntCtrlConfig_0
 .mcal_const_cfg
                0x004077e0       0x12 ./generate/src/Pit_Ip_PBcfg.o
                0x004077e0                PIT_0_ChannelConfig_PB
                0x004077f0                PIT_0_InitConfig_PB
 *fill*         0x004077f2        0x2 
 .mcal_const_cfg
                0x004077f4       0x28 ./generate/src/Siul2_Icu_Ip_SA_PBcfg.o
                0x004077f4                Siul2_Icu_Ip_0_Config_PB
                0x00407800                Siul2_Icu_Ip_0_InstanceConfig_PB
                0x00407804                Siul2_Icu_Ip_0_ChannelConfig_PB
                0x0040781c                . = ALIGN (0x4)
 *(.mcal_const)
 .mcal_const    0x0040781c      0xe94 ./RTD/src/Clock_Ip_Data.o
                0x0040781c                Clock_Ip_axGateInfo
                0x00407ef4                Clock_Ip_axFeatureExtensions
                0x00408114                Clock_Ip_aeHwDfsName
                0x00408118                Clock_Ip_aeHwPllName
                0x0040811c                Clock_Ip_aeSourceTypeClockName
                0x00408164                Clock_Ip_apxMcMeTriggerPartitions
                0x00408174                Clock_Ip_apxMcMeGetPartitions
                0x00408184                Clock_Ip_apxMcMeSetPartitions
                0x00408194                Clock_Ip_axCmuInfo
                0x00408204                Clock_Ip_aeCmuNames
                0x00408220                Clock_Ip_apxCmu
                0x0040823c                Clock_Ip_apxPll
                0x0040824c                Clock_Ip_apxXosc
                0x00408254                Clock_Ip_apxCgmPcfs
                0x00408258                Clock_Ip_apxCgm
                0x004082a8                Clock_Ip_au16SelectorEntryRtcHardwareValue
                0x004082cc                Clock_Ip_au16SelectorEntryHardwareValue
                0x004082f0                Clock_Ip_au8SoftwareMuxResetValue
                0x00408347                Clock_Ip_au8ClockFeatures
                0x00408656                Clock_Ip_au8CmuCallbackIndex
                0x0040865f                Clock_Ip_au8PcfsCallbackIndex
                0x00408668                Clock_Ip_au8SelectorCallbackIndex
                0x00408671                Clock_Ip_au8PllCallbackIndex
                0x0040867a                Clock_Ip_au8FractionalDividerCallbackIndex
                0x00408683                Clock_Ip_au8GateCallbackIndex
                0x0040868c                Clock_Ip_au8IrcoscCallbackIndex
                0x00408695                Clock_Ip_au8XoscCallbackIndex
                0x0040869e                Clock_Ip_au8DividerTriggerCallbackIndex
                0x004086a7                Clock_Ip_au8DividerCallbackIndex
 .mcal_const    0x004086b0       0x10 ./RTD/src/Clock_Ip_Divider.o
                0x004086b0                Clock_Ip_axDividerCallbacks
 .mcal_const    0x004086c0       0x10 ./RTD/src/Clock_Ip_DividerTrigger.o
                0x004086c0                Clock_Ip_axDividerTriggerCallbacks
 .mcal_const    0x004086d0       0x3c ./RTD/src/Clock_Ip_ExtOsc.o
                0x004086d0                Clock_Ip_axExtOscCallbacks
 .mcal_const    0x0040870c        0xc ./RTD/src/Clock_Ip_FracDiv.o
                0x0040870c                Clock_Ip_axFracDivCallbacks
 .mcal_const    0x00408718       0x10 ./RTD/src/Clock_Ip_Gate.o
                0x00408718                Clock_Ip_axGateCallbacks
 .mcal_const    0x00408728       0x30 ./RTD/src/Clock_Ip_IntOsc.o
                0x00408728                Clock_Ip_axIntOscCallbacks
 .mcal_const    0x00408758       0x20 ./RTD/src/Clock_Ip_Monitor.o
                0x00408758                Clock_Ip_axCmuCallbacks
 .mcal_const    0x00408778       0x28 ./RTD/src/Clock_Ip_Pll.o
                0x00408778                Clock_Ip_axPllCallbacks
 .mcal_const    0x004087a0        0x8 ./RTD/src/Clock_Ip_ProgFreqSwitch.o
                0x004087a0                Clock_Ip_axPcfsCallbacks
 .mcal_const    0x004087a8       0x28 ./RTD/src/Clock_Ip_Selector.o
                0x004087a8                Clock_Ip_axSelectorCallbacks
 .mcal_const    0x004087d0        0x8 ./RTD/src/Pit_Ip.o
                0x004087d0                pitBase
 .mcal_const    0x004087d8        0x4 ./RTD/src/Siul2_Icu_Ip.o
                0x004087d8                Siul2_Icu_Ip_pBase
                0x004087dc                . = ALIGN (0x4)
                0x004087dc                __init_table = .
 *(.init_table)
 .init_table    0x004087dc       0x4c ./Project_Settings/Startup_Code/startup_cm7.o
                0x00408828                . = ALIGN (0x4)
                0x00408828                __zero_table = .
 *(.zero_table)
 .zero_table    0x00408828       0x1c ./Project_Settings/Startup_Code/startup_cm7.o

.glue_7         0x00408844        0x0
 .glue_7        0x00408844        0x0 linker stubs

.glue_7t        0x00408844        0x0
 .glue_7t       0x00408844        0x0 linker stubs

.vfp11_veneer   0x00408844        0x0
 .vfp11_veneer  0x00408844        0x0 linker stubs

.v4_bx          0x00408844        0x0
 .v4_bx         0x00408844        0x0 linker stubs

.iplt           0x00408844        0x0
 .iplt          0x00408844        0x0 ./Project_Settings/Startup_Code/Vector_Table.o

.rel.dyn        0x00408844        0x0
 .rel.iplt      0x00408844        0x0 ./Project_Settings/Startup_Code/Vector_Table.o
                0x00408844                . = ALIGN (0x4)
                0x00408844                __text_end = .
                0x00408844                __sram_data_rom = __text_end

.sram_bss       0x20400000      0x1a4
                0x20400000                . = ALIGN (0x8)
                0x20400000                __standby_ram_begin__ = .
 *(.standby_data)
                0x20400000                . = ALIGN (0x8)
                0x20400000                __standby_ram_end__ = .
                0x20400000                . = ALIGN (0x10)
                0x20400000                __sram_bss_start = .
 *(.bss)
 .bss           0x20400000        0x0 ./Project_Settings/Startup_Code/Vector_Table.o
 .bss           0x20400000        0x0 ./Project_Settings/Startup_Code/exceptions.o
 .bss           0x20400000        0x0 ./Project_Settings/Startup_Code/nvic.o
 .bss           0x20400000        0x0 ./Project_Settings/Startup_Code/startup.o
 .bss           0x20400000        0x0 ./Project_Settings/Startup_Code/startup_cm7.o
 .bss           0x20400000       0x78 ./Project_Settings/Startup_Code/system.o
                0x20400000                rbar
                0x2040003c                rasr
 .bss           0x20400078        0x0 ./RTD/src/Clock_Ip.o
 .bss           0x20400078        0x0 ./RTD/src/Clock_Ip_Data.o
 .bss           0x20400078        0x0 ./RTD/src/Clock_Ip_Divider.o
 .bss           0x20400078        0x0 ./RTD/src/Clock_Ip_DividerTrigger.o
 .bss           0x20400078        0x0 ./RTD/src/Clock_Ip_ExtOsc.o
 .bss           0x20400078        0x0 ./RTD/src/Clock_Ip_FracDiv.o
 .bss           0x20400078        0x0 ./RTD/src/Clock_Ip_Frequency.o
 .bss           0x20400078        0x0 ./RTD/src/Clock_Ip_Gate.o
 .bss           0x20400078        0x0 ./RTD/src/Clock_Ip_IntOsc.o
 .bss           0x20400078        0x0 ./RTD/src/Clock_Ip_Irq.o
 .bss           0x20400078        0x0 ./RTD/src/Clock_Ip_Monitor.o
 .bss           0x20400078        0x0 ./RTD/src/Clock_Ip_Pll.o
 .bss           0x20400078        0x0 ./RTD/src/Clock_Ip_ProgFreqSwitch.o
 .bss           0x20400078        0x0 ./RTD/src/Clock_Ip_Selector.o
 .bss           0x20400078        0x0 ./RTD/src/Clock_Ip_Specific.o
 .bss           0x20400078        0x0 ./RTD/src/Det.o
 .bss           0x20400078        0x0 ./RTD/src/Det_stub.o
 .bss           0x20400078        0x0 ./RTD/src/Igf_Port_Ip.o
 .bss           0x20400078        0x0 ./RTD/src/IntCtrl_Ip.o
 .bss           0x20400078        0x0 ./RTD/src/OsIf_Interrupts.o
 .bss           0x20400078        0x0 ./RTD/src/OsIf_Timer.o
 .bss           0x20400078        0x0 ./RTD/src/OsIf_Timer_System.o
 .bss           0x20400078        0x0 ./RTD/src/OsIf_Timer_System_Internal_Systick.o
 .bss           0x20400078        0x0 ./RTD/src/Pit_Ip.o
 .bss           0x20400078        0x0 ./RTD/src/SchM_Dio.o
 .bss           0x20400078        0x0 ./RTD/src/SchM_Gpt.o
 .bss           0x20400078        0x0 ./RTD/src/SchM_Icu.o
 .bss           0x20400078        0x0 ./RTD/src/SchM_Mcu.o
 .bss           0x20400078        0x0 ./RTD/src/SchM_Port.o
 .bss           0x20400078        0x0 ./RTD/src/Siul2_Dio_Ip.o
 .bss           0x20400078        0x0 ./RTD/src/Siul2_Icu_Ip.o
 .bss           0x20400078        0x0 ./RTD/src/Siul2_Icu_Ip_Irq.o
 .bss           0x20400078        0x0 ./RTD/src/Siul2_Port_Ip.o
 .bss           0x20400078        0x0 ./RTD/src/Tspc_Port_Ip.o
 .bss           0x20400078        0x0 ./board/Siul2_Port_Ip_Cfg.o
 .bss           0x20400078        0x0 ./board/Tspc_Port_Ip_Cfg.o
 .bss           0x20400078        0x0 ./generate/src/Clock_Ip_Cfg.o
 .bss           0x20400078        0x0 ./generate/src/Igf_Port_Ip_Cfg.o
 .bss           0x20400078        0x0 ./generate/src/IntCtrl_Ip_Cfg.o
 .bss           0x20400078        0x0 ./generate/src/OsIf_Cfg.o
 .bss           0x20400078        0x0 ./generate/src/Pit_Ip_PBcfg.o
 .bss           0x20400078        0x0 ./generate/src/Siul2_Icu_Ip_SA_PBcfg.o
 .bss           0x20400078        0x0 ./src/main.o
 .bss           0x20400078        0x0 c:/nxp/s32ds.3.5/s32ds/build_tools/gcc_v10.2/gcc-10.2-arm32-eabi/bin/../lib/gcc/arm-none-eabi/10.2.0/../../../../arm-none-eabi/lib/thumb/v7e-m+fp/hard\libc_nano.a(lib_a-memmove.o)
 .bss           0x20400078        0x0 c:/nxp/s32ds.3.5/s32ds/build_tools/gcc_v10.2/gcc-10.2-arm32-eabi/bin/../lib/gcc/arm-none-eabi/10.2.0/../../../../arm-none-eabi/lib/thumb/v7e-m+fp/hard\libc_nano.a(lib_a-memset.o)
 *(.bss*)
                0x20400080                . = ALIGN (0x10)
 *fill*         0x20400078        0x8 
 *(.mcal_bss)
 .mcal_bss      0x20400080        0x4 ./Project_Settings/Startup_Code/system.o
                0x20400080                RESET_CATCH_CORE
 .mcal_bss      0x20400084       0x61 ./RTD/src/Clock_Ip.o
                0x20400088                Clock_Ip_FreqIds
                0x204000e0                Clock_Ip_pxConfig
 *fill*         0x204000e5        0x3 
 .mcal_bss      0x204000e8       0x10 ./RTD/src/Clock_Ip_Monitor.o
 .mcal_bss      0x204000f8        0x4 ./RTD/src/Clock_Ip_ProgFreqSwitch.o
 .mcal_bss      0x204000fc        0xc ./RTD/src/Clock_Ip_Specific.o
 .mcal_bss      0x20400108       0x80 ./RTD/src/Pit_Ip.o
 .mcal_bss      0x20400188       0x14 ./RTD/src/Siul2_Icu_Ip.o
                0x2040018c                Siul2_Icu_Ip_aChannelState
 .mcal_bss      0x2040019c        0x8 ./RTD/src/Siul2_Port_Ip.o
                0x204001a4                . = ALIGN (0x4)
                0x204001a4                __sram_bss_end = .

.sram_data      0x204001a4       0xb8 load address 0x00408844
                0x204001a4                . = ALIGN (0x4)
                0x204001a4                __sram_data_begin__ = .
                0x204001a4                . = ALIGN (0x4)
 *(.ramcode)
 .ramcode       0x204001a4       0x90 ./RTD/src/Clock_Ip_Specific.o
                0x20400234                . = ALIGN (0x4)
 *(.data)
 .data          0x20400234        0x0 ./Project_Settings/Startup_Code/Vector_Table.o
 .data          0x20400234        0x0 ./Project_Settings/Startup_Code/exceptions.o
 .data          0x20400234        0x0 ./Project_Settings/Startup_Code/nvic.o
 .data          0x20400234        0x0 ./Project_Settings/Startup_Code/startup.o
 .data          0x20400234        0x0 ./Project_Settings/Startup_Code/startup_cm7.o
 .data          0x20400234        0x0 ./Project_Settings/Startup_Code/system.o
 .data          0x20400234        0x4 ./RTD/src/Clock_Ip.o
 .data          0x20400238        0x0 ./RTD/src/Clock_Ip_Data.o
 .data          0x20400238        0x0 ./RTD/src/Clock_Ip_Divider.o
 .data          0x20400238        0x0 ./RTD/src/Clock_Ip_DividerTrigger.o
 .data          0x20400238        0x0 ./RTD/src/Clock_Ip_ExtOsc.o
 .data          0x20400238        0x0 ./RTD/src/Clock_Ip_FracDiv.o
 .data          0x20400238        0x0 ./RTD/src/Clock_Ip_Frequency.o
 .data          0x20400238        0x0 ./RTD/src/Clock_Ip_Gate.o
 .data          0x20400238        0x0 ./RTD/src/Clock_Ip_IntOsc.o
 .data          0x20400238        0x0 ./RTD/src/Clock_Ip_Irq.o
 .data          0x20400238        0x0 ./RTD/src/Clock_Ip_Monitor.o
 .data          0x20400238        0x0 ./RTD/src/Clock_Ip_Pll.o
 .data          0x20400238        0x0 ./RTD/src/Clock_Ip_ProgFreqSwitch.o
 .data          0x20400238        0x0 ./RTD/src/Clock_Ip_Selector.o
 .data          0x20400238        0x0 ./RTD/src/Clock_Ip_Specific.o
 .data          0x20400238        0x0 ./RTD/src/Det.o
 .data          0x20400238        0x0 ./RTD/src/Det_stub.o
 .data          0x20400238        0x0 ./RTD/src/Igf_Port_Ip.o
 .data          0x20400238        0x0 ./RTD/src/IntCtrl_Ip.o
 .data          0x20400238        0x0 ./RTD/src/OsIf_Interrupts.o
 .data          0x20400238        0x0 ./RTD/src/OsIf_Timer.o
 .data          0x20400238        0x0 ./RTD/src/OsIf_Timer_System.o
 .data          0x20400238        0x0 ./RTD/src/OsIf_Timer_System_Internal_Systick.o
 .data          0x20400238        0x0 ./RTD/src/Pit_Ip.o
 .data          0x20400238        0x0 ./RTD/src/SchM_Dio.o
 .data          0x20400238        0x0 ./RTD/src/SchM_Gpt.o
 .data          0x20400238        0x0 ./RTD/src/SchM_Icu.o
 .data          0x20400238        0x0 ./RTD/src/SchM_Mcu.o
 .data          0x20400238        0x0 ./RTD/src/SchM_Port.o
 .data          0x20400238        0x0 ./RTD/src/Siul2_Dio_Ip.o
 .data          0x20400238        0x0 ./RTD/src/Siul2_Icu_Ip.o
 .data          0x20400238        0x0 ./RTD/src/Siul2_Icu_Ip_Irq.o
 .data          0x20400238        0x0 ./RTD/src/Siul2_Port_Ip.o
 .data          0x20400238        0x0 ./RTD/src/Tspc_Port_Ip.o
 .data          0x20400238        0x0 ./board/Siul2_Port_Ip_Cfg.o
 .data          0x20400238        0x0 ./board/Tspc_Port_Ip_Cfg.o
 .data          0x20400238        0x0 ./generate/src/Clock_Ip_Cfg.o
 .data          0x20400238        0x0 ./generate/src/Igf_Port_Ip_Cfg.o
 .data          0x20400238        0x0 ./generate/src/IntCtrl_Ip_Cfg.o
 .data          0x20400238        0x0 ./generate/src/OsIf_Cfg.o
 .data          0x20400238        0x0 ./generate/src/Pit_Ip_PBcfg.o
 .data          0x20400238        0x0 ./generate/src/Siul2_Icu_Ip_SA_PBcfg.o
 .data          0x20400238        0x0 ./src/main.o
 .data          0x20400238        0x0 c:/nxp/s32ds.3.5/s32ds/build_tools/gcc_v10.2/gcc-10.2-arm32-eabi/bin/../lib/gcc/arm-none-eabi/10.2.0/../../../../arm-none-eabi/lib/thumb/v7e-m+fp/hard\libc_nano.a(lib_a-memmove.o)
 .data          0x20400238        0x0 c:/nxp/s32ds.3.5/s32ds/build_tools/gcc_v10.2/gcc-10.2-arm32-eabi/bin/../lib/gcc/arm-none-eabi/10.2.0/../../../../arm-none-eabi/lib/thumb/v7e-m+fp/hard\libc_nano.a(lib_a-memset.o)
 *(.data*)
                0x20400238                . = ALIGN (0x4)
 *(.mcal_data)
 .mcal_data     0x20400238        0x4 ./RTD/src/Siul2_Dio_Ip.o
                0x20400238                Siul2_Dio_Ip_au32BaseAdresses
 .mcal_data     0x2040023c       0x20 ./RTD/src/Siul2_Icu_Ip.o
                0x2040023c                Siul2_Icu_Ip_IndexInChState
                0x2040025c                . = ALIGN (0x4)
                0x2040025c                __sram_data_end__ = .
                0x004088fc                __sram_data_rom_end = (__sram_data_rom + (__sram_data_end__ - __sram_data_begin__))

.heap           0x2040025c      0x200 load address 0x004088fc
                0x00000000                . = (. + ALIGN (0x4))
                0x2040025c                _end = .
                0x2040025c                end = .
                0x2040025c                _heap_start = .
                0x00000200                . = (. + HEAP_SIZE)
 *fill*         0x2040025c      0x200 
                0x2040045c                _heap_end = .

.acfls_code_ram
                0x20407f00        0x0
                0x20407f00                acfls_code_ram_start = .
 *(.acfls_code_ram)
                0x20407f00                acfls_code_ram_stop = .
                0x004088fc                __non_cacheable_data_rom = __sram_data_rom_end

.non_cacheable_data
                0x20408000        0x4 load address 0x004088fc
                0x20408000                . = ALIGN (0x4)
                0x20408000                __non_cacheable_data_start__ = .
 *(.mcal_data_no_cacheable)
                0x20408000                . = ALIGN (0x4)
 *(.mcal_const_no_cacheable)
                0x20408000                . = ALIGN (0x4)
                0x20408000                HSE_LOOP_ADDR = .
                0x20408000        0x4 LONG 0x0
                0x20408004                __non_cacheable_data_end__ = .
                0x00408900                __non_cacheable_data_rom_end = (__non_cacheable_data_rom + (__non_cacheable_data_end__ - __non_cacheable_data_start__))

.igot.plt       0x20408004        0x0 load address 0x00408900
 .igot.plt      0x20408004        0x0 ./Project_Settings/Startup_Code/Vector_Table.o

.non_cacheable_bss
                0x20408004     0x10a8 load address 0x00408900
                0x20408010                . = ALIGN (0x10)
 *fill*         0x20408004        0xc 
                0x20408010                __non_cacheable_bss_start = .
 *(.mcal_bss_no_cacheable)
 .mcal_bss_no_cacheable
                0x20408010       0x3c ./RTD/src/Det.o
                0x20408010                Det_TransientModuleId
                0x20408018                Det_ApiId
                0x2040801c                Det_TransientInstanceId
                0x20408020                Det_ErrorId
                0x20408024                Det_TransientApiId
                0x20408028                Det_RuntimeModuleId
                0x20408030                Det_TransientFaultId
                0x20408034                Det_RuntimeInstanceId
                0x20408038                Det_RuntimeApiId
                0x2040803c                Det_ModuleId
                0x20408044                Det_RuntimeErrorId
                0x20408048                Det_InstanceId
 .mcal_bss_no_cacheable
                0x2040804c       0x40 ./RTD/src/SchM_Dio.o
 .mcal_bss_no_cacheable
                0x2040808c      0x6e0 ./RTD/src/SchM_Gpt.o
 .mcal_bss_no_cacheable
                0x2040876c      0x560 ./RTD/src/SchM_Icu.o
 .mcal_bss_no_cacheable
                0x20408ccc       0x60 ./RTD/src/SchM_Mcu.o
 .mcal_bss_no_cacheable
                0x20408d2c      0x380 ./RTD/src/SchM_Port.o
                0x204090ac                . = ALIGN (0x4)
                0x204090ac                __non_cacheable_bss_end = .

.int_results    0x2040ff00      0x100
                0x2040ff00                . = ALIGN (0x4)
 *(.int_results)
                0x20410000                . = (. + 0x100)
 *fill*         0x2040ff00      0x100 
                0x00408900                __shareable_data_rom = __non_cacheable_data_rom_end

.shareable_data
                0x20410000        0x0 load address 0x00408900
                0x20410000                . = ALIGN (0x4)
                0x20410000                __shareable_data_start__ = .
 *(.mcal_shared_data)
                0x20410000                . = ALIGN (0x4)
                0x20410000                __shareable_data_end__ = .
                0x00408900                __shareable_data_rom_end = (__shareable_data_rom + (__shareable_data_end__ - __shareable_data_start__))

.int_vector     0x20000000      0x408
                0x20000000                . = ALIGN (0x800)
                0x20000000                __interrupts_ram_start = .
                0x20000408                . = (. + (__interrupts_init_end - __interrupts_init_start))
 *fill*         0x20000000      0x408 
                0x20000408                . = ALIGN (0x4)
                0x20000408                __interrupts_ram_end = .
                0x00408900                __tcm_data_rom = __shareable_data_rom_end

.data_tcm_data  0x20000408        0x0 load address 0x00408900
                0x20000408                . = ALIGN (0x4)
                0x20000408                __dtcm_data_start__ = .
 *(.dtcm_data*)
                0x20000408                . = ALIGN (0x4)
                0x20000408                __dtcm_data_end__ = .
                0x00408900                __tcm_data_rom_end = (__tcm_data_rom + (__dtcm_data_end__ - __dtcm_data_start__))

.bss_tcm_data   0x20000408        0x0
                0x20000408                . = ALIGN (0x4)
                0x20000408                __dtcm_bss_start__ = .
 *(.dtcm_bss*)
                0x20000408                . = ALIGN (0x4)
                0x20000408                __dtcm_bss_end__ = .
                0x00408900                __tcm_code_rom_start = __tcm_data_rom_end

.itcm_text      0x00000000        0x0 load address 0x00408900
                0x00000000                . = ALIGN (0x4)
                0x00000000                __itcm_start__ = .
 *(.itcm_text*)
                0x00000000                . = ALIGN (0x4)
                0x00000000                __itcm_end__ = .
                0x00408900                __tcm_code_rom_end = (__tcm_code_rom_start + (__itcm_end__ - __itcm_start__))

.shareable_bss  0x20410000        0x0
                0x20410000                . = ALIGN (0x10)
                0x20410000                __shareable_bss_start = .
 *(.mcal_shared_bss)
                0x20410000                . = ALIGN (0x4)
                0x20410000                __shareable_bss_end = .
                0x2000f000                __Stack_dtcm_end = ORIGIN (int_stack_dtcm)
                0x20010000                __Stack_dtcm_start = (ORIGIN (int_stack_dtcm) + LENGTH (int_stack_dtcm))
                0x20400000                __INT_SRAM_START = ORIGIN (int_sram)
                0x20418000                __INT_SRAM_END = ORIGIN (ram_rsvd2)
                0x00000000                __INT_ITCM_START = ORIGIN (int_itcm)
                0x00008000                __INT_ITCM_END = (ORIGIN (int_itcm) + LENGTH (int_itcm))
                0x20000000                __INT_DTCM_START = ORIGIN (int_dtcm)
                0x20010000                __INT_DTCM_END = ((ORIGIN (int_dtcm) + LENGTH (int_dtcm)) + LENGTH (int_stack_dtcm))
                0x20410000                __RAM_SHAREABLE_START = ORIGIN (int_sram_shareable)
                0x20418000                __RAM_SHAREABLE_END = (ORIGIN (int_sram_shareable) + LENGTH (int_sram_shareable))
                0x0000000f                __RAM_SHAREABLE_SIZE = 0xf
                0x00408900                __ROM_SHAREABLE_START = __shareable_data_rom
                0x00408900                __ROM_SHAREABLE_END = __shareable_data_rom_end
                0x20408000                __RAM_NO_CACHEABLE_START = ORIGIN (int_sram_no_cacheable)
                0x2040ffff                __RAM_NO_CACHEABLE_END = (ORIGIN (int_sram_shareable) - 0x1)
                0x0000000f                __RAM_NO_CACHEABLE_SIZE = 0xf
                0x004088fc                __ROM_NO_CACHEABLE_START = __non_cacheable_data_rom
                0x00408900                __ROM_NO_CACHEABLE_END = __non_cacheable_data_rom_end
                0x204001a4                __RAM_CACHEABLE_START = __sram_data_begin__
                0x20407fff                __RAM_CACHEABLE_END = (ORIGIN (int_sram_no_cacheable) - 0x1)
                0x0000000f                __RAM_CACHEABLE_SIZE = 0xf
                0x00408844                __ROM_CACHEABLE_START = __sram_data_rom
                0x004088fc                __ROM_CACHEABLE_END = __sram_data_rom_end
                0x00400000                __ROM_CODE_START = ORIGIN (int_pflash)
                0x10000000                __ROM_DATA_START = ORIGIN (int_dflash)
                0x20400000                __BSS_SRAM_START = __sram_bss_start
                0x204001a4                __BSS_SRAM_END = __sram_bss_end
                0x000001a4                __BSS_SRAM_SIZE = (__sram_bss_end - __sram_bss_start)
                0x20408010                __BSS_SRAM_NC_START = __non_cacheable_bss_start
                0x0000109c                __BSS_SRAM_NC_SIZE = (__non_cacheable_bss_end - __non_cacheable_bss_start)
                0x204090ac                __BSS_SRAM_NC_END = __non_cacheable_bss_end
                0x20410000                __BSS_SRAM_SH_START = __shareable_bss_start
                0x00000000                __BSS_SRAM_SH_SIZE = (__shareable_bss_end - __shareable_bss_start)
                0x20410000                __BSS_SRAM_SH_END = __shareable_bss_end
                0x20000000                __RAM_INTERRUPT_START = __interrupts_ram_start
                0x00400800                __INIT_INTERRUPT_START = __interrupts_init_start
                0x00400c08                __INIT_INTERRUPT_END = __interrupts_init_end
                0x00000000                __RAM_ITCM_START = __itcm_start__
                0x00408900                __ROM_ITCM_START = __tcm_code_rom_start
                0x00408900                __ROM_ITCM_END = __tcm_code_rom_end
                0x20000408                __RAM_DTCM_DATA_START = __dtcm_data_start__
                0x00408900                __ROM_DTCM_DATA_START = __tcm_data_rom
                0x00408900                __ROM_DTCM_END = __tcm_data_rom_end
                0x004087dc                __INIT_TABLE = __init_table
                0x00408828                __ZERO_TABLE = __zero_table
                0x00000001                __RAM_INIT = 0x1
                0x00000001                __ITCM_INIT = 0x1
                0x00000001                __DTCM_INIT = 0x1
                0x0040707c                Fls_ACEraseRomStart = __acfls_code_rom_start
                0x004070c8                Fls_ACEraseRomEnd = __acfls_code_rom_end
                0x00000013                Fls_ACEraseSize = ((__acfls_code_rom_end - __acfls_code_rom_start) / 0x4)
                0x0040707c                Fls_ACWriteRomStart = __acfls_code_rom_start
                0x004070c8                Fls_ACWriteRomEnd = __acfls_code_rom_end
                0x00000013                Fls_ACWriteSize = ((__acfls_code_rom_end - __acfls_code_rom_start) / 0x4)
                0x20407f00                _ERASE_FUNC_ADDRESS_ = ADDR (.acfls_code_ram)
                0x20407f00                _WRITE_FUNC_ADDRESS_ = ADDR (.acfls_code_ram)
                0x00400800                __ENTRY_VTABLE = __INIT_INTERRUPT_START
                0x00400800                __CORE0_VTOR = __INIT_INTERRUPT_START
                0x00400800                __CORE1_VTOR = __INIT_INTERRUPT_START
                0x00400800                __CORE2_VTOR = __INIT_INTERRUPT_START
                0x00000003                __INDEX_COPY_CORE2 = 0x3
                0x00000001                ASSERT ((__standby_ram_end__ <= __STANDBY_RAM_LIMIT_END), Memory for standby ram overflow)
OUTPUT(BLINKYYY_LED.elf elf32-littlearm)
LOAD linker stubs

.ARM.attributes
                0x00000000       0x30
 .ARM.attributes
                0x00000000       0x20 ./Project_Settings/Startup_Code/Vector_Table.o
 .ARM.attributes
                0x00000020       0x34 ./Project_Settings/Startup_Code/exceptions.o
 .ARM.attributes
                0x00000054       0x34 ./Project_Settings/Startup_Code/nvic.o
 .ARM.attributes
                0x00000088       0x34 ./Project_Settings/Startup_Code/startup.o
 .ARM.attributes
                0x000000bc       0x1f ./Project_Settings/Startup_Code/startup_cm7.o
 .ARM.attributes
                0x000000db       0x34 ./Project_Settings/Startup_Code/system.o
 .ARM.attributes
                0x0000010f       0x34 ./RTD/src/Clock_Ip.o
 .ARM.attributes
                0x00000143       0x39 ./RTD/src/Clock_Ip_Data.o
 .ARM.attributes
                0x0000017c       0x34 ./RTD/src/Clock_Ip_Divider.o
 .ARM.attributes
                0x000001b0       0x34 ./RTD/src/Clock_Ip_DividerTrigger.o
 .ARM.attributes
                0x000001e4       0x34 ./RTD/src/Clock_Ip_ExtOsc.o
 .ARM.attributes
                0x00000218       0x34 ./RTD/src/Clock_Ip_FracDiv.o
 .ARM.attributes
                0x0000024c       0x34 ./RTD/src/Clock_Ip_Frequency.o
 .ARM.attributes
                0x00000280       0x34 ./RTD/src/Clock_Ip_Gate.o
 .ARM.attributes
                0x000002b4       0x34 ./RTD/src/Clock_Ip_IntOsc.o
 .ARM.attributes
                0x000002e8       0x34 ./RTD/src/Clock_Ip_Irq.o
 .ARM.attributes
                0x0000031c       0x34 ./RTD/src/Clock_Ip_Monitor.o
 .ARM.attributes
                0x00000350       0x34 ./RTD/src/Clock_Ip_Pll.o
 .ARM.attributes
                0x00000384       0x34 ./RTD/src/Clock_Ip_ProgFreqSwitch.o
 .ARM.attributes
                0x000003b8       0x34 ./RTD/src/Clock_Ip_Selector.o
 .ARM.attributes
                0x000003ec       0x34 ./RTD/src/Clock_Ip_Specific.o
 .ARM.attributes
                0x00000420       0x34 ./RTD/src/Det.o
 .ARM.attributes
                0x00000454       0x34 ./RTD/src/Det_stub.o
 .ARM.attributes
                0x00000488       0x39 ./RTD/src/Igf_Port_Ip.o
 .ARM.attributes
                0x000004c1       0x34 ./RTD/src/IntCtrl_Ip.o
 .ARM.attributes
                0x000004f5       0x39 ./RTD/src/OsIf_Interrupts.o
 .ARM.attributes
                0x0000052e       0x34 ./RTD/src/OsIf_Timer.o
 .ARM.attributes
                0x00000562       0x39 ./RTD/src/OsIf_Timer_System.o
 .ARM.attributes
                0x0000059b       0x34 ./RTD/src/OsIf_Timer_System_Internal_Systick.o
 .ARM.attributes
                0x000005cf       0x34 ./RTD/src/Pit_Ip.o
 .ARM.attributes
                0x00000603       0x34 ./RTD/src/SchM_Dio.o
 .ARM.attributes
                0x00000637       0x34 ./RTD/src/SchM_Gpt.o
 .ARM.attributes
                0x0000066b       0x34 ./RTD/src/SchM_Icu.o
 .ARM.attributes
                0x0000069f       0x34 ./RTD/src/SchM_Mcu.o
 .ARM.attributes
                0x000006d3       0x34 ./RTD/src/SchM_Port.o
 .ARM.attributes
                0x00000707       0x34 ./RTD/src/Siul2_Dio_Ip.o
 .ARM.attributes
                0x0000073b       0x34 ./RTD/src/Siul2_Icu_Ip.o
 .ARM.attributes
                0x0000076f       0x34 ./RTD/src/Siul2_Icu_Ip_Irq.o
 .ARM.attributes
                0x000007a3       0x34 ./RTD/src/Siul2_Port_Ip.o
 .ARM.attributes
                0x000007d7       0x34 ./RTD/src/Tspc_Port_Ip.o
 .ARM.attributes
                0x0000080b       0x39 ./board/Siul2_Port_Ip_Cfg.o
 .ARM.attributes
                0x00000844       0x39 ./board/Tspc_Port_Ip_Cfg.o
 .ARM.attributes
                0x0000087d       0x39 ./generate/src/Clock_Ip_Cfg.o
 .ARM.attributes
                0x000008b6       0x39 ./generate/src/Igf_Port_Ip_Cfg.o
 .ARM.attributes
                0x000008ef       0x39 ./generate/src/IntCtrl_Ip_Cfg.o
 .ARM.attributes
                0x00000928       0x39 ./generate/src/OsIf_Cfg.o
 .ARM.attributes
                0x00000961       0x39 ./generate/src/Pit_Ip_PBcfg.o
 .ARM.attributes
                0x0000099a       0x39 ./generate/src/Siul2_Icu_Ip_SA_PBcfg.o
 .ARM.attributes
                0x000009d3       0x34 ./src/main.o
 .ARM.attributes
                0x00000a07       0x34 c:/nxp/s32ds.3.5/s32ds/build_tools/gcc_v10.2/gcc-10.2-arm32-eabi/bin/../lib/gcc/arm-none-eabi/10.2.0/../../../../arm-none-eabi/lib/thumb/v7e-m+fp/hard\libc_nano.a(lib_a-memmove.o)
 .ARM.attributes
                0x00000a3b       0x34 c:/nxp/s32ds.3.5/s32ds/build_tools/gcc_v10.2/gcc-10.2-arm32-eabi/bin/../lib/gcc/arm-none-eabi/10.2.0/../../../../arm-none-eabi/lib/thumb/v7e-m+fp/hard\libc_nano.a(lib_a-memset.o)

.comment        0x00000000       0x88
 .comment       0x00000000       0x88 ./Project_Settings/Startup_Code/exceptions.o
                                 0x89 (size before relaxing)
 .comment       0x00000088       0x89 ./Project_Settings/Startup_Code/nvic.o
 .comment       0x00000088       0x89 ./Project_Settings/Startup_Code/startup.o
 .comment       0x00000088       0x89 ./Project_Settings/Startup_Code/system.o
 .comment       0x00000088       0x89 ./RTD/src/Clock_Ip.o
 .comment       0x00000088       0x89 ./RTD/src/Clock_Ip_Data.o
 .comment       0x00000088       0x89 ./RTD/src/Clock_Ip_Divider.o
 .comment       0x00000088       0x89 ./RTD/src/Clock_Ip_DividerTrigger.o
 .comment       0x00000088       0x89 ./RTD/src/Clock_Ip_ExtOsc.o
 .comment       0x00000088       0x89 ./RTD/src/Clock_Ip_FracDiv.o
 .comment       0x00000088       0x89 ./RTD/src/Clock_Ip_Frequency.o
 .comment       0x00000088       0x89 ./RTD/src/Clock_Ip_Gate.o
 .comment       0x00000088       0x89 ./RTD/src/Clock_Ip_IntOsc.o
 .comment       0x00000088       0x89 ./RTD/src/Clock_Ip_Irq.o
 .comment       0x00000088       0x89 ./RTD/src/Clock_Ip_Monitor.o
 .comment       0x00000088       0x89 ./RTD/src/Clock_Ip_Pll.o
 .comment       0x00000088       0x89 ./RTD/src/Clock_Ip_ProgFreqSwitch.o
 .comment       0x00000088       0x89 ./RTD/src/Clock_Ip_Selector.o
 .comment       0x00000088       0x89 ./RTD/src/Clock_Ip_Specific.o
 .comment       0x00000088       0x89 ./RTD/src/Det.o
 .comment       0x00000088       0x89 ./RTD/src/Det_stub.o
 .comment       0x00000088       0x89 ./RTD/src/Igf_Port_Ip.o
 .comment       0x00000088       0x89 ./RTD/src/IntCtrl_Ip.o
 .comment       0x00000088       0x89 ./RTD/src/OsIf_Interrupts.o
 .comment       0x00000088       0x89 ./RTD/src/OsIf_Timer.o
 .comment       0x00000088       0x89 ./RTD/src/OsIf_Timer_System.o
 .comment       0x00000088       0x89 ./RTD/src/OsIf_Timer_System_Internal_Systick.o
 .comment       0x00000088       0x89 ./RTD/src/Pit_Ip.o
 .comment       0x00000088       0x89 ./RTD/src/SchM_Dio.o
 .comment       0x00000088       0x89 ./RTD/src/SchM_Gpt.o
 .comment       0x00000088       0x89 ./RTD/src/SchM_Icu.o
 .comment       0x00000088       0x89 ./RTD/src/SchM_Mcu.o
 .comment       0x00000088       0x89 ./RTD/src/SchM_Port.o
 .comment       0x00000088       0x89 ./RTD/src/Siul2_Dio_Ip.o
 .comment       0x00000088       0x89 ./RTD/src/Siul2_Icu_Ip.o
 .comment       0x00000088       0x89 ./RTD/src/Siul2_Icu_Ip_Irq.o
 .comment       0x00000088       0x89 ./RTD/src/Siul2_Port_Ip.o
 .comment       0x00000088       0x89 ./RTD/src/Tspc_Port_Ip.o
 .comment       0x00000088       0x89 ./board/Siul2_Port_Ip_Cfg.o
 .comment       0x00000088       0x89 ./board/Tspc_Port_Ip_Cfg.o
 .comment       0x00000088       0x89 ./generate/src/Clock_Ip_Cfg.o
 .comment       0x00000088       0x89 ./generate/src/Igf_Port_Ip_Cfg.o
 .comment       0x00000088       0x89 ./generate/src/IntCtrl_Ip_Cfg.o
 .comment       0x00000088       0x89 ./generate/src/OsIf_Cfg.o
 .comment       0x00000088       0x89 ./generate/src/Pit_Ip_PBcfg.o
 .comment       0x00000088       0x89 ./generate/src/Siul2_Icu_Ip_SA_PBcfg.o
 .comment       0x00000088       0x89 ./src/main.o
 .comment       0x00000088       0x89 c:/nxp/s32ds.3.5/s32ds/build_tools/gcc_v10.2/gcc-10.2-arm32-eabi/bin/../lib/gcc/arm-none-eabi/10.2.0/../../../../arm-none-eabi/lib/thumb/v7e-m+fp/hard\libc_nano.a(lib_a-memmove.o)
 .comment       0x00000088       0x89 c:/nxp/s32ds.3.5/s32ds/build_tools/gcc_v10.2/gcc-10.2-arm32-eabi/bin/../lib/gcc/arm-none-eabi/10.2.0/../../../../arm-none-eabi/lib/thumb/v7e-m+fp/hard\libc_nano.a(lib_a-memset.o)

.debug_info     0x00000000    0x256b2
 .debug_info    0x00000000      0x139 ./Project_Settings/Startup_Code/exceptions.o
 .debug_info    0x00000139      0x76a ./Project_Settings/Startup_Code/nvic.o
 .debug_info    0x000008a3      0x36f ./Project_Settings/Startup_Code/startup.o
 .debug_info    0x00000c12      0xc2b ./Project_Settings/Startup_Code/system.o
 .debug_info    0x0000183d     0x1e7c ./RTD/src/Clock_Ip.o
 .debug_info    0x000036b9     0x1351 ./RTD/src/Clock_Ip_Data.o
 .debug_info    0x00004a0a      0x8f8 ./RTD/src/Clock_Ip_Divider.o
 .debug_info    0x00005302      0x6d6 ./RTD/src/Clock_Ip_DividerTrigger.o
 .debug_info    0x000059d8      0x985 ./RTD/src/Clock_Ip_ExtOsc.o
 .debug_info    0x0000635d      0x499 ./RTD/src/Clock_Ip_FracDiv.o
 .debug_info    0x000067f6      0x307 ./RTD/src/Clock_Ip_Frequency.o
 .debug_info    0x00006afd      0x8ba ./RTD/src/Clock_Ip_Gate.o
 .debug_info    0x000073b7      0xb58 ./RTD/src/Clock_Ip_IntOsc.o
 .debug_info    0x00007f0f       0xb2 ./RTD/src/Clock_Ip_Irq.o
 .debug_info    0x00007fc1     0x1261 ./RTD/src/Clock_Ip_Monitor.o
 .debug_info    0x00009222      0x9a5 ./RTD/src/Clock_Ip_Pll.o
 .debug_info    0x00009bc7      0xe76 ./RTD/src/Clock_Ip_ProgFreqSwitch.o
 .debug_info    0x0000aa3d      0xf1d ./RTD/src/Clock_Ip_Selector.o
 .debug_info    0x0000b95a     0x16d9 ./RTD/src/Clock_Ip_Specific.o
 .debug_info    0x0000d033      0x420 ./RTD/src/Det.o
 .debug_info    0x0000d453      0x471 ./RTD/src/Det_stub.o
 .debug_info    0x0000d8c4       0x7d ./RTD/src/Igf_Port_Ip.o
 .debug_info    0x0000d941     0x13fc ./RTD/src/IntCtrl_Ip.o
 .debug_info    0x0000ed3d       0x7d ./RTD/src/OsIf_Interrupts.o
 .debug_info    0x0000edba      0x2b1 ./RTD/src/OsIf_Timer.o
 .debug_info    0x0000f06b       0x7d ./RTD/src/OsIf_Timer_System.o
 .debug_info    0x0000f0e8      0x196 ./RTD/src/OsIf_Timer_System_Internal_Systick.o
 .debug_info    0x0000f27e     0x126e ./RTD/src/Pit_Ip.o
 .debug_info    0x000104ec      0x2ce ./RTD/src/SchM_Dio.o
 .debug_info    0x000107ba     0x2d3f ./RTD/src/SchM_Gpt.o
 .debug_info    0x000134f9     0x23a3 ./RTD/src/SchM_Icu.o
 .debug_info    0x0001589c      0x39b ./RTD/src/SchM_Mcu.o
 .debug_info    0x00015c37     0x17a0 ./RTD/src/SchM_Port.o
 .debug_info    0x000173d7     0x1d0b ./RTD/src/Siul2_Dio_Ip.o
 .debug_info    0x000190e2     0x2035 ./RTD/src/Siul2_Icu_Ip.o
 .debug_info    0x0001b117     0x18f9 ./RTD/src/Siul2_Icu_Ip_Irq.o
 .debug_info    0x0001ca10     0x28ce ./RTD/src/Siul2_Port_Ip.o
 .debug_info    0x0001f2de      0x353 ./RTD/src/Tspc_Port_Ip.o
 .debug_info    0x0001f631     0x1b2b ./board/Siul2_Port_Ip_Cfg.o
 .debug_info    0x0002115c       0x7d ./board/Tspc_Port_Ip_Cfg.o
 .debug_info    0x000211d9      0xca2 ./generate/src/Clock_Ip_Cfg.o
 .debug_info    0x00021e7b       0x7d ./generate/src/Igf_Port_Ip_Cfg.o
 .debug_info    0x00021ef8      0x442 ./generate/src/IntCtrl_Ip_Cfg.o
 .debug_info    0x0002233a       0x7d ./generate/src/OsIf_Cfg.o
 .debug_info    0x000223b7      0x1cb ./generate/src/Pit_Ip_PBcfg.o
 .debug_info    0x00022582      0x2bc ./generate/src/Siul2_Icu_Ip_SA_PBcfg.o
 .debug_info    0x0002283e     0x2e74 ./src/main.o

.debug_abbrev   0x00000000     0x4779
 .debug_abbrev  0x00000000       0x47 ./Project_Settings/Startup_Code/exceptions.o
 .debug_abbrev  0x00000047      0x102 ./Project_Settings/Startup_Code/nvic.o
 .debug_abbrev  0x00000149      0x119 ./Project_Settings/Startup_Code/startup.o
 .debug_abbrev  0x00000262      0x229 ./Project_Settings/Startup_Code/system.o
 .debug_abbrev  0x0000048b      0x39d ./RTD/src/Clock_Ip.o
 .debug_abbrev  0x00000828      0x14c ./RTD/src/Clock_Ip_Data.o
 .debug_abbrev  0x00000974      0x21e ./RTD/src/Clock_Ip_Divider.o
 .debug_abbrev  0x00000b92      0x1b0 ./RTD/src/Clock_Ip_DividerTrigger.o
 .debug_abbrev  0x00000d42      0x283 ./RTD/src/Clock_Ip_ExtOsc.o
 .debug_abbrev  0x00000fc5      0x163 ./RTD/src/Clock_Ip_FracDiv.o
 .debug_abbrev  0x00001128       0x92 ./RTD/src/Clock_Ip_Frequency.o
 .debug_abbrev  0x000011ba      0x1ac ./RTD/src/Clock_Ip_Gate.o
 .debug_abbrev  0x00001366      0x25d ./RTD/src/Clock_Ip_IntOsc.o
 .debug_abbrev  0x000015c3       0x6a ./RTD/src/Clock_Ip_Irq.o
 .debug_abbrev  0x0000162d      0x27d ./RTD/src/Clock_Ip_Monitor.o
 .debug_abbrev  0x000018aa      0x231 ./RTD/src/Clock_Ip_Pll.o
 .debug_abbrev  0x00001adb      0x1aa ./RTD/src/Clock_Ip_ProgFreqSwitch.o
 .debug_abbrev  0x00001c85      0x2f8 ./RTD/src/Clock_Ip_Selector.o
 .debug_abbrev  0x00001f7d      0x31b ./RTD/src/Clock_Ip_Specific.o
 .debug_abbrev  0x00002298      0x14e ./RTD/src/Det.o
 .debug_abbrev  0x000023e6       0xc5 ./RTD/src/Det_stub.o
 .debug_abbrev  0x000024ab       0x29 ./RTD/src/Igf_Port_Ip.o
 .debug_abbrev  0x000024d4      0x2fb ./RTD/src/IntCtrl_Ip.o
 .debug_abbrev  0x000027cf       0x29 ./RTD/src/OsIf_Interrupts.o
 .debug_abbrev  0x000027f8      0x18f ./RTD/src/OsIf_Timer.o
 .debug_abbrev  0x00002987       0x29 ./RTD/src/OsIf_Timer_System.o
 .debug_abbrev  0x000029b0      0x125 ./RTD/src/OsIf_Timer_System_Internal_Systick.o
 .debug_abbrev  0x00002ad5      0x337 ./RTD/src/Pit_Ip.o
 .debug_abbrev  0x00002e0c      0x124 ./RTD/src/SchM_Dio.o
 .debug_abbrev  0x00002f30      0x124 ./RTD/src/SchM_Gpt.o
 .debug_abbrev  0x00003054      0x124 ./RTD/src/SchM_Icu.o
 .debug_abbrev  0x00003178      0x124 ./RTD/src/SchM_Mcu.o
 .debug_abbrev  0x0000329c      0x124 ./RTD/src/SchM_Port.o
 .debug_abbrev  0x000033c0      0x2cf ./RTD/src/Siul2_Dio_Ip.o
 .debug_abbrev  0x0000368f      0x2fd ./RTD/src/Siul2_Icu_Ip.o
 .debug_abbrev  0x0000398c      0x1d1 ./RTD/src/Siul2_Icu_Ip_Irq.o
 .debug_abbrev  0x00003b5d      0x363 ./RTD/src/Siul2_Port_Ip.o
 .debug_abbrev  0x00003ec0      0x160 ./RTD/src/Tspc_Port_Ip.o
 .debug_abbrev  0x00004020      0x146 ./board/Siul2_Port_Ip_Cfg.o
 .debug_abbrev  0x00004166       0x29 ./board/Tspc_Port_Ip_Cfg.o
 .debug_abbrev  0x0000418f      0x103 ./generate/src/Clock_Ip_Cfg.o
 .debug_abbrev  0x00004292       0x29 ./generate/src/Igf_Port_Ip_Cfg.o
 .debug_abbrev  0x000042bb       0xe8 ./generate/src/IntCtrl_Ip_Cfg.o
 .debug_abbrev  0x000043a3       0x29 ./generate/src/OsIf_Cfg.o
 .debug_abbrev  0x000043cc       0xc8 ./generate/src/Pit_Ip_PBcfg.o
 .debug_abbrev  0x00004494       0xc5 ./generate/src/Siul2_Icu_Ip_SA_PBcfg.o
 .debug_abbrev  0x00004559      0x220 ./src/main.o

.debug_aranges  0x00000000     0x12b8
 .debug_aranges
                0x00000000       0x68 ./Project_Settings/Startup_Code/exceptions.o
 .debug_aranges
                0x00000068       0x38 ./Project_Settings/Startup_Code/nvic.o
 .debug_aranges
                0x000000a0       0x28 ./Project_Settings/Startup_Code/startup.o
 .debug_aranges
                0x000000c8       0x38 ./Project_Settings/Startup_Code/system.o
 .debug_aranges
                0x00000100       0x98 ./RTD/src/Clock_Ip.o
 .debug_aranges
                0x00000198       0x18 ./RTD/src/Clock_Ip_Data.o
 .debug_aranges
                0x000001b0       0x38 ./RTD/src/Clock_Ip_Divider.o
 .debug_aranges
                0x000001e8       0x30 ./RTD/src/Clock_Ip_DividerTrigger.o
 .debug_aranges
                0x00000218       0x60 ./RTD/src/Clock_Ip_ExtOsc.o
 .debug_aranges
                0x00000278       0x28 ./RTD/src/Clock_Ip_FracDiv.o
 .debug_aranges
                0x000002a0       0x20 ./RTD/src/Clock_Ip_Frequency.o
 .debug_aranges
                0x000002c0       0x38 ./RTD/src/Clock_Ip_Gate.o
 .debug_aranges
                0x000002f8       0x60 ./RTD/src/Clock_Ip_IntOsc.o
 .debug_aranges
                0x00000358       0x20 ./RTD/src/Clock_Ip_Irq.o
 .debug_aranges
                0x00000378       0x60 ./RTD/src/Clock_Ip_Monitor.o
 .debug_aranges
                0x000003d8       0x50 ./RTD/src/Clock_Ip_Pll.o
 .debug_aranges
                0x00000428       0x28 ./RTD/src/Clock_Ip_ProgFreqSwitch.o
 .debug_aranges
                0x00000450       0x58 ./RTD/src/Clock_Ip_Selector.o
 .debug_aranges
                0x000004a8       0x78 ./RTD/src/Clock_Ip_Specific.o
 .debug_aranges
                0x00000520       0x38 ./RTD/src/Det.o
 .debug_aranges
                0x00000558       0x48 ./RTD/src/Det_stub.o
 .debug_aranges
                0x000005a0       0x18 ./RTD/src/Igf_Port_Ip.o
 .debug_aranges
                0x000005b8       0xb0 ./RTD/src/IntCtrl_Ip.o
 .debug_aranges
                0x00000668       0x18 ./RTD/src/OsIf_Interrupts.o
 .debug_aranges
                0x00000680       0x40 ./RTD/src/OsIf_Timer.o
 .debug_aranges
                0x000006c0       0x18 ./RTD/src/OsIf_Timer_System.o
 .debug_aranges
                0x000006d8       0x30 ./RTD/src/OsIf_Timer_System_Internal_Systick.o
 .debug_aranges
                0x00000708       0x80 ./RTD/src/Pit_Ip.o
 .debug_aranges
                0x00000788       0x40 ./RTD/src/SchM_Dio.o
 .debug_aranges
                0x000007c8      0x390 ./RTD/src/SchM_Gpt.o
 .debug_aranges
                0x00000b58      0x2d0 ./RTD/src/SchM_Icu.o
 .debug_aranges
                0x00000e28       0x50 ./RTD/src/SchM_Mcu.o
 .debug_aranges
                0x00000e78      0x1e0 ./RTD/src/SchM_Port.o
 .debug_aranges
                0x00001058       0x68 ./RTD/src/Siul2_Dio_Ip.o
 .debug_aranges
                0x000010c0       0x70 ./RTD/src/Siul2_Icu_Ip.o
 .debug_aranges
                0x00001130       0x20 ./RTD/src/Siul2_Icu_Ip_Irq.o
 .debug_aranges
                0x00001150       0x58 ./RTD/src/Siul2_Port_Ip.o
 .debug_aranges
                0x000011a8       0x28 ./RTD/src/Tspc_Port_Ip.o
 .debug_aranges
                0x000011d0       0x18 ./board/Siul2_Port_Ip_Cfg.o
 .debug_aranges
                0x000011e8       0x18 ./board/Tspc_Port_Ip_Cfg.o
 .debug_aranges
                0x00001200       0x18 ./generate/src/Clock_Ip_Cfg.o
 .debug_aranges
                0x00001218       0x18 ./generate/src/Igf_Port_Ip_Cfg.o
 .debug_aranges
                0x00001230       0x18 ./generate/src/IntCtrl_Ip_Cfg.o
 .debug_aranges
                0x00001248       0x18 ./generate/src/OsIf_Cfg.o
 .debug_aranges
                0x00001260       0x18 ./generate/src/Pit_Ip_PBcfg.o
 .debug_aranges
                0x00001278       0x18 ./generate/src/Siul2_Icu_Ip_SA_PBcfg.o
 .debug_aranges
                0x00001290       0x28 ./src/main.o

.debug_ranges   0x00000000     0x12c0
 .debug_ranges  0x00000000       0x58 ./Project_Settings/Startup_Code/exceptions.o
 .debug_ranges  0x00000058       0x28 ./Project_Settings/Startup_Code/nvic.o
 .debug_ranges  0x00000080       0x18 ./Project_Settings/Startup_Code/startup.o
 .debug_ranges  0x00000098       0x78 ./Project_Settings/Startup_Code/system.o
 .debug_ranges  0x00000110      0x110 ./RTD/src/Clock_Ip.o
 .debug_ranges  0x00000220       0x28 ./RTD/src/Clock_Ip_Divider.o
 .debug_ranges  0x00000248       0x20 ./RTD/src/Clock_Ip_DividerTrigger.o
 .debug_ranges  0x00000268       0x50 ./RTD/src/Clock_Ip_ExtOsc.o
 .debug_ranges  0x000002b8       0x18 ./RTD/src/Clock_Ip_FracDiv.o
 .debug_ranges  0x000002d0       0x10 ./RTD/src/Clock_Ip_Frequency.o
 .debug_ranges  0x000002e0       0x28 ./RTD/src/Clock_Ip_Gate.o
 .debug_ranges  0x00000308       0x50 ./RTD/src/Clock_Ip_IntOsc.o
 .debug_ranges  0x00000358       0x10 ./RTD/src/Clock_Ip_Irq.o
 .debug_ranges  0x00000368       0x50 ./RTD/src/Clock_Ip_Monitor.o
 .debug_ranges  0x000003b8       0x40 ./RTD/src/Clock_Ip_Pll.o
 .debug_ranges  0x000003f8       0x18 ./RTD/src/Clock_Ip_ProgFreqSwitch.o
 .debug_ranges  0x00000410       0x78 ./RTD/src/Clock_Ip_Selector.o
 .debug_ranges  0x00000488       0x80 ./RTD/src/Clock_Ip_Specific.o
 .debug_ranges  0x00000508       0x28 ./RTD/src/Det.o
 .debug_ranges  0x00000530       0x38 ./RTD/src/Det_stub.o
 .debug_ranges  0x00000568      0x100 ./RTD/src/IntCtrl_Ip.o
 .debug_ranges  0x00000668       0x30 ./RTD/src/OsIf_Timer.o
 .debug_ranges  0x00000698       0x20 ./RTD/src/OsIf_Timer_System_Internal_Systick.o
 .debug_ranges  0x000006b8      0x1c8 ./RTD/src/Pit_Ip.o
 .debug_ranges  0x00000880       0x30 ./RTD/src/SchM_Dio.o
 .debug_ranges  0x000008b0      0x380 ./RTD/src/SchM_Gpt.o
 .debug_ranges  0x00000c30      0x2c0 ./RTD/src/SchM_Icu.o
 .debug_ranges  0x00000ef0       0x40 ./RTD/src/SchM_Mcu.o
 .debug_ranges  0x00000f30      0x1d0 ./RTD/src/SchM_Port.o
 .debug_ranges  0x00001100       0x58 ./RTD/src/Siul2_Dio_Ip.o
 .debug_ranges  0x00001158       0x98 ./RTD/src/Siul2_Icu_Ip.o
 .debug_ranges  0x000011f0       0x58 ./RTD/src/Siul2_Icu_Ip_Irq.o
 .debug_ranges  0x00001248       0x48 ./RTD/src/Siul2_Port_Ip.o
 .debug_ranges  0x00001290       0x18 ./RTD/src/Tspc_Port_Ip.o
 .debug_ranges  0x000012a8       0x18 ./src/main.o

.debug_macro    0x00000000    0x4480b
 .debug_macro   0x00000000      0x164 ./Project_Settings/Startup_Code/exceptions.o
 .debug_macro   0x00000164      0xa9c ./Project_Settings/Startup_Code/exceptions.o
 .debug_macro   0x00000c00       0x22 ./Project_Settings/Startup_Code/exceptions.o
 .debug_macro   0x00000c22       0x56 ./Project_Settings/Startup_Code/exceptions.o
 .debug_macro   0x00000c78       0x51 ./Project_Settings/Startup_Code/exceptions.o
 .debug_macro   0x00000cc9      0x103 ./Project_Settings/Startup_Code/exceptions.o
 .debug_macro   0x00000dcc       0x6a ./Project_Settings/Startup_Code/exceptions.o
 .debug_macro   0x00000e36      0x1df ./Project_Settings/Startup_Code/exceptions.o
 .debug_macro   0x00001015       0x22 ./Project_Settings/Startup_Code/exceptions.o
 .debug_macro   0x00001037      0x16d ./Project_Settings/Startup_Code/exceptions.o
 .debug_macro   0x000011a4       0x82 ./Project_Settings/Startup_Code/exceptions.o
 .debug_macro   0x00001226      0x97b ./Project_Settings/Startup_Code/exceptions.o
 .debug_macro   0x00001ba1       0x3a ./Project_Settings/Startup_Code/exceptions.o
 .debug_macro   0x00001bdb       0xcc ./Project_Settings/Startup_Code/exceptions.o
 .debug_macro   0x00001ca7       0x67 ./Project_Settings/Startup_Code/exceptions.o
 .debug_macro   0x00001d0e       0x94 ./Project_Settings/Startup_Code/exceptions.o
 .debug_macro   0x00001da2       0xc8 ./Project_Settings/Startup_Code/exceptions.o
 .debug_macro   0x00001e6a      0x11e ./Project_Settings/Startup_Code/exceptions.o
 .debug_macro   0x00001f88       0x52 ./Project_Settings/Startup_Code/exceptions.o
 .debug_macro   0x00001fda       0x16 ./Project_Settings/Startup_Code/exceptions.o
 .debug_macro   0x00001ff0       0x7c ./Project_Settings/Startup_Code/exceptions.o
 .debug_macro   0x0000206c      0x130 ./Project_Settings/Startup_Code/exceptions.o
 .debug_macro   0x0000219c       0x6a ./Project_Settings/Startup_Code/exceptions.o
 .debug_macro   0x00002206       0x58 ./Project_Settings/Startup_Code/exceptions.o
 .debug_macro   0x0000225e       0x57 ./Project_Settings/Startup_Code/exceptions.o
 .debug_macro   0x000022b5       0x50 ./Project_Settings/Startup_Code/exceptions.o
 .debug_macro   0x00002305       0x50 ./Project_Settings/Startup_Code/exceptions.o
 .debug_macro   0x00002355      0x382 ./Project_Settings/Startup_Code/nvic.o
 .debug_macro   0x000026d7     0x51db ./Project_Settings/Startup_Code/nvic.o
 .debug_macro   0x000078b2      0xd0a ./Project_Settings/Startup_Code/nvic.o
 .debug_macro   0x000085bc      0x180 ./Project_Settings/Startup_Code/nvic.o
 .debug_macro   0x0000873c       0xf8 ./Project_Settings/Startup_Code/nvic.o
 .debug_macro   0x00008834      0x370 ./Project_Settings/Startup_Code/nvic.o
 .debug_macro   0x00008ba4      0x159 ./Project_Settings/Startup_Code/nvic.o
 .debug_macro   0x00008cfd      0xd4e ./Project_Settings/Startup_Code/nvic.o
 .debug_macro   0x00009a4b     0x18c9 ./Project_Settings/Startup_Code/nvic.o
 .debug_macro   0x0000b314      0x2ea ./Project_Settings/Startup_Code/nvic.o